{"account_id":"GACFGMEV7A5H44O3K4EN6GRQ4SA543YJBZTKGNKPEMEQEAJFO4Q7ENG6","signer":"GACFGMEV7A5H44O3K4EN6GRQ4SA543YJBZTKGNKPEMEQEAJFO4Q7ENG6","sponsor":null,"weight":1}
{"account_id":"GAENIE5LBJIXLMJIAJ7225IUPA6CX7EGHUXRX5FLCZFFAQSG2ZUYSWFK","signer":"GDZVJ5SOZ33B6VURHME5VU7G5YB6MARP3YHB5F74RGM6AQQWM6Z4TM6I","sponsor":null,"weight":1}
{"account_id":"GAENIE5LBJIXLMJIAJ7225IUPA6CX7EGHUXRX5FLCZFFAQSG2ZUYSWFK","signer":"GAENIE5LBJIXLMJIAJ7225IUPA6CX7EGHUXRX5FLCZFFAQSG2ZUYSWFK","sponsor":null,"weight":1}
{"account_id":"GAENIE5LBJIXLMJIAJ7225IUPA6CX7EGHUXRX5FLCZFFAQSG2ZUYSWFK","signer":"GB7Z5DYKIAUJIGNRAGHV4P4A573W5ZDSYKJQ6HI5MKSEVIMBZNHFPHT7","sponsor":null,"weight":1}
{"account_id":"GAENIE5LBJIXLMJIAJ7225IUPA6CX7EGHUXRX5FLCZFFAQSG2ZUYSWFK","signer":"GC5PNDK5TVJHVLGHKWKL5T2TOWF3GLNK4CREKUAZBU6UPUR4QFFZRYQU","sponsor":null,"weight":1}
{"account_id":"GAENIE5LBJIXLMJIAJ7225IUPA6CX7EGHUXRX5FLCZFFAQSG2ZUYSWFK","signer":"GDBAEJXMQWCKKG76W4GSGLLQ7ZPBXI6HE2CJ7H26C4PYYHTSSNMOHF64","sponsor":null,"weight":1}
{"account_id":"GAOJIUNIQPBRLGX2PGFT3A3LXMQBZKM7UM7BMPACV36QPDKOOSIMLIIE","signer":"GAOJIUNIQPBRLGX2PGFT3A3LXMQBZKM7UM7BMPACV36QPDKOOSIMLIIE","sponsor":null,"weight":1}
{"account_id":"GAORN5O6AQUHW3F6ZVOTN67RAZSONRNKP7WOHZ4XBHDMRKKLBTFTSNC6","signer":"GAORN5O6AQUHW3F6ZVOTN67RAZSONRNKP7WOHZ4XBHDMRKKLBTFTSNC6","sponsor":null,"weight":1}
{"account_id":"GAS2FDJIROHCJDM43TKDOPDSCYMVPGMULGF42QR65FINKVXHNDJTJC6E","signer":"GAS2FDJIROHCJDM43TKDOPDSCYMVPGMULGF42QR65FINKVXHNDJTJC6E","sponsor":null,"weight":1}
{"account_id":"GATEMHCCKCY67ZUCKTROYN24ZYT5GK4EQZ65JJLDHKHRUZI3EUEKMTCH","signer":"GATEMHCCKCY67ZUCKTROYN24ZYT5GK4EQZ65JJLDHKHRUZI3EUEKMTCH","sponsor":null,"weight":1}
{"account_id":"GBCXF42Q26WFS2KJ5XDM5KGOWR5M4GHR3DBTFBJVRYKRUYJK4DBIH3RX","signer":"GBCXF42Q26WFS2KJ5XDM5KGOWR5M4GHR3DBTFBJVRYKRUYJK4DBIH3RX","sponsor":null,"weight":1}
{"account_id":"GBDOCABSLKZIVYCW643B2HNYLW3VFYBI3RNXDDT3B2FPWNQ2VAMU5ECZ","signer":"GBDOCABSLKZIVYCW643B2HNYLW3VFYBI3RNXDDT3B2FPWNQ2VAMU5ECZ","sponsor":null,"weight":1}
{"account_id":"GBEZOC5U4TVH7ZY5N3FLYHTCZSI6VFGTULG7PBITLF5ZEBPJXFT46YZM","signer":"GB7Z5DYKIAUJIGNRAGHV4P4A573W5ZDSYKJQ6HI5MKSEVIMBZNHFPHT7","sponsor":null,"weight":1}
{"account_id":"GBEZOC5U4TVH7ZY5N3FLYHTCZSI6VFGTULG7PBITLF5ZEBPJXFT46YZM","signer":"GBEZOC5U4TVH7ZY5N3FLYHTCZSI6VFGTULG7PBITLF5ZEBPJXFT46YZM","sponsor":null,"weight":1}
{"account_id":"GBEZOC5U4TVH7ZY5N3FLYHTCZSI6VFGTULG7PBITLF5ZEBPJXFT46YZM","signer":"GC5PNDK5TVJHVLGHKWKL5T2TOWF3GLNK4CREKUAZBU6UPUR4QFFZRYQU","sponsor":null,"weight":1}
{"account_id":"GBEZOC5U4TVH7ZY5N3FLYHTCZSI6VFGTULG7PBITLF5ZEBPJXFT46YZM","signer":"GDBAEJXMQWCKKG76W4GSGLLQ7ZPBXI6HE2CJ7H26C4PYYHTSSNMOHF64","sponsor":null,"weight":1}
{"account_id":"GBEZOC5U4TVH7ZY5N3FLYHTCZSI6VFGTULG7PBITLF5ZEBPJXFT46YZM","signer":"GDZVJ5SOZ33B6VURHME5VU7G5YB6MARP3YHB5F74RGM6AQQWM6Z4TM6I","sponsor":null,"weight":1}
{"account_id":"GBPO4N6XOLOLW2EV6X2AEQMLKOBH3WF2IJCZEQU65SVVSN4JD44WORKD","signer":"GBPO4N6XOLOLW2EV6X2AEQMLKOBH3WF2IJCZEQU65SVVSN4JD44WORKD","sponsor":null,"weight":1}
{"account_id":"GCJC2I4JIISE3T4ZCTKDLUPKMWGMILF47VTMT7PRJ6AYRFZATPXGZVIS","signer":"GCJC2I4JIISE3T4ZCTKDLUPKMWGMILF47VTMT7PRJ6AYRFZATPXGZVIS","sponsor":null,"weight":1}
{"account_id":"GDVXG2FMFFSUMMMBIUEMWPZAIU2FNCH7QNGJMWRXRD6K5FZK5KJS4DDR","signer":"GDVXG2FMFFSUMMMBIUEMWPZAIU2FNCH7QNGJMWRXRD6K5FZK5KJS4DDR","sponsor":null,"weight":1}
{"account_id":"GDW3CNKSP5AOTDQ2YCKNGC6L65CE4JDX3JS5BV427OB54HCF2J4PUEVG","signer":"GDW3CNKSP5AOTDQ2YCKNGC6L65CE4JDX3JS5BV427OB54HCF2J4PUEVG","sponsor":null,"weight":1}
