{"sequence":30822015,"ledger_hash":"a6b49d468a1ed1a9e40aa9f66e512b188b14800a4f012f6223970c89f35244d1","previous_ledger_hash":"2552cfc4f82dd6a0248f8d4ba8c70574e48f64cea0cb587b71fb248af028df09","ledger_header":"AAAADSVSz8T4LdagJI+NS6jHBXTkj2TOoMtYe3H7JIrwKN8Jx5LACNwYeOrCC6PLJf0Cbt7A13iayScWvAAbSbLr7PIAAAAAXx9tAAAAAAAAAAAApl2NTuOXVG5m16eJu+HJati8mqyNkz18uqgeVaJVxi3PCVRaM/M+g38ivkrSMc46FHr3ZDUX+HKkABvVwWR+TAHWTn8Ooh6z7HlbYQAAEIYjF/x5AAABFgAAAAAP18frAAAAZABMS0AAAAPoygSPaVwh6x1Yuqaf/sz62Z5e7XK3U2nhIAyKiZ2UCTxv0sACOy+vLW1E0sntAZSw2Zkl1VS81mNw4gq2BmdjFfxhq/5m96kt/s+OGPoXKQg5oqs4mty+vCYdIUP2QWt9eBTzHRcYFBKkzYgNmed535NYefx2iBzvXOUuhydcWEwAAAAA","transaction_count":46,"operation_count":159,"successful_transaction_count":46,"failed_transaction_count":11,"tx_set_operation_count":"175","closed_at":"2020-07-28T00:10:40Z","total_coins":1054439020873472865,"fee_pool":18168300436601,"base_fee":100,"base_reserve":5000000,"max_tx_set_size":1000,"protocol_version":13,"id":132379546421821440}
{"sequence":30822016,"ledger_hash":"b23ba966204586e64ae138649a45038a983b4a826cead4e87f71dbb7d9b73be7","previous_ledger_hash":"a6b49d468a1ed1a9e40aa9f66e512b188b14800a4f012f6223970c89f35244d1","ledger_header":"AAAADaa0nUaKHtGp5Aqp9m5RKxiLFIAKTwEvYiOXDInzUkTRuM/cyDVp8FqpHTZw5bBdQ1GgWs90gfIq6MiKcePSGfYAAAAAXx9tBgAAAAAAAAAAsMJbljHGw5xk941QecX/ulqkU9zOzqx3FLMcCLjlZvbNQi8YaFBE+/nJXhFubeb5a1IgKURn8DhAJTGDCY5omQHWToAOoh6z7HlbYQAAEIYjGFOVAAABFgAAAAAP18gwAAAAZABMS0AAAAPoygSPaVwh6x1Yuqaf/sz62Z5e7XK3U2nhIAyKiZ2UCTxv0sACOy+vLW1E0sntAZSw2Zkl1VS81mNw4gq2BmdjFfxhq/5m96kt/s+OGPoXKQg5oqs4mty+vCYdIUP2QWt9eBTzHRcYFBKkzYgNmed535NYefx2iBzvXOUuhydcWEwAAAAA","transaction_count":45,"operation_count":168,"successful_transaction_count":45,"failed_transaction_count":20,"tx_set_operation_count":"223","closed_at":"2020-07-28T00:10:46Z","total_coins":1054439020873472865,"fee_pool":18168300458901,"base_fee":100,"base_reserve":5000000,"max_tx_set_size":1000,"protocol_version":13,"id":132379550716788736}
{"sequence":30822017,"ledger_hash":"9584557b81c1cb7cdfa26f4cc7e1e722db868b1480d1bb252e1c00ec5cf25e8b","previous_ledger_hash":"b23ba966204586e64ae138649a45038a983b4a826cead4e87f71dbb7d9b73be7","ledger_header":"AAAADbI7qWYgRYbmSuE4ZJpFA4qYO0qCbOrU6H9x27fZtzvnvu5kmYG5LVtr4x/xDPB4esuDahwOBFaTmlWHsBMCH/AAAAAAXx9tCwAAAAAAAAAAGBJhHWO+yffoA1DEfdnEVLMb5zej5Mavn145ehfZ+dGXSLIzYGAg0wNlnFozYKdqdgcPtcHY9NW1TU4mRCKlnQHWToEOoh6z7HlbYQAAEIYjGLLlAAABFgAAAAAP18iCAAAAZABMS0AAAAPoygSPaVwh6x1Yuqaf/sz62Z5e7XK3U2nhIAyKiZ2UCTxv0sACOy+vLW1E0sntAZSw2Zkl1VS81mNw4gq2BmdjFfxhq/5m96kt/s+OGPoXKQg5oqs4mty+vCYdIUP2QWt9eBTzHRcYFBKkzYgNmed535NYefx2iBzvXOUuhydcWEwAAAAA","transaction_count":45,"operation_count":226,"successful_transaction_count":45,"failed_transaction_count":11,"tx_set_operation_count":"244","closed_at":"2020-07-28T00:10:51Z","total_coins":1054439020873472865,"fee_pool":18168300483301,"base_fee":100,"base_reserve":5000000,"max_tx_set_size":1000,"protocol_version":13,"id":132379555011756032}
{"sequence":30822018,"ledger_hash":"78ecc8f16352a215dcf9d09e55c97c15962cd866f6515d3e816f1f6246d08fa3","previous_ledger_hash":"9584557b81c1cb7cdfa26f4cc7e1e722db868b1480d1bb252e1c00ec5cf25e8b","ledger_header":"AAAADZWEVXuBwct836JvTMfh5yLbhosUgNG7JS4cAOxc8l6LE1b+5CHkOqFUZ+rn2kSkp1hYoRUOfj9EOiMntzYrZKQAAAAAXx9tEAAAAAAAAAAAcWBl80NtkLvn/W/oAEHIGR0fDyCzALbwKf9fyUlkrDNZ+1UTJ21DNv09MW/Uvi/4PwgH03SIJsARs57SyU//ygHWToIOoh6z7HlbYQAAEIYjGNAxAAABFgAAAAAP18iaAAAAZABMS0AAAAPoygSPaVwh6x1Yuqaf/sz62Z5e7XK3U2nhIAyKiZ2UCTxv0sACOy+vLW1E0sntAZSw2Zkl1VS81mNw4gq2BmdjFfxhq/5m96kt/s+OGPoXKQg5oqs4mty+vCYdIUP2QWt9eBTzHRcYFBKkzYgNmed535NYefx2iBzvXOUuhydcWEwAAAAA","transaction_count":19,"operation_count":67,"successful_transaction_count":19,"failed_transaction_count":8,"tx_set_operation_count":"75","closed_at":"2020-07-28T00:10:56Z","total_coins":1054439020873472865,"fee_pool":18168300490801,"base_fee":100,"base_reserve":5000000,"max_tx_set_size":1000,"protocol_version":13,"id":132379559306723328}
{"sequence":30822019,"ledger_hash":"d37967baa8cc1f16b060d6226eed38cca7042a7735078f14f4162571baf9209c","previous_ledger_hash":"78ecc8f16352a215dcf9d09e55c97c15962cd866f6515d3e816f1f6246d08fa3","ledger_header":"AAAADXjsyPFjUqIV3PnQnlXJfBWWLNhm9lFdPoFvH2JG0I+jx7QN54Dwp+7IkUMltI+RWYybKIGme8cM2WhcziMlZhMAAAAAXx9tFQAAAAAAAAAA4A6TjXaRzWwE2VMDD3fl6qz04FKVtUQmPDevxfWanB+7D+fY27Td/qzkcfAf7baCjCmgnRb7Wwg/DRKQMnk4PAHWToMOoh6z7HlbYQAAEIYjGST1AAABFgAAAAAP18jvAAAAZABMS0AAAAPoygSPaVwh6x1Yuqaf/sz62Z5e7XK3U2nhIAyKiZ2UCTxv0sACOy+vLW1E0sntAZSw2Zkl1VS81mNw4gq2BmdjFfxhq/5m96kt/s+OGPoXKQg5oqs4mty+vCYdIUP2QWt9eBTzHRcYFBKkzYgNmed535NYefx2iBzvXOUuhydcWEwAAAAA","transaction_count":67,"operation_count":207,"successful_transaction_count":67,"failed_transaction_count":10,"tx_set_operation_count":"217","closed_at":"2020-07-28T00:11:01Z","total_coins":1054439020873472865,"fee_pool":18168300512501,"base_fee":100,"base_reserve":5000000,"max_tx_set_size":1000,"protocol_version":13,"id":132379563601690624}
{"sequence":30822020,"ledger_hash":"26cc418fbaf142d57208437ee880216b864cfe7138044571242f4deaa6d724e1","previous_ledger_hash":"d37967baa8cc1f16b060d6226eed38cca7042a7735078f14f4162571baf9209c","ledger_header":"AAAADdN5Z7qozB8WsGDWIm7tOMynBCp3NQePFPQWJXG6+SCcTuVTB/1ep5eWOpxxxeUcpLODEigKbkglODuC4rRtWX4AAAAAXx9tGwAAAAAAAAAAULYE9Hrn31pLJgO1pC4HWb9ROJbLr14aHPk/SMDhub3DAPjLgnYX2072DEiEstSeB/wGaR0xqFuFdhMHuQXslAHWToQOoh6z7HlbYQAAEIYjGZGNAAABFgAAAAAP18leAAAAZABMS0AAAAPoygSPaVwh6x1Yuqaf/sz62Z5e7XK3U2nhIAyKiZ2UCTxv0sACOy+vLW1E0sntAZSw2Zkl1VS81mNw4gq2BmdjFfxhq/5m96kt/s+OGPoXKQg5oqs4mty+vCYdIUP2QWt9eBTzHRcYFBKkzYgNmed535NYefx2iBzvXOUuhydcWEwAAAAA","transaction_count":63,"operation_count":258,"successful_transaction_count":63,"failed_transaction_count":19,"tx_set_operation_count":"278","closed_at":"2020-07-28T00:11:07Z","total_coins":1054439020873472865,"fee_pool":18168300540301,"base_fee":100,"base_reserve":5000000,"max_tx_set_size":1000,"protocol_version":13,"id":132379567896657920}
{"sequence":30822021,"ledger_hash":"e372ea137468b726c78219d9f3e67bd6ceb8ac65bcb4272bc444cf135edd3dbb","previous_ledger_hash":"26cc418fbaf142d57208437ee880216b864cfe7138044571242f4deaa6d724e1","ledger_header":"AAAADSbMQY+68ULVcghDfuiAIWuGTP5xOARFcSQvTeqm1yThwCeER9xyg43HzhwXET/pSircKMWGAO4fEUsPqcHNxisAAAAAXx9tIAAAAAAAAAAAtpUoPTm6WdEXkgHUcGYc/wOeewvaOcKAzMJke6CkV5No9FXR3YvAPpoOdVfMWrLhd1qA3V/KXRObg7J8QQ9jZAHWToUOoh6z7HlbYQAAEIYjGdMtAAABFgAAAAAP18mdAAAAZABMS0AAAAPoygSPaVwh6x1Yuqaf/sz62Z5e7XK3U2nhIAyKiZ2UCTxv0sACOy+vLW1E0sntAZSw2Zkl1VS81mNw4gq2BmdjFfxhq/5m96kt/s+OGPoXKQg5oqs4mty+vCYdIUP2QWt9eBTzHRcYFBKkzYgNmed535NYefx2iBzvXOUuhydcWEwAAAAA","transaction_count":45,"operation_count":152,"successful_transaction_count":45,"failed_transaction_count":14,"tx_set_operation_count":"168","closed_at":"2020-07-28T00:11:12Z","total_coins":1054439020873472865,"fee_pool":18168300557101,"base_fee":100,"base_reserve":5000000,"max_tx_set_size":1000,"protocol_version":13,"id":132379572191625216}
{"sequence":30822022,"ledger_hash":"09413f6ce46ae9fe51e8056772a6d0961c625f65e4b1faf71fe70179bc32cae5","previous_ledger_hash":"e372ea137468b726c78219d9f3e67bd6ceb8ac65bcb4272bc444cf135edd3dbb","ledger_header":"AAAADeNy6hN0aLcmx4IZ2fPme9bOuKxlvLQnK8REzxNe3T27StmA4wKl7IDGTjRHrBcdHxWKawY9Vkd5U/XaErNxdkAAAAAAXx9tJQAAAAAAAAAAMqf5HhSDPswufJjhKee/kyobvG/K/lT1ixj8X02DvsfnTlNCWB2PMejaCYRdLEOq2LnY3Ipi6PIHm3surO8EYgHWToYOoh6z7HlbYQAAEIYjGihVAAABFgAAAAAP18n4AAAAZABMS0AAAAPoygSPaVwh6x1Yuqaf/sz62Z5e7XK3U2nhIAyKiZ2UCTxv0sACOy+vLW1E0sntAZSw2Zkl1VS81mNw4gq2BmdjFfxhq/5m96kt/s+OGPoXKQg5oqs4mty+vCYdIUP2QWt9eBTzHRcYFBKkzYgNmed535NYefx2iBzvXOUuhydcWEwAAAAA","transaction_count":50,"operation_count":207,"successful_transaction_count":50,"failed_transaction_count":11,"tx_set_operation_count":"218","closed_at":"2020-07-28T00:11:17Z","total_coins":1054439020873472865,"fee_pool":18168300578901,"base_fee":100,"base_reserve":5000000,"max_tx_set_size":1000,"protocol_version":13,"id":132379576486592512}
{"sequence":30822023,"ledger_hash":"2236fdb34e9420e4a3231153bbab9dc947811f49ab9f610f6609429662f74968","previous_ledger_hash":"09413f6ce46ae9fe51e8056772a6d0961c625f65e4b1faf71fe70179bc32cae5","ledger_header":"AAAADQlBP2zkaun+UegFZ3Km0JYcYl9l5LH69x/nAXm8MsrlQ0pmMEbIyqW04Idc7a7tLoOUkGUd9vKHCvSkOWIOg+gAAAAAXx9tLAAAAAAAAAAAK1KaWbFqUDI8UKIzzcT5osIgq9saCq+nj3/zTHd6ow4lry6HyAAVmBNsOHVljtGeYCLNktU3JIw6XDWhoZxw3gHWTocOoh6z7HlbYQAAEIYjGnCZAAABFgAAAAAP18o8AAAAZABMS0AAAAPoygSPaVwh6x1Yuqaf/sz62Z5e7XK3U2nhIAyKiZ2UCTxv0sACOy+vLW1E0sntAZSw2Zkl1VS81mNw4gq2BmdjFfxhq/5m96kt/s+OGPoXKQg5oqs4mty+vCYdIUP2QWt9eBTzHRcYFBKkzYgNmed535NYefx2iBzvXOUuhydcWEwAAAAA","transaction_count":47,"operation_count":170,"successful_transaction_count":47,"failed_transaction_count":15,"tx_set_operation_count":"185","closed_at":"2020-07-28T00:11:24Z","total_coins":1054439020873472865,"fee_pool":18168300597401,"base_fee":100,"base_reserve":5000000,"max_tx_set_size":1000,"protocol_version":13,"id":132379580781559808}
{"sequence":30822024,"ledger_hash":"bb856e20e54bece2007d8f7abc78d34bdf051be5a9a997271248d467d9c2de79","previous_ledger_hash":"2236fdb34e9420e4a3231153bbab9dc947811f49ab9f610f6609429662f74968","ledger_header":"AAAADSI2/bNOlCDkoyMRU7urnclHgR9Jq59hD2YJQpZi90lo5CQVFI2+SW1yTualH7AnTke90/R0+miH3fSmlLa9ivYAAAAAXx9tMQAAAAAAAAAASi5WQnbFy3oGOAOz6u2CI1nOwcG1g/1y3S9UEfrpian9tWDoCHp6Mlk4EjE7GQ94JZAc4AQ8YZ+UELH/dzKLOwHWTogOoh6z7HlbYQAAEIYjGqoFAAABFgAAAAAP18pzAAAAZABMS0AAAAPoygSPaVwh6x1Yuqaf/sz62Z5e7XK3U2nhIAyKiZ2UCTxv0sACOy+vLW1E0sntAZSw2Zkl1VS81mNw4gq2BmdjFfxhq/5m96kt/s+OGPoXKQg5oqs4mty+vCYdIUP2QWt9eBTzHRcYFBKkzYgNmed535NYefx2iBzvXOUuhydcWEwAAAAA","transaction_count":39,"operation_count":131,"successful_transaction_count":39,"failed_transaction_count":16,"tx_set_operation_count":"147","closed_at":"2020-07-28T00:11:29Z","total_coins":1054439020873472865,"fee_pool":18168300612101,"base_fee":100,"base_reserve":5000000,"max_tx_set_size":1000,"protocol_version":13,"id":132379585076527104}
{"sequence":30822025,"ledger_hash":"d23c500ffaa2e40b5f721a842398c5b4b0e5d527d5f5cce0994459851938cc32","previous_ledger_hash":"bb856e20e54bece2007d8f7abc78d34bdf051be5a9a997271248d467d9c2de79","ledger_header":"AAAADbuFbiDlS+ziAH2Perx400vfBRvlqamXJxJI1GfZwt55hRsqixZWrVPntX5nWWpF7Euwm88m8lX9FqmerJWxhVsAAAAAXx9tNgAAAAAAAAAAIji5nWSBmnD6LHC00ShHwb6yPhPdkj9DUg9nem1y+5j+ssKwaSLq1srGIijLY40I9Is7LXFq7cjEvj6yuG84UgHWTokOoh6z7HlbYQAAEIYjGuaRAAABFgAAAAAP18qzAAAAZABMS0AAAAPoygSPaVwh6x1Yuqaf/sz62Z5e7XK3U2nhIAyKiZ2UCTxv0sACOy+vLW1E0sntAZSw2Zkl1VS81mNw4gq2BmdjFfxhq/5m96kt/s+OGPoXKQg5oqs4mty+vCYdIUP2QWt9eBTzHRcYFBKkzYgNmed535NYefx2iBzvXOUuhydcWEwAAAAA","transaction_count":41,"operation_count":147,"successful_transaction_count":41,"failed_transaction_count":8,"tx_set_operation_count":"155","closed_at":"2020-07-28T00:11:34Z","total_coins":1054439020873472865,"fee_pool":18168300627601,"base_fee":100,"base_reserve":5000000,"max_tx_set_size":1000,"protocol_version":13,"id":132379589371494400}
