{"seller_id":"GBPO4N6XOLOLW2EV6X2AEQMLKOBH3WF2IJCZEQU65SVVSN4JD44WORKD","offer_id":2,"selling_asset":"AAAAAUNIUAAAAAAA7bE1Un9A6Y4awJTTC8v3RE4kd9pl0Nea+4PeHEXSePo=","buying_asset":"AAAAAUJFRVIAAAAA7bE1Un9A6Y4awJTTC8v3RE4kd9pl0Nea+4PeHEXSePo=","amount":20000000,"pricen":1903,"priced":20,"price":95.15,"flags":0,"last_modified_ledger":26287,"deleted":false}
{"seller_id":"GDVXG2FMFFSUMMMBIUEMWPZAIU2FNCH7QNGJMWRXRD6K5FZK5KJS4DDR","offer_id":1,"selling_asset":"AAAAAUJFRVIAAAAA7bE1Un9A6Y4awJTTC8v3RE4kd9pl0Nea+4PeHEXSePo=","buying_asset":"AAAAAUNIUAAAAAAA7bE1Un9A6Y4awJTTC8v3RE4kd9pl0Nea+4PeHEXSePo=","amount":10000123,"pricen":100,"priced":1,"price":100,"flags":0,"last_modified_ledger":25965,"deleted":false}
