{"asset_code":"PURPLE","asset_issuer":"GBT4VVTDPCNA45MNWX5G6LUTLIEENSTUHDVXO2AQHAZ24KUZUPLPGJZH","asset_type":"credit_alphanum12","id":7923391166356126889}
{"asset_code":"SEC","asset_issuer":"GCCRPBABE7XRQX7STAXA55O5ASFL6TTLNCJDCNETEJQWI7M2A47ZOXEN","asset_type":"credit_alphanum4","id":14235214967091848360}
{"asset_code":"SEC","asset_issuer":"GBQJED7K2QTXHC5XD2YEAPDQRVFU3H3SB5NV5GIJVGSJ3GSQFNWLGSST","asset_type":"credit_alphanum4","id":1400425235110800722}
{"asset_code":"ATMYR","asset_issuer":"GBT4VVTDPCNA45MNWX5G6LUTLIEENSTUHDVXO2AQHAZ24KUZUPLPGJZH","asset_type":"credit_alphanum12","id":58804153101379832}
{"asset_code":"SEC","asset_issuer":"GAY6SCZFSSVASCIAOJZABWBMZJ3SJMHHAOH2AG4ULVNHHEH6QC2GL2EK","asset_type":"credit_alphanum4","id":13372818519512139142}
{"asset_code":"SEC","asset_issuer":"GAWJHRXLZSF3RE7KUV7VJCAABYO3PLGMTL2SE4F72OA5RP5SHYB23W2K","asset_type":"credit_alphanum4","id":14926265124200057460}
