{"asset_code":"PURPLE","asset_issuer":"GBT4VVTDPCNA45MNWX5G6LUTLIEENSTUHDVXO2AQHAZ24KUZUPLPGJZH","asset_type":"credit_alphanum12","id":7923391166356126889}
{"asset_code":"SEC","asset_issuer":"GCCRPBABE7XRQX7STAXA55O5ASFL6TTLNCJDCNETEJQWI7M2A47ZOXEN","asset_type":"credit_alphanum4","id":14235214967091848360}
{"asset_code":"SEC","asset_issuer":"GBQJED7K2QTXHC5XD2YEAPDQRVFU3H3SB5NV5GIJVGSJ3GSQFNWLGSST","asset_type":"credit_alphanum4","id":1400425235110800722}
