{"asset_code":"","asset_id":-5706705804583548011,"asset_issuer":"","asset_type":"native","closed_at":"2020-07-27T21:12:51Z","ledger_sequence":30820015}
{"asset_code":"BTC","asset_id":-2979674430763574587,"asset_issuer":"GBVOL67TMUQBGL4TZYNMY3ZQ5WGQYFPFD5VJRWXR72VA33VFNL225PL5","asset_type":"credit_alphanum4","closed_at":"2020-07-27T21:12:51Z","ledger_sequence":30820015}
{"asset_code":"CENTUS","asset_id":-7588046193393700331,"asset_issuer":"GAKMVPHBET4T7DPN32ODVSI4AA3YEZX2GHGNNSBGFNRQ6QEVKFO4MNDZ","asset_type":"credit_alphanum12","closed_at":"2020-07-27T21:12:51Z","ledger_sequence":30820015}
{"asset_code":"TERN","asset_id":4605933804461253428,"asset_issuer":"GDGQDVO6XPFSY4NMX75A7AOVYCF5JYGW2SHCJJNWCQWIDGOZB53DGP6C","asset_type":"credit_alphanum4","closed_at":"2020-07-27T21:12:51Z","ledger_sequence":30820015}
{"asset_code":"BTC","asset_id":3070077514848562465,"asset_issuer":"GAUTUYY2THLF7SGITDFMXJVYH3LHDSMGEAKSBU267M2K7A3W543CKUEF","asset_type":"credit_alphanum4","closed_at":"2020-07-27T21:12:51Z","ledger_sequence":30820015}
{"asset_code":"GOLD","asset_id":-4528204790173023848,"asset_issuer":"GAJSVHNJ7WNU3M2URGC76NJLL6FDEC5Z2DUJZO24J6MVWLZGE6XIV4PF","asset_type":"credit_alphanum4","closed_at":"2020-07-27T21:12:51Z","ledger_sequence":30820015}
{"asset_code":"SLT","asset_id":2196936418533830837,"asset_issuer":"GCKA6K5PCQ6PNF5RQBF7PQDJWRHO6UOGFMRLK3DYHDOI244V47XKQ4GP","asset_type":"credit_alphanum4","closed_at":"2020-07-27T21:12:51Z","ledger_sequence":30820015}
{"asset_code":"USDT","asset_id":-1414624135570798315,"asset_issuer":"GCQTGZQQ5G4PTM2GL7CDIFKUBIPEC52BROAQIAPW53XBRJVN6ZJVTG6V","asset_type":"credit_alphanum4","closed_at":"2020-07-27T21:12:51Z","ledger_sequence":30820015}
{"asset_code":"FTSE","asset_id":-3892678788823605944,"asset_issuer":"GBRDHSZL4ZKOI2PTUMM53N3NICZXC5OX3KPCD4WD4NG4XGCBC2ZA3KAG","asset_type":"credit_alphanum4","closed_at":"2020-07-27T21:12:51Z","ledger_sequence":30820015}
{"asset_code":"TREEP","asset_id":-6631270795602234013,"asset_issuer":"GAVBWV24PZ6POVQGQO5UEWGO3TO7ERYXRFFI6V5VH3BMTPDZOHVOFA3G","asset_type":"credit_alphanum12","closed_at":"2020-07-27T21:12:51Z","ledger_sequence":30820015}
{"asset_code":"ETH","asset_id":-1263439084570834758,"asset_issuer":"GBETHKBL5TCUTQ3JPDIYOZ5RDARTMHMEKIO2QZQ7IOZ4YC5XV3C2IKYU","asset_type":"credit_alphanum4","closed_at":"2020-07-27T21:12:51Z","ledger_sequence":30820015}
{"asset_code":"ETH","asset_id":-230491838877620846,"asset_issuer":"GBVOL67TMUQBGL4TZYNMY3ZQ5WGQYFPFD5VJRWXR72VA33VFNL225PL5","asset_type":"credit_alphanum4","closed_at":"2020-07-27T21:12:51Z","ledger_sequence":30820015}
{"asset_code":"BRL","asset_id":-1545228899966542584,"asset_issuer":"GDVKY2GU2DRXWTBEYJJWSFXIGBZV6AZNBVVSUHEPZI54LIS6BA7DVVSP","asset_type":"credit_alphanum4","closed_at":"2020-07-27T21:12:51Z","ledger_sequence":30820015}
{"asset_code":"MOBI","asset_id":1840363765008335035,"asset_issuer":"GA6HCMBLTZS5VYYBCATRBRZ3BZJMAFUDKYYF6AH6MVCMGWMRDNSWJPIH","asset_type":"credit_alphanum4","closed_at":"2020-07-27T21:12:51Z","ledger_sequence":30820015}
{"asset_code":"LAX","asset_id":3714635468612961543,"asset_issuer":"GAZZB5KPOWEWK4C5S5H5B6YPR2EQMUIJEFFBNQ6MWYYAG7DOEELBOHLW","asset_type":"credit_alphanum4","closed_at":"2020-07-27T21:12:51Z","ledger_sequence":30820015}
{"asset_code":"PAR","asset_id":-8320572527185980835,"asset_issuer":"GDYG7OEXT7GO2WOYJKRFMYK6PXQTPFRKO4JSNRRZWE4JM2V6QWQR2QZD","asset_type":"credit_alphanum4","closed_at":"2020-07-27T21:12:51Z","ledger_sequence":30820015}
