{"details":{"amount":"0.0000000","asset_type":"native","destination_min":"950.0000000","from":"GDFPMBKWRMKYUILTDPMXCF7J74AUWSW4MS5UNJWQ33BCQT54QVFJK36U","path":[{"asset_code":"USDC","asset_issuer":"GAEB3HSAWRVILER6T5NMX5VAPTK4PPO2BAL37HR2EOUIK567GJFEO437","asset_type":"credit_alphanum4"}],"source_amount":1000,"source_asset_type":"native","to":"GDFPMBKWRMKYUILTDPMXCF7J74AUWSW4MS5UNJWQ33BCQT54QVFJK36U"},"id":4097,"source_account":"GDFPMBKWRMKYUILTDPMXCF7J74AUWSW4MS5UNJWQ33BCQT54QVFJK36U","transaction_id":4096,"type":13,"type_string":"path_payment_strict_send"}
{"details":{"amount":"0.0000000","asset_type":"native","destination_min":"950.0000000","from":"GDFPMBKWRMKYUILTDPMXCF7J74AUWSW4MS5UNJWQ33BCQT54QVFJK36U","path":[{"asset_code":"ETH","asset_issuer":"GATPY6X6OYTXKNRKVP6LEMUUQKFDUW5P7HL4XI3KWRCY52RAWYJ5FLMC","asset_type":"credit_alphanum4"}],"source_amount":1000,"source_asset_type":"native","to":"GDFPMBKWRMKYUILTDPMXCF7J74AUWSW4MS5UNJWQ33BCQT54QVFJK36U"},"id":4098,"source_account":"GDFPMBKWRMKYUILTDPMXCF7J74AUWSW4MS5UNJWQ33BCQT54QVFJK36U","transaction_id":4096,"type":13,"type_string":"path_payment_strict_send"}
{"details":{"amount":"0.0000000","asset_type":"native","destination_min":"950.0000000","from":"GDFPMBKWRMKYUILTDPMXCF7J74AUWSW4MS5UNJWQ33BCQT54QVFJK36U","path":[{"asset_code":"YBX","asset_issuer":"GCIWMQHPST7LQ7V4LHAF2UP6ZSDCFRYYP7IM4BBAFSBZMVTR3BB4OQZ5","asset_type":"credit_alphanum4"}],"source_amount":1000,"source_asset_type":"native","to":"GDFPMBKWRMKYUILTDPMXCF7J74AUWSW4MS5UNJWQ33BCQT54QVFJK36U"},"id":4099,"source_account":"GDFPMBKWRMKYUILTDPMXCF7J74AUWSW4MS5UNJWQ33BCQT54QVFJK36U","transaction_id":4096,"type":13,"type_string":"path_payment_strict_send"}
{"details":{"set_flags":[1,2,8],"set_flags_s":["auth_required","auth_revocable","auth_clawback_enabled"]},"id":8193,"source_account":"GCCRPBABE7XRQX7STAXA55O5ASFL6TTLNCJDCNETEJQWI7M2A47ZOXEN","transaction_id":8192,"type":5,"type_string":"set_options"}
{"details":{"amount":1,"asset_code":"PURPLE","asset_issuer":"GBT4VVTDPCNA45MNWX5G6LUTLIEENSTUHDVXO2AQHAZ24KUZUPLPGJZH","asset_type":"credit_alphanum12","from":"GAY6WQIDTCYCDTEWAQSWX2RE6ZSASC2DEKEUYITOJFXMTSJVSAJTDSYD","to":"GBSE6UPFAJ3V4DWGPNESFOG62VEWJH2QYPPU4OCUHK7BRFHTX2BU3YGN"},"id":12289,"source_account":"GAY6WQIDTCYCDTEWAQSWX2RE6ZSASC2DEKEUYITOJFXMTSJVSAJTDSYD","transaction_id":12288,"type":1,"type_string":"payment"}
{"details":{"account":"GBQJED7K2QTXHC5XD2YEAPDQRVFU3H3SB5NV5GIJVGSJ3GSQFNWLGSST","funder":"GA6F6I2R4CQ4MMZMTZDQEJ7OFPEAHZMF4U2XOBWMNYIKDXPRERDISI6R","starting_balance":5},"id":16385,"source_account":"GA6F6I2R4CQ4MMZMTZDQEJ7OFPEAHZMF4U2XOBWMNYIKDXPRERDISI6R","transaction_id":16384,"type":0,"type_string":"create_account"}
{"details":{"amount":10,"asset_code":"PURPLE","asset_issuer":"GBT4VVTDPCNA45MNWX5G6LUTLIEENSTUHDVXO2AQHAZ24KUZUPLPGJZH","asset_type":"credit_alphanum12","from":"GAY6WQIDTCYCDTEWAQSWX2RE6ZSASC2DEKEUYITOJFXMTSJVSAJTDSYD","to":"GBSE6UPFAJ3V4DWGPNESFOG62VEWJH2QYPPU4OCUHK7BRFHTX2BU3YGN"},"id":4294971393,"source_account":"GAY6WQIDTCYCDTEWAQSWX2RE6ZSASC2DEKEUYITOJFXMTSJVSAJTDSYD","transaction_id":4294971392,"type":1,"type_string":"payment"}
{"details":{"asset_code":"SEC","asset_issuer":"GCCRPBABE7XRQX7STAXA55O5ASFL6TTLNCJDCNETEJQWI7M2A47ZOXEN","asset_type":"credit_alphanum4","limit":5000000000,"trustee":"GCCRPBABE7XRQX7STAXA55O5ASFL6TTLNCJDCNETEJQWI7M2A47ZOXEN","trustor":"GDAKBAOBFB5UPID3PZRG24U3SBOC52ODB7N4R7MO7RLYT3XSDMSJUFFG"},"id":4294975489,"source_account":"GDAKBAOBFB5UPID3PZRG24U3SBOC52ODB7N4R7MO7RLYT3XSDMSJUFFG","transaction_id":4294975488,"type":6,"type_string":"change_trust"}
{"details":{"set_flags":[1,2,8],"set_flags_s":["auth_required","auth_revocable","auth_clawback_enabled"]},"id":4294979585,"source_account":"GBQJED7K2QTXHC5XD2YEAPDQRVFU3H3SB5NV5GIJVGSJ3GSQFNWLGSST","transaction_id":4294979584,"type":5,"type_string":"set_options"}
{"details":{"asset_code":"SEC","asset_issuer":"GBQJED7K2QTXHC5XD2YEAPDQRVFU3H3SB5NV5GIJVGSJ3GSQFNWLGSST","asset_type":"credit_alphanum4","limit":5000000000,"trustee":"GBQJED7K2QTXHC5XD2YEAPDQRVFU3H3SB5NV5GIJVGSJ3GSQFNWLGSST","trustor":"GA6F6I2R4CQ4MMZMTZDQEJ7OFPEAHZMF4U2XOBWMNYIKDXPRERDISI6R"},"id":8589938689,"source_account":"GA6F6I2R4CQ4MMZMTZDQEJ7OFPEAHZMF4U2XOBWMNYIKDXPRERDISI6R","transaction_id":8589938688,"type":6,"type_string":"change_trust"}
{"details":{"asset_code":"SEC","asset_issuer":"GCCRPBABE7XRQX7STAXA55O5ASFL6TTLNCJDCNETEJQWI7M2A47ZOXEN","asset_type":"credit_alphanum4","authorize":true,"trustee":"GCCRPBABE7XRQX7STAXA55O5ASFL6TTLNCJDCNETEJQWI7M2A47ZOXEN","trustor":"GDAKBAOBFB5UPID3PZRG24U3SBOC52ODB7N4R7MO7RLYT3XSDMSJUFFG"},"id":8589942785,"source_account":"GCCRPBABE7XRQX7STAXA55O5ASFL6TTLNCJDCNETEJQWI7M2A47ZOXEN","transaction_id":8589942784,"type":7,"type_string":"allow_trust"}
{"details":{"amount":100,"asset_code":"SEC","asset_issuer":"GCCRPBABE7XRQX7STAXA55O5ASFL6TTLNCJDCNETEJQWI7M2A47ZOXEN","asset_type":"credit_alphanum4","from":"GCCRPBABE7XRQX7STAXA55O5ASFL6TTLNCJDCNETEJQWI7M2A47ZOXEN","to":"GDAKBAOBFB5UPID3PZRG24U3SBOC52ODB7N4R7MO7RLYT3XSDMSJUFFG"},"id":8589942786,"source_account":"GCCRPBABE7XRQX7STAXA55O5ASFL6TTLNCJDCNETEJQWI7M2A47ZOXEN","transaction_id":8589942784,"type":1,"type_string":"payment"}
{"details":{"asset_code":"SEC","asset_issuer":"GCCRPBABE7XRQX7STAXA55O5ASFL6TTLNCJDCNETEJQWI7M2A47ZOXEN","asset_type":"credit_alphanum4","authorize":false,"authorize_to_maintain_liabilities":true,"trustee":"GCCRPBABE7XRQX7STAXA55O5ASFL6TTLNCJDCNETEJQWI7M2A47ZOXEN","trustor":"GDAKBAOBFB5UPID3PZRG24U3SBOC52ODB7N4R7MO7RLYT3XSDMSJUFFG"},"id":8589942787,"source_account":"GCCRPBABE7XRQX7STAXA55O5ASFL6TTLNCJDCNETEJQWI7M2A47ZOXEN","transaction_id":8589942784,"type":7,"type_string":"allow_trust"}
{"details":{"amount":1,"asset_code":"PURPLE","asset_issuer":"GBT4VVTDPCNA45MNWX5G6LUTLIEENSTUHDVXO2AQHAZ24KUZUPLPGJZH","asset_type":"credit_alphanum12","from":"GAY6WQIDTCYCDTEWAQSWX2RE6ZSASC2DEKEUYITOJFXMTSJVSAJTDSYD","to":"GBSE6UPFAJ3V4DWGPNESFOG62VEWJH2QYPPU4OCUHK7BRFHTX2BU3YGN"},"id":8589946881,"source_account":"GAY6WQIDTCYCDTEWAQSWX2RE6ZSASC2DEKEUYITOJFXMTSJVSAJTDSYD","transaction_id":8589946880,"type":1,"type_string":"payment"}
{"details":{"amount":"0.0000000","asset_code":"USDC","asset_issuer":"GAEB3HSAWRVILER6T5NMX5VAPTK4PPO2BAL37HR2EOUIK567GJFEO437","asset_type":"credit_alphanum4","destination_min":"0.0010000","from":"GDFPMBKWRMKYUILTDPMXCF7J74AUWSW4MS5UNJWQ33BCQT54QVFJK36U","path":null,"source_amount":35764.6670235,"source_asset_type":"native","to":"GDFPMBKWRMKYUILTDPMXCF7J74AUWSW4MS5UNJWQ33BCQT54QVFJK36U"},"id":8589950977,"source_account":"GDFPMBKWRMKYUILTDPMXCF7J74AUWSW4MS5UNJWQ33BCQT54QVFJK36U","transaction_id":8589950976,"type":13,"type_string":"path_payment_strict_send"}
{"details":{"amount":"0.0000000","asset_code":"ETH","asset_issuer":"GATPY6X6OYTXKNRKVP6LEMUUQKFDUW5P7HL4XI3KWRCY52RAWYJ5FLMC","asset_type":"credit_alphanum4","destination_min":"0.0010000","from":"GDFPMBKWRMKYUILTDPMXCF7J74AUWSW4MS5UNJWQ33BCQT54QVFJK36U","path":null,"source_amount":2330.0875036,"source_asset_type":"native","to":"GDFPMBKWRMKYUILTDPMXCF7J74AUWSW4MS5UNJWQ33BCQT54QVFJK36U"},"id":8589950978,"source_account":"GDFPMBKWRMKYUILTDPMXCF7J74AUWSW4MS5UNJWQ33BCQT54QVFJK36U","transaction_id":8589950976,"type":13,"type_string":"path_payment_strict_send"}
{"details":{"account":"GDDGKWN4T6FH5XAAEJ4QNP2BT6BAV7X6LNGBJHRIPIZSH6UKVNAG2R66","funder":"GAG6HDSMY6GUHNE6WOLDHCZQEWWTDRUXNSP7NB6Y3YCXYMMXXNBZ5SIG","starting_balance":50},"id":12884905985,"source_account":"GAG6HDSMY6GUHNE6WOLDHCZQEWWTDRUXNSP7NB6Y3YCXYMMXXNBZ5SIG","transaction_id":12884905984,"type":0,"type_string":"create_account"}
{"details":{"asset_code":"SEC","asset_issuer":"GBQJED7K2QTXHC5XD2YEAPDQRVFU3H3SB5NV5GIJVGSJ3GSQFNWLGSST","asset_type":"credit_alphanum4","authorize":true,"trustee":"GBQJED7K2QTXHC5XD2YEAPDQRVFU3H3SB5NV5GIJVGSJ3GSQFNWLGSST","trustor":"GA6F6I2R4CQ4MMZMTZDQEJ7OFPEAHZMF4U2XOBWMNYIKDXPRERDISI6R"},"id":12884910081,"source_account":"GBQJED7K2QTXHC5XD2YEAPDQRVFU3H3SB5NV5GIJVGSJ3GSQFNWLGSST","transaction_id":12884910080,"type":7,"type_string":"allow_trust"}
{"details":{"amount":100,"asset_code":"SEC","asset_issuer":"GBQJED7K2QTXHC5XD2YEAPDQRVFU3H3SB5NV5GIJVGSJ3GSQFNWLGSST","asset_type":"credit_alphanum4","from":"GBQJED7K2QTXHC5XD2YEAPDQRVFU3H3SB5NV5GIJVGSJ3GSQFNWLGSST","to":"GA6F6I2R4CQ4MMZMTZDQEJ7OFPEAHZMF4U2XOBWMNYIKDXPRERDISI6R"},"id":12884910082,"source_account":"GBQJED7K2QTXHC5XD2YEAPDQRVFU3H3SB5NV5GIJVGSJ3GSQFNWLGSST","transaction_id":12884910080,"type":1,"type_string":"payment"}
{"details":{"asset_code":"SEC","asset_issuer":"GBQJED7K2QTXHC5XD2YEAPDQRVFU3H3SB5NV5GIJVGSJ3GSQFNWLGSST","asset_type":"credit_alphanum4","authorize":false,"authorize_to_maintain_liabilities":true,"trustee":"GBQJED7K2QTXHC5XD2YEAPDQRVFU3H3SB5NV5GIJVGSJ3GSQFNWLGSST","trustor":"GA6F6I2R4CQ4MMZMTZDQEJ7OFPEAHZMF4U2XOBWMNYIKDXPRERDISI6R"},"id":12884910083,"source_account":"GBQJED7K2QTXHC5XD2YEAPDQRVFU3H3SB5NV5GIJVGSJ3GSQFNWLGSST","transaction_id":12884910080,"type":7,"type_string":"allow_trust"}
{"details":{"amount":41,"asset_code":"ATMYR","asset_issuer":"GBT4VVTDPCNA45MNWX5G6LUTLIEENSTUHDVXO2AQHAZ24KUZUPLPGJZH","asset_type":"credit_alphanum12","from":"GCFJN22UG6IZHXKDVAJWAVEQ3NERGCRCURR2FHARNRBNLYFEQZGML4PW","to":"GDUT3U3X5RID2KKXBF7GGANYH4UT3RUT4Y5KLLGHTAIOJT67UZUNQ4Y2"},"id":12884914177,"source_account":"GCFJN22UG6IZHXKDVAJWAVEQ3NERGCRCURR2FHARNRBNLYFEQZGML4PW","transaction_id":12884914176,"type":1,"type_string":"payment"}
{"details":{"amount":5.5,"asset_code":"PURPLE","asset_issuer":"GBT4VVTDPCNA45MNWX5G6LUTLIEENSTUHDVXO2AQHAZ24KUZUPLPGJZH","asset_type":"credit_alphanum12","from":"GAY6WQIDTCYCDTEWAQSWX2RE6ZSASC2DEKEUYITOJFXMTSJVSAJTDSYD","to":"GBSE6UPFAJ3V4DWGPNESFOG62VEWJH2QYPPU4OCUHK7BRFHTX2BU3YGN"},"id":12884918273,"source_account":"GAY6WQIDTCYCDTEWAQSWX2RE6ZSASC2DEKEUYITOJFXMTSJVSAJTDSYD","transaction_id":12884918272,"type":1,"type_string":"payment"}
{"details":{"amount":41,"asset_code":"ATMYR","asset_issuer":"GBT4VVTDPCNA45MNWX5G6LUTLIEENSTUHDVXO2AQHAZ24KUZUPLPGJZH","asset_type":"credit_alphanum12","from":"GCFJN22UG6IZHXKDVAJWAVEQ3NERGCRCURR2FHARNRBNLYFEQZGML4PW","to":"GDUT3U3X5RID2KKXBF7GGANYH4UT3RUT4Y5KLLGHTAIOJT67UZUNQ4Y2"},"id":17179873281,"source_account":"GCFJN22UG6IZHXKDVAJWAVEQ3NERGCRCURR2FHARNRBNLYFEQZGML4PW","transaction_id":17179873280,"type":1,"type_string":"payment"}
{"details":{"account":"GB7TVMUF3VZUYCTFUBJ2SFNQV5PX5PW54LNOXEKL72TMSSIGRDRKRNBS","funder":"GD7MH6ZWHZZWCGTXNPBRCK4TJMCMNEETUR32JOULYDZDWGUAWYFSZDZY","starting_balance":50},"id":17179877377,"source_account":"GD7MH6ZWHZZWCGTXNPBRCK4TJMCMNEETUR32JOULYDZDWGUAWYFSZDZY","transaction_id":17179877376,"type":0,"type_string":"create_account"}
{"details":{"amount":3.5,"asset_code":"PURPLE","asset_issuer":"GBT4VVTDPCNA45MNWX5G6LUTLIEENSTUHDVXO2AQHAZ24KUZUPLPGJZH","asset_type":"credit_alphanum12","from":"GAY6WQIDTCYCDTEWAQSWX2RE6ZSASC2DEKEUYITOJFXMTSJVSAJTDSYD","to":"GBSE6UPFAJ3V4DWGPNESFOG62VEWJH2QYPPU4OCUHK7BRFHTX2BU3YGN"},"id":17179881473,"source_account":"GAY6WQIDTCYCDTEWAQSWX2RE6ZSASC2DEKEUYITOJFXMTSJVSAJTDSYD","transaction_id":17179881472,"type":1,"type_string":"payment"}
{"details":{"amount":40,"asset_code":"SEC","asset_issuer":"GCCRPBABE7XRQX7STAXA55O5ASFL6TTLNCJDCNETEJQWI7M2A47ZOXEN","asset_type":"credit_alphanum4","from":"GDAKBAOBFB5UPID3PZRG24U3SBOC52ODB7N4R7MO7RLYT3XSDMSJUFFG"},"id":17179885569,"source_account":"GCCRPBABE7XRQX7STAXA55O5ASFL6TTLNCJDCNETEJQWI7M2A47ZOXEN","transaction_id":17179885568,"type":19,"type_string":"clawback"}
{"details":{"asset_code":"SEC","asset_issuer":"GCCRPBABE7XRQX7STAXA55O5ASFL6TTLNCJDCNETEJQWI7M2A47ZOXEN","asset_type":"credit_alphanum4","authorize":true,"trustee":"GCCRPBABE7XRQX7STAXA55O5ASFL6TTLNCJDCNETEJQWI7M2A47ZOXEN","trustor":"GDDGKWN4T6FH5XAAEJ4QNP2BT6BAV7X6LNGBJHRIPIZSH6UKVNAG2R66"},"id":17179885570,"source_account":"GCCRPBABE7XRQX7STAXA55O5ASFL6TTLNCJDCNETEJQWI7M2A47ZOXEN","transaction_id":17179885568,"type":7,"type_string":"allow_trust"}
{"details":{"amount":40,"asset_code":"SEC","asset_issuer":"GCCRPBABE7XRQX7STAXA55O5ASFL6TTLNCJDCNETEJQWI7M2A47ZOXEN","asset_type":"credit_alphanum4","from":"GCCRPBABE7XRQX7STAXA55O5ASFL6TTLNCJDCNETEJQWI7M2A47ZOXEN","to":"GDDGKWN4T6FH5XAAEJ4QNP2BT6BAV7X6LNGBJHRIPIZSH6UKVNAG2R66"},"id":17179885571,"source_account":"GCCRPBABE7XRQX7STAXA55O5ASFL6TTLNCJDCNETEJQWI7M2A47ZOXEN","transaction_id":17179885568,"type":1,"type_string":"payment"}
{"details":{"asset_code":"SEC","asset_issuer":"GCCRPBABE7XRQX7STAXA55O5ASFL6TTLNCJDCNETEJQWI7M2A47ZOXEN","asset_type":"credit_alphanum4","authorize":false,"authorize_to_maintain_liabilities":true,"trustee":"GCCRPBABE7XRQX7STAXA55O5ASFL6TTLNCJDCNETEJQWI7M2A47ZOXEN","trustor":"GDDGKWN4T6FH5XAAEJ4QNP2BT6BAV7X6LNGBJHRIPIZSH6UKVNAG2R66"},"id":17179885572,"source_account":"GCCRPBABE7XRQX7STAXA55O5ASFL6TTLNCJDCNETEJQWI7M2A47ZOXEN","transaction_id":17179885568,"type":7,"type_string":"allow_trust"}
{"details":{"amount":1,"asset_code":"PURPLE","asset_issuer":"GBT4VVTDPCNA45MNWX5G6LUTLIEENSTUHDVXO2AQHAZ24KUZUPLPGJZH","asset_type":"credit_alphanum12","from":"GAY6WQIDTCYCDTEWAQSWX2RE6ZSASC2DEKEUYITOJFXMTSJVSAJTDSYD","to":"GBSE6UPFAJ3V4DWGPNESFOG62VEWJH2QYPPU4OCUHK7BRFHTX2BU3YGN"},"id":21474840577,"source_account":"GAY6WQIDTCYCDTEWAQSWX2RE6ZSASC2DEKEUYITOJFXMTSJVSAJTDSYD","transaction_id":21474840576,"type":1,"type_string":"payment"}
{"details":{"amount":41,"asset_code":"ATMYR","asset_issuer":"GBT4VVTDPCNA45MNWX5G6LUTLIEENSTUHDVXO2AQHAZ24KUZUPLPGJZH","asset_type":"credit_alphanum12","from":"GCFJN22UG6IZHXKDVAJWAVEQ3NERGCRCURR2FHARNRBNLYFEQZGML4PW","to":"GDUT3U3X5RID2KKXBF7GGANYH4UT3RUT4Y5KLLGHTAIOJT67UZUNQ4Y2"},"id":21474844673,"source_account":"GCFJN22UG6IZHXKDVAJWAVEQ3NERGCRCURR2FHARNRBNLYFEQZGML4PW","transaction_id":21474844672,"type":1,"type_string":"payment"}
{"details":{"account":"GDROJH5OVEVDASI5XVQNFOX5EJTZL5PKJVB6654IIBQJ7DEXTQWWFMN7","funder":"GAIH3ULLFQ4DGSECF2AR555KZ4KNDGEKN4AFI4SU2M7B43MGK3QJZNSR","starting_balance":10000},"id":21474848769,"source_account":"GAIH3ULLFQ4DGSECF2AR555KZ4KNDGEKN4AFI4SU2M7B43MGK3QJZNSR","transaction_id":21474848768,"type":0,"type_string":"create_account"}
{"details":{"amount":40,"asset_code":"SEC","asset_issuer":"GBQJED7K2QTXHC5XD2YEAPDQRVFU3H3SB5NV5GIJVGSJ3GSQFNWLGSST","asset_type":"credit_alphanum4","from":"GA6F6I2R4CQ4MMZMTZDQEJ7OFPEAHZMF4U2XOBWMNYIKDXPRERDISI6R"},"id":21474852865,"source_account":"GBQJED7K2QTXHC5XD2YEAPDQRVFU3H3SB5NV5GIJVGSJ3GSQFNWLGSST","transaction_id":21474852864,"type":19,"type_string":"clawback"}
{"details":{"asset_code":"SEC","asset_issuer":"GBQJED7K2QTXHC5XD2YEAPDQRVFU3H3SB5NV5GIJVGSJ3GSQFNWLGSST","asset_type":"credit_alphanum4","authorize":true,"trustee":"GBQJED7K2QTXHC5XD2YEAPDQRVFU3H3SB5NV5GIJVGSJ3GSQFNWLGSST","trustor":"GB7TVMUF3VZUYCTFUBJ2SFNQV5PX5PW54LNOXEKL72TMSSIGRDRKRNBS"},"id":21474852866,"source_account":"GBQJED7K2QTXHC5XD2YEAPDQRVFU3H3SB5NV5GIJVGSJ3GSQFNWLGSST","transaction_id":21474852864,"type":7,"type_string":"allow_trust"}
{"details":{"amount":40,"asset_code":"SEC","asset_issuer":"GBQJED7K2QTXHC5XD2YEAPDQRVFU3H3SB5NV5GIJVGSJ3GSQFNWLGSST","asset_type":"credit_alphanum4","from":"GBQJED7K2QTXHC5XD2YEAPDQRVFU3H3SB5NV5GIJVGSJ3GSQFNWLGSST","to":"GB7TVMUF3VZUYCTFUBJ2SFNQV5PX5PW54LNOXEKL72TMSSIGRDRKRNBS"},"id":21474852867,"source_account":"GBQJED7K2QTXHC5XD2YEAPDQRVFU3H3SB5NV5GIJVGSJ3GSQFNWLGSST","transaction_id":21474852864,"type":1,"type_string":"payment"}
{"details":{"asset_code":"SEC","asset_issuer":"GBQJED7K2QTXHC5XD2YEAPDQRVFU3H3SB5NV5GIJVGSJ3GSQFNWLGSST","asset_type":"credit_alphanum4","authorize":false,"authorize_to_maintain_liabilities":true,"trustee":"GBQJED7K2QTXHC5XD2YEAPDQRVFU3H3SB5NV5GIJVGSJ3GSQFNWLGSST","trustor":"GB7TVMUF3VZUYCTFUBJ2SFNQV5PX5PW54LNOXEKL72TMSSIGRDRKRNBS"},"id":21474852868,"source_account":"GBQJED7K2QTXHC5XD2YEAPDQRVFU3H3SB5NV5GIJVGSJ3GSQFNWLGSST","transaction_id":21474852864,"type":7,"type_string":"allow_trust"}
{"details":{"amount":41,"asset_code":"ATMYR","asset_issuer":"GBT4VVTDPCNA45MNWX5G6LUTLIEENSTUHDVXO2AQHAZ24KUZUPLPGJZH","asset_type":"credit_alphanum12","from":"GCFJN22UG6IZHXKDVAJWAVEQ3NERGCRCURR2FHARNRBNLYFEQZGML4PW","to":"GDUT3U3X5RID2KKXBF7GGANYH4UT3RUT4Y5KLLGHTAIOJT67UZUNQ4Y2"},"id":25769807873,"source_account":"GCFJN22UG6IZHXKDVAJWAVEQ3NERGCRCURR2FHARNRBNLYFEQZGML4PW","transaction_id":25769807872,"type":1,"type_string":"payment"}
{"details":{"account":"GCHSC7AT3BPFE3FQPQ7RT7T2DLHWTCPSMBKEAVASB5FQ7PA7WXQ44PYD","funder":"GDROJH5OVEVDASI5XVQNFOX5EJTZL5PKJVB6654IIBQJ7DEXTQWWFMN7","starting_balance":50},"id":25769811969,"source_account":"GDROJH5OVEVDASI5XVQNFOX5EJTZL5PKJVB6654IIBQJ7DEXTQWWFMN7","transaction_id":25769811968,"type":0,"type_string":"create_account"}
{"details":{"amount":"0.0000000","asset_type":"native","destination_min":"950.0000000","from":"GDFPMBKWRMKYUILTDPMXCF7J74AUWSW4MS5UNJWQ33BCQT54QVFJK36U","path":[{"asset_code":"USDC","asset_issuer":"GAEB3HSAWRVILER6T5NMX5VAPTK4PPO2BAL37HR2EOUIK567GJFEO437","asset_type":"credit_alphanum4"}],"source_amount":1000,"source_asset_type":"native","to":"GDFPMBKWRMKYUILTDPMXCF7J74AUWSW4MS5UNJWQ33BCQT54QVFJK36U"},"id":25769816065,"source_account":"GDFPMBKWRMKYUILTDPMXCF7J74AUWSW4MS5UNJWQ33BCQT54QVFJK36U","transaction_id":25769816064,"type":13,"type_string":"path_payment_strict_send"}
{"details":{"amount":"0.0000000","asset_type":"native","destination_min":"950.0000000","from":"GDFPMBKWRMKYUILTDPMXCF7J74AUWSW4MS5UNJWQ33BCQT54QVFJK36U","path":[{"asset_code":"ETH","asset_issuer":"GATPY6X6OYTXKNRKVP6LEMUUQKFDUW5P7HL4XI3KWRCY52RAWYJ5FLMC","asset_type":"credit_alphanum4"}],"source_amount":1000,"source_asset_type":"native","to":"GDFPMBKWRMKYUILTDPMXCF7J74AUWSW4MS5UNJWQ33BCQT54QVFJK36U"},"id":25769816066,"source_account":"GDFPMBKWRMKYUILTDPMXCF7J74AUWSW4MS5UNJWQ33BCQT54QVFJK36U","transaction_id":25769816064,"type":13,"type_string":"path_payment_strict_send"}
{"details":{"amount":"0.0000000","asset_type":"native","destination_min":"950.0000000","from":"GDFPMBKWRMKYUILTDPMXCF7J74AUWSW4MS5UNJWQ33BCQT54QVFJK36U","path":[{"asset_code":"YBX","asset_issuer":"GCIWMQHPST7LQ7V4LHAF2UP6ZSDCFRYYP7IM4BBAFSBZMVTR3BB4OQZ5","asset_type":"credit_alphanum4"}],"source_amount":1000,"source_asset_type":"native","to":"GDFPMBKWRMKYUILTDPMXCF7J74AUWSW4MS5UNJWQ33BCQT54QVFJK36U"},"id":25769816067,"source_account":"GDFPMBKWRMKYUILTDPMXCF7J74AUWSW4MS5UNJWQ33BCQT54QVFJK36U","transaction_id":25769816064,"type":13,"type_string":"path_payment_strict_send"}
{"details":{"account":"GDDPIR7NCGSBFX3XXVYLPRKGSQRTFALYCZG77YPZ7VNHEWTRYNFL7GT5","funder":"GAIH3ULLFQ4DGSECF2AR555KZ4KNDGEKN4AFI4SU2M7B43MGK3QJZNSR","starting_balance":10000},"id":25769820161,"source_account":"GAIH3ULLFQ4DGSECF2AR555KZ4KNDGEKN4AFI4SU2M7B43MGK3QJZNSR","transaction_id":25769820160,"type":0,"type_string":"create_account"}
{"details":{"account":"GCZN66BK6BRZTQ6JVLKXY3VXZ2R2O4OXOZCG6GPZMJRDEXO5Q5ITNEVW","funder":"GDDPIR7NCGSBFX3XXVYLPRKGSQRTFALYCZG77YPZ7VNHEWTRYNFL7GT5","starting_balance":50},"id":30064775169,"source_account":"GDDPIR7NCGSBFX3XXVYLPRKGSQRTFALYCZG77YPZ7VNHEWTRYNFL7GT5","transaction_id":30064775168,"type":0,"type_string":"create_account"}
{"details":{"account":"GDUOSPHNSCSBAX3LJZXPLEEYCD2OSVYRETM72BCKTLJEDZQAV23FH2ED","funder":"GAIH3ULLFQ4DGSECF2AR555KZ4KNDGEKN4AFI4SU2M7B43MGK3QJZNSR","starting_balance":10000},"id":30064779265,"source_account":"GAIH3ULLFQ4DGSECF2AR555KZ4KNDGEKN4AFI4SU2M7B43MGK3QJZNSR","transaction_id":30064779264,"type":0,"type_string":"create_account"}
{"details":{"account":"GAY6SCZFSSVASCIAOJZABWBMZJ3SJMHHAOH2AG4ULVNHHEH6QC2GL2EK","funder":"GCHSC7AT3BPFE3FQPQ7RT7T2DLHWTCPSMBKEAVASB5FQ7PA7WXQ44PYD","starting_balance":5},"id":30064783361,"source_account":"GCHSC7AT3BPFE3FQPQ7RT7T2DLHWTCPSMBKEAVASB5FQ7PA7WXQ44PYD","transaction_id":30064783360,"type":0,"type_string":"create_account"}
{"details":{"asset_code":"SEC","asset_issuer":"GAY6SCZFSSVASCIAOJZABWBMZJ3SJMHHAOH2AG4ULVNHHEH6QC2GL2EK","asset_type":"credit_alphanum4","limit":5000000000,"trustee":"GAY6SCZFSSVASCIAOJZABWBMZJ3SJMHHAOH2AG4ULVNHHEH6QC2GL2EK","trustor":"GCHSC7AT3BPFE3FQPQ7RT7T2DLHWTCPSMBKEAVASB5FQ7PA7WXQ44PYD"},"id":34359742465,"source_account":"GCHSC7AT3BPFE3FQPQ7RT7T2DLHWTCPSMBKEAVASB5FQ7PA7WXQ44PYD","transaction_id":34359742464,"type":6,"type_string":"change_trust"}
{"details":{"account":"GAWJHRXLZSF3RE7KUV7VJCAABYO3PLGMTL2SE4F72OA5RP5SHYB23W2K","funder":"GCZN66BK6BRZTQ6JVLKXY3VXZ2R2O4OXOZCG6GPZMJRDEXO5Q5ITNEVW","starting_balance":5},"id":34359746561,"source_account":"GCZN66BK6BRZTQ6JVLKXY3VXZ2R2O4OXOZCG6GPZMJRDEXO5Q5ITNEVW","transaction_id":34359746560,"type":0,"type_string":"create_account"}
{"details":{"account":"GDUOSPHNSCSBAX3LJZXPLEEYCD2OSVYRETM72BCKTLJEDZQAV23FH2ED","into":"GBFAIH5WKAJQ77NG6BZG7TGVGXHPX4SQLIJ7BENJMCVCZSUZPSISCLU5"},"id":38654709761,"source_account":"GDUOSPHNSCSBAX3LJZXPLEEYCD2OSVYRETM72BCKTLJEDZQAV23FH2ED","transaction_id":38654709760,"type":8,"type_string":"account_merge"}
{"details":{"asset_code":"SEC","asset_issuer":"GAWJHRXLZSF3RE7KUV7VJCAABYO3PLGMTL2SE4F72OA5RP5SHYB23W2K","asset_type":"credit_alphanum4","limit":5000000000,"trustee":"GAWJHRXLZSF3RE7KUV7VJCAABYO3PLGMTL2SE4F72OA5RP5SHYB23W2K","trustor":"GCZN66BK6BRZTQ6JVLKXY3VXZ2R2O4OXOZCG6GPZMJRDEXO5Q5ITNEVW"},"id":38654713857,"source_account":"GCZN66BK6BRZTQ6JVLKXY3VXZ2R2O4OXOZCG6GPZMJRDEXO5Q5ITNEVW","transaction_id":38654713856,"type":6,"type_string":"change_trust"}
{"details":{"amount":"0.0000000","asset_code":"PEG","asset_issuer":"GDGESETGHQKZC3P4WVNABK3SIIU5CHFKMFRXTQDKRJKORBZ4IKEPQP26","asset_type":"credit_alphanum4","destination_min":"0.0000001","from":"GBYCREMFLVJ77JVADEDUGBXUOUSTXUBBLSFIHYASLUNZRTHNJ3CXMKW2","path":[{"asset_code":"UK","asset_issuer":"GAECL2FYQAMR2YFVCMOBBAIOOZGEAER6HART2MW7JWGNRDN53Q3S2WOB","asset_type":"credit_alphanum4"},{"asset_code":"PEG","asset_issuer":"GDGESETGHQKZC3P4WVNABK3SIIU5CHFKMFRXTQDKRJKORBZ4IKEPQP26","asset_type":"credit_alphanum4"}],"source_amount":81719.9977799,"source_asset_code":"UK","source_asset_issuer":"GAECL2FYQAMR2YFVCMOBBAIOOZGEAER6HART2MW7JWGNRDN53Q3S2WOB","source_asset_type":"credit_alphanum4","to":"GBYCREMFLVJ77JVADEDUGBXUOUSTXUBBLSFIHYASLUNZRTHNJ3CXMKW2"},"id":38654717953,"source_account":"GBYCREMFLVJ77JVADEDUGBXUOUSTXUBBLSFIHYASLUNZRTHNJ3CXMKW2","transaction_id":38654717952,"type":13,"type_string":"path_payment_strict_send"}
{"details":{"amount":100,"asset_code":"SEC","asset_issuer":"GAY6SCZFSSVASCIAOJZABWBMZJ3SJMHHAOH2AG4ULVNHHEH6QC2GL2EK","asset_type":"credit_alphanum4","from":"GAY6SCZFSSVASCIAOJZABWBMZJ3SJMHHAOH2AG4ULVNHHEH6QC2GL2EK","to":"GCHSC7AT3BPFE3FQPQ7RT7T2DLHWTCPSMBKEAVASB5FQ7PA7WXQ44PYD"},"id":38654722049,"source_account":"GAY6SCZFSSVASCIAOJZABWBMZJ3SJMHHAOH2AG4ULVNHHEH6QC2GL2EK","transaction_id":38654722048,"type":1,"type_string":"payment"}
{"details":{"amount":40,"asset_code":"SEC","asset_issuer":"GAY6SCZFSSVASCIAOJZABWBMZJ3SJMHHAOH2AG4ULVNHHEH6QC2GL2EK","asset_type":"credit_alphanum4","from":"GCHSC7AT3BPFE3FQPQ7RT7T2DLHWTCPSMBKEAVASB5FQ7PA7WXQ44PYD","to":"GAY6SCZFSSVASCIAOJZABWBMZJ3SJMHHAOH2AG4ULVNHHEH6QC2GL2EK"},"id":42949677057,"source_account":"GCHSC7AT3BPFE3FQPQ7RT7T2DLHWTCPSMBKEAVASB5FQ7PA7WXQ44PYD","transaction_id":42949677056,"type":1,"type_string":"payment"}
{"details":{"amount":100,"asset_code":"SEC","asset_issuer":"GAWJHRXLZSF3RE7KUV7VJCAABYO3PLGMTL2SE4F72OA5RP5SHYB23W2K","asset_type":"credit_alphanum4","from":"GAWJHRXLZSF3RE7KUV7VJCAABYO3PLGMTL2SE4F72OA5RP5SHYB23W2K","to":"GCZN66BK6BRZTQ6JVLKXY3VXZ2R2O4OXOZCG6GPZMJRDEXO5Q5ITNEVW"},"id":42949681153,"source_account":"GAWJHRXLZSF3RE7KUV7VJCAABYO3PLGMTL2SE4F72OA5RP5SHYB23W2K","transaction_id":42949681152,"type":1,"type_string":"payment"}
