{"details":{"amount":"0.0000000","asset_type":"native","destination_min":"950.0000000","from":"GDFPMBKWRMKYUILTDPMXCF7J74AUWSW4MS5UNJWQ33BCQT54QVFJK36U","path":[{"asset_code":"USDC","asset_issuer":"GAEB3HSAWRVILER6T5NMX5VAPTK4PPO2BAL37HR2EOUIK567GJFEO437","asset_type":"credit_alphanum4"}],"source_amount":1000,"source_asset_type":"native","to":"GDFPMBKWRMKYUILTDPMXCF7J74AUWSW4MS5UNJWQ33BCQT54QVFJK36U"},"id":4097,"source_account":"GDFPMBKWRMKYUILTDPMXCF7J74AUWSW4MS5UNJWQ33BCQT54QVFJK36U","transaction_id":4096,"type":13,"type_string":"path_payment_strict_send"}
{"details":{"amount":"0.0000000","asset_type":"native","destination_min":"950.0000000","from":"GDFPMBKWRMKYUILTDPMXCF7J74AUWSW4MS5UNJWQ33BCQT54QVFJK36U","path":[{"asset_code":"ETH","asset_issuer":"GATPY6X6OYTXKNRKVP6LEMUUQKFDUW5P7HL4XI3KWRCY52RAWYJ5FLMC","asset_type":"credit_alphanum4"}],"source_amount":1000,"source_asset_type":"native","to":"GDFPMBKWRMKYUILTDPMXCF7J74AUWSW4MS5UNJWQ33BCQT54QVFJK36U"},"id":4098,"source_account":"GDFPMBKWRMKYUILTDPMXCF7J74AUWSW4MS5UNJWQ33BCQT54QVFJK36U","transaction_id":4096,"type":13,"type_string":"path_payment_strict_send"}
{"details":{"amount":"0.0000000","asset_type":"native","destination_min":"950.0000000","from":"GDFPMBKWRMKYUILTDPMXCF7J74AUWSW4MS5UNJWQ33BCQT54QVFJK36U","path":[{"asset_code":"YBX","asset_issuer":"GCIWMQHPST7LQ7V4LHAF2UP6ZSDCFRYYP7IM4BBAFSBZMVTR3BB4OQZ5","asset_type":"credit_alphanum4"}],"source_amount":1000,"source_asset_type":"native","to":"GDFPMBKWRMKYUILTDPMXCF7J74AUWSW4MS5UNJWQ33BCQT54QVFJK36U"},"id":4099,"source_account":"GDFPMBKWRMKYUILTDPMXCF7J74AUWSW4MS5UNJWQ33BCQT54QVFJK36U","transaction_id":4096,"type":13,"type_string":"path_payment_strict_send"}
{"details":{"set_flags":[1,2,8],"set_flags_s":["auth_required","auth_revocable","auth_clawback_enabled"]},"id":8193,"source_account":"GCCRPBABE7XRQX7STAXA55O5ASFL6TTLNCJDCNETEJQWI7M2A47ZOXEN","transaction_id":8192,"type":5,"type_string":"set_options"}
{"details":{"amount":1,"asset_code":"PURPLE","asset_issuer":"GBT4VVTDPCNA45MNWX5G6LUTLIEENSTUHDVXO2AQHAZ24KUZUPLPGJZH","asset_type":"credit_alphanum12","from":"GAY6WQIDTCYCDTEWAQSWX2RE6ZSASC2DEKEUYITOJFXMTSJVSAJTDSYD","to":"GBSE6UPFAJ3V4DWGPNESFOG62VEWJH2QYPPU4OCUHK7BRFHTX2BU3YGN"},"id":12289,"source_account":"GAY6WQIDTCYCDTEWAQSWX2RE6ZSASC2DEKEUYITOJFXMTSJVSAJTDSYD","transaction_id":12288,"type":1,"type_string":"payment"}
{"details":{"account":"GBQJED7K2QTXHC5XD2YEAPDQRVFU3H3SB5NV5GIJVGSJ3GSQFNWLGSST","funder":"GA6F6I2R4CQ4MMZMTZDQEJ7OFPEAHZMF4U2XOBWMNYIKDXPRERDISI6R","starting_balance":5},"id":16385,"source_account":"GA6F6I2R4CQ4MMZMTZDQEJ7OFPEAHZMF4U2XOBWMNYIKDXPRERDISI6R","transaction_id":16384,"type":0,"type_string":"create_account"}
