{"address":"GCCRPBABE7XRQX7STAXA55O5ASFL6TTLNCJDCNETEJQWI7M2A47ZOXEN","address_muxed":null,"details":{"auth_clawback_enabled_flag":true,"auth_required_flag":true,"auth_revocable_flag":true},"operation_id":6056333384097793,"type":6,"type_string":"account_flags_updated"}
{"address":"GBQJED7K2QTXHC5XD2YEAPDQRVFU3H3SB5NV5GIJVGSJ3GSQFNWLGSST","address_muxed":null,"details":{"starting_balance":"5.0000000"},"operation_id":6056333384105985,"type":0,"type_string":"account_created"}
{"address":"GA6F6I2R4CQ4MMZMTZDQEJ7OFPEAHZMF4U2XOBWMNYIKDXPRERDISI6R","address_muxed":null,"details":{"amount":"5.0000000","asset_type":"native"},"operation_id":6056333384105985,"type":3,"type_string":"account_debited"}
{"address":"GBQJED7K2QTXHC5XD2YEAPDQRVFU3H3SB5NV5GIJVGSJ3GSQFNWLGSST","address_muxed":null,"details":{"public_key":"GBQJED7K2QTXHC5XD2YEAPDQRVFU3H3SB5NV5GIJVGSJ3GSQFNWLGSST","weight":1},"operation_id":6056333384105985,"type":10,"type_string":"signer_created"}
{"address":"GDAKBAOBFB5UPID3PZRG24U3SBOC52ODB7N4R7MO7RLYT3XSDMSJUFFG","address_muxed":null,"details":{"asset_code":"SEC","asset_issuer":"GCCRPBABE7XRQX7STAXA55O5ASFL6TTLNCJDCNETEJQWI7M2A47ZOXEN","asset_type":"credit_alphanum4","limit":"5000000000.0000000"},"operation_id":6056337679065089,"type":20,"type_string":"trustline_created"}
{"address":"GBQJED7K2QTXHC5XD2YEAPDQRVFU3H3SB5NV5GIJVGSJ3GSQFNWLGSST","address_muxed":null,"details":{"auth_clawback_enabled_flag":true,"auth_required_flag":true,"auth_revocable_flag":true},"operation_id":6056337679069185,"type":6,"type_string":"account_flags_updated"}
{"address":"GA6F6I2R4CQ4MMZMTZDQEJ7OFPEAHZMF4U2XOBWMNYIKDXPRERDISI6R","address_muxed":null,"details":{"asset_code":"SEC","asset_issuer":"GBQJED7K2QTXHC5XD2YEAPDQRVFU3H3SB5NV5GIJVGSJ3GSQFNWLGSST","asset_type":"credit_alphanum4","limit":"5000000000.0000000"},"operation_id":6056341974028289,"type":20,"type_string":"trustline_created"}
{"address":"GCCRPBABE7XRQX7STAXA55O5ASFL6TTLNCJDCNETEJQWI7M2A47ZOXEN","address_muxed":null,"details":{"asset_code":"SEC","asset_issuer":"GCCRPBABE7XRQX7STAXA55O5ASFL6TTLNCJDCNETEJQWI7M2A47ZOXEN","asset_type":"credit_alphanum4","trustor":"GDAKBAOBFB5UPID3PZRG24U3SBOC52ODB7N4R7MO7RLYT3XSDMSJUFFG"},"operation_id":6056341974032385,"type":26,"type_string":"trustline_flags_updated"}
{"address":"GCCRPBABE7XRQX7STAXA55O5ASFL6TTLNCJDCNETEJQWI7M2A47ZOXEN","address_muxed":null,"details":{"asset_code":"SEC","asset_issuer":"GCCRPBABE7XRQX7STAXA55O5ASFL6TTLNCJDCNETEJQWI7M2A47ZOXEN","asset_type":"credit_alphanum4","authorized_flag":true,"trustor":"GDAKBAOBFB5UPID3PZRG24U3SBOC52ODB7N4R7MO7RLYT3XSDMSJUFFG"},"operation_id":6056341974032385,"type":26,"type_string":"trustline_flags_updated"}
{"address":"GDAKBAOBFB5UPID3PZRG24U3SBOC52ODB7N4R7MO7RLYT3XSDMSJUFFG","address_muxed":null,"details":{"amount":"100.0000000","asset_code":"SEC","asset_issuer":"GCCRPBABE7XRQX7STAXA55O5ASFL6TTLNCJDCNETEJQWI7M2A47ZOXEN","asset_type":"credit_alphanum4"},"operation_id":6056341974032386,"type":2,"type_string":"account_credited"}
{"address":"GCCRPBABE7XRQX7STAXA55O5ASFL6TTLNCJDCNETEJQWI7M2A47ZOXEN","address_muxed":null,"details":{"amount":"100.0000000","asset_code":"SEC","asset_issuer":"GCCRPBABE7XRQX7STAXA55O5ASFL6TTLNCJDCNETEJQWI7M2A47ZOXEN","asset_type":"credit_alphanum4"},"operation_id":6056341974032386,"type":3,"type_string":"account_debited"}
{"address":"GCCRPBABE7XRQX7STAXA55O5ASFL6TTLNCJDCNETEJQWI7M2A47ZOXEN","address_muxed":null,"details":{"asset_code":"SEC","asset_issuer":"GCCRPBABE7XRQX7STAXA55O5ASFL6TTLNCJDCNETEJQWI7M2A47ZOXEN","asset_type":"credit_alphanum4","trustor":"GDAKBAOBFB5UPID3PZRG24U3SBOC52ODB7N4R7MO7RLYT3XSDMSJUFFG"},"operation_id":6056341974032387,"type":26,"type_string":"trustline_flags_updated"}
{"address":"GCCRPBABE7XRQX7STAXA55O5ASFL6TTLNCJDCNETEJQWI7M2A47ZOXEN","address_muxed":null,"details":{"asset_code":"SEC","asset_issuer":"GCCRPBABE7XRQX7STAXA55O5ASFL6TTLNCJDCNETEJQWI7M2A47ZOXEN","asset_type":"credit_alphanum4","authorized_to_maintain_liabilites":true,"trustor":"GDAKBAOBFB5UPID3PZRG24U3SBOC52ODB7N4R7MO7RLYT3XSDMSJUFFG"},"operation_id":6056341974032387,"type":26,"type_string":"trustline_flags_updated"}
{"address":"GDDGKWN4T6FH5XAAEJ4QNP2BT6BAV7X6LNGBJHRIPIZSH6UKVNAG2R66","address_muxed":null,"details":{"starting_balance":"50.0000000"},"operation_id":6056346268995585,"type":0,"type_string":"account_created"}
{"address":"GAG6HDSMY6GUHNE6WOLDHCZQEWWTDRUXNSP7NB6Y3YCXYMMXXNBZ5SIG","address_muxed":null,"details":{"amount":"50.0000000","asset_type":"native"},"operation_id":6056346268995585,"type":3,"type_string":"account_debited"}
{"address":"GDDGKWN4T6FH5XAAEJ4QNP2BT6BAV7X6LNGBJHRIPIZSH6UKVNAG2R66","address_muxed":null,"details":{"public_key":"GDDGKWN4T6FH5XAAEJ4QNP2BT6BAV7X6LNGBJHRIPIZSH6UKVNAG2R66","weight":1},"operation_id":6056346268995585,"type":10,"type_string":"signer_created"}
{"address":"GBQJED7K2QTXHC5XD2YEAPDQRVFU3H3SB5NV5GIJVGSJ3GSQFNWLGSST","address_muxed":null,"details":{"asset_code":"SEC","asset_issuer":"GBQJED7K2QTXHC5XD2YEAPDQRVFU3H3SB5NV5GIJVGSJ3GSQFNWLGSST","asset_type":"credit_alphanum4","trustor":"GA6F6I2R4CQ4MMZMTZDQEJ7OFPEAHZMF4U2XOBWMNYIKDXPRERDISI6R"},"operation_id":6056346268999681,"type":26,"type_string":"trustline_flags_updated"}
{"address":"GBQJED7K2QTXHC5XD2YEAPDQRVFU3H3SB5NV5GIJVGSJ3GSQFNWLGSST","address_muxed":null,"details":{"asset_code":"SEC","asset_issuer":"GBQJED7K2QTXHC5XD2YEAPDQRVFU3H3SB5NV5GIJVGSJ3GSQFNWLGSST","asset_type":"credit_alphanum4","authorized_flag":true,"trustor":"GA6F6I2R4CQ4MMZMTZDQEJ7OFPEAHZMF4U2XOBWMNYIKDXPRERDISI6R"},"operation_id":6056346268999681,"type":26,"type_string":"trustline_flags_updated"}
{"address":"GA6F6I2R4CQ4MMZMTZDQEJ7OFPEAHZMF4U2XOBWMNYIKDXPRERDISI6R","address_muxed":null,"details":{"amount":"100.0000000","asset_code":"SEC","asset_issuer":"GBQJED7K2QTXHC5XD2YEAPDQRVFU3H3SB5NV5GIJVGSJ3GSQFNWLGSST","asset_type":"credit_alphanum4"},"operation_id":6056346268999682,"type":2,"type_string":"account_credited"}
{"address":"GBQJED7K2QTXHC5XD2YEAPDQRVFU3H3SB5NV5GIJVGSJ3GSQFNWLGSST","address_muxed":null,"details":{"amount":"100.0000000","asset_code":"SEC","asset_issuer":"GBQJED7K2QTXHC5XD2YEAPDQRVFU3H3SB5NV5GIJVGSJ3GSQFNWLGSST","asset_type":"credit_alphanum4"},"operation_id":6056346268999682,"type":3,"type_string":"account_debited"}
{"address":"GBQJED7K2QTXHC5XD2YEAPDQRVFU3H3SB5NV5GIJVGSJ3GSQFNWLGSST","address_muxed":null,"details":{"asset_code":"SEC","asset_issuer":"GBQJED7K2QTXHC5XD2YEAPDQRVFU3H3SB5NV5GIJVGSJ3GSQFNWLGSST","asset_type":"credit_alphanum4","trustor":"GA6F6I2R4CQ4MMZMTZDQEJ7OFPEAHZMF4U2XOBWMNYIKDXPRERDISI6R"},"operation_id":6056346268999683,"type":26,"type_string":"trustline_flags_updated"}
{"address":"GBQJED7K2QTXHC5XD2YEAPDQRVFU3H3SB5NV5GIJVGSJ3GSQFNWLGSST","address_muxed":null,"details":{"asset_code":"SEC","asset_issuer":"GBQJED7K2QTXHC5XD2YEAPDQRVFU3H3SB5NV5GIJVGSJ3GSQFNWLGSST","asset_type":"credit_alphanum4","authorized_to_maintain_liabilites":true,"trustor":"GA6F6I2R4CQ4MMZMTZDQEJ7OFPEAHZMF4U2XOBWMNYIKDXPRERDISI6R"},"operation_id":6056346268999683,"type":26,"type_string":"trustline_flags_updated"}
{"address":"GB7TVMUF3VZUYCTFUBJ2SFNQV5PX5PW54LNOXEKL72TMSSIGRDRKRNBS","address_muxed":null,"details":{"starting_balance":"50.0000000"},"operation_id":6056350563966977,"type":0,"type_string":"account_created"}
{"address":"GD7MH6ZWHZZWCGTXNPBRCK4TJMCMNEETUR32JOULYDZDWGUAWYFSZDZY","address_muxed":null,"details":{"amount":"50.0000000","asset_type":"native"},"operation_id":6056350563966977,"type":3,"type_string":"account_debited"}
{"address":"GB7TVMUF3VZUYCTFUBJ2SFNQV5PX5PW54LNOXEKL72TMSSIGRDRKRNBS","address_muxed":null,"details":{"public_key":"GB7TVMUF3VZUYCTFUBJ2SFNQV5PX5PW54LNOXEKL72TMSSIGRDRKRNBS","weight":1},"operation_id":6056350563966977,"type":10,"type_string":"signer_created"}
{"address":"GDROJH5OVEVDASI5XVQNFOX5EJTZL5PKJVB6654IIBQJ7DEXTQWWFMN7","address_muxed":null,"details":{"starting_balance":"10000.0000000"},"operation_id":6056354858938369,"type":0,"type_string":"account_created"}
{"address":"GAIH3ULLFQ4DGSECF2AR555KZ4KNDGEKN4AFI4SU2M7B43MGK3QJZNSR","address_muxed":null,"details":{"amount":"10000.0000000","asset_type":"native"},"operation_id":6056354858938369,"type":3,"type_string":"account_debited"}
{"address":"GDROJH5OVEVDASI5XVQNFOX5EJTZL5PKJVB6654IIBQJ7DEXTQWWFMN7","address_muxed":null,"details":{"public_key":"GDROJH5OVEVDASI5XVQNFOX5EJTZL5PKJVB6654IIBQJ7DEXTQWWFMN7","weight":1},"operation_id":6056354858938369,"type":10,"type_string":"signer_created"}
{"address":"GCHSC7AT3BPFE3FQPQ7RT7T2DLHWTCPSMBKEAVASB5FQ7PA7WXQ44PYD","address_muxed":null,"details":{"starting_balance":"50.0000000"},"operation_id":6056359153901569,"type":0,"type_string":"account_created"}
{"address":"GDROJH5OVEVDASI5XVQNFOX5EJTZL5PKJVB6654IIBQJ7DEXTQWWFMN7","address_muxed":null,"details":{"amount":"50.0000000","asset_type":"native"},"operation_id":6056359153901569,"type":3,"type_string":"account_debited"}
{"address":"GCHSC7AT3BPFE3FQPQ7RT7T2DLHWTCPSMBKEAVASB5FQ7PA7WXQ44PYD","address_muxed":null,"details":{"public_key":"GCHSC7AT3BPFE3FQPQ7RT7T2DLHWTCPSMBKEAVASB5FQ7PA7WXQ44PYD","weight":1},"operation_id":6056359153901569,"type":10,"type_string":"signer_created"}
{"address":"GDDPIR7NCGSBFX3XXVYLPRKGSQRTFALYCZG77YPZ7VNHEWTRYNFL7GT5","address_muxed":null,"details":{"starting_balance":"10000.0000000"},"operation_id":6056359153909761,"type":0,"type_string":"account_created"}
{"address":"GAIH3ULLFQ4DGSECF2AR555KZ4KNDGEKN4AFI4SU2M7B43MGK3QJZNSR","address_muxed":null,"details":{"amount":"10000.0000000","asset_type":"native"},"operation_id":6056359153909761,"type":3,"type_string":"account_debited"}
{"address":"GDDPIR7NCGSBFX3XXVYLPRKGSQRTFALYCZG77YPZ7VNHEWTRYNFL7GT5","address_muxed":null,"details":{"public_key":"GDDPIR7NCGSBFX3XXVYLPRKGSQRTFALYCZG77YPZ7VNHEWTRYNFL7GT5","weight":1},"operation_id":6056359153909761,"type":10,"type_string":"signer_created"}
{"address":"GCZN66BK6BRZTQ6JVLKXY3VXZ2R2O4OXOZCG6GPZMJRDEXO5Q5ITNEVW","address_muxed":null,"details":{"starting_balance":"50.0000000"},"operation_id":6056363448864769,"type":0,"type_string":"account_created"}
{"address":"GDDPIR7NCGSBFX3XXVYLPRKGSQRTFALYCZG77YPZ7VNHEWTRYNFL7GT5","address_muxed":null,"details":{"amount":"50.0000000","asset_type":"native"},"operation_id":6056363448864769,"type":3,"type_string":"account_debited"}
{"address":"GCZN66BK6BRZTQ6JVLKXY3VXZ2R2O4OXOZCG6GPZMJRDEXO5Q5ITNEVW","address_muxed":null,"details":{"public_key":"GCZN66BK6BRZTQ6JVLKXY3VXZ2R2O4OXOZCG6GPZMJRDEXO5Q5ITNEVW","weight":1},"operation_id":6056363448864769,"type":10,"type_string":"signer_created"}
{"address":"GDUOSPHNSCSBAX3LJZXPLEEYCD2OSVYRETM72BCKTLJEDZQAV23FH2ED","address_muxed":null,"details":{"starting_balance":"10000.0000000"},"operation_id":6056363448868865,"type":0,"type_string":"account_created"}
{"address":"GAIH3ULLFQ4DGSECF2AR555KZ4KNDGEKN4AFI4SU2M7B43MGK3QJZNSR","address_muxed":null,"details":{"amount":"10000.0000000","asset_type":"native"},"operation_id":6056363448868865,"type":3,"type_string":"account_debited"}
{"address":"GDUOSPHNSCSBAX3LJZXPLEEYCD2OSVYRETM72BCKTLJEDZQAV23FH2ED","address_muxed":null,"details":{"public_key":"GDUOSPHNSCSBAX3LJZXPLEEYCD2OSVYRETM72BCKTLJEDZQAV23FH2ED","weight":1},"operation_id":6056363448868865,"type":10,"type_string":"signer_created"}
{"address":"GAY6SCZFSSVASCIAOJZABWBMZJ3SJMHHAOH2AG4ULVNHHEH6QC2GL2EK","address_muxed":null,"details":{"starting_balance":"5.0000000"},"operation_id":6056363448872961,"type":0,"type_string":"account_created"}
{"address":"GCHSC7AT3BPFE3FQPQ7RT7T2DLHWTCPSMBKEAVASB5FQ7PA7WXQ44PYD","address_muxed":null,"details":{"amount":"5.0000000","asset_type":"native"},"operation_id":6056363448872961,"type":3,"type_string":"account_debited"}
{"address":"GAY6SCZFSSVASCIAOJZABWBMZJ3SJMHHAOH2AG4ULVNHHEH6QC2GL2EK","address_muxed":null,"details":{"public_key":"GAY6SCZFSSVASCIAOJZABWBMZJ3SJMHHAOH2AG4ULVNHHEH6QC2GL2EK","weight":1},"operation_id":6056363448872961,"type":10,"type_string":"signer_created"}
{"address":"GCHSC7AT3BPFE3FQPQ7RT7T2DLHWTCPSMBKEAVASB5FQ7PA7WXQ44PYD","address_muxed":null,"details":{"asset_code":"SEC","asset_issuer":"GAY6SCZFSSVASCIAOJZABWBMZJ3SJMHHAOH2AG4ULVNHHEH6QC2GL2EK","asset_type":"credit_alphanum4","limit":"5000000000.0000000"},"operation_id":6056367743832065,"type":20,"type_string":"trustline_created"}
{"address":"GAWJHRXLZSF3RE7KUV7VJCAABYO3PLGMTL2SE4F72OA5RP5SHYB23W2K","address_muxed":null,"details":{"starting_balance":"5.0000000"},"operation_id":6056367743836161,"type":0,"type_string":"account_created"}
{"address":"GCZN66BK6BRZTQ6JVLKXY3VXZ2R2O4OXOZCG6GPZMJRDEXO5Q5ITNEVW","address_muxed":null,"details":{"amount":"5.0000000","asset_type":"native"},"operation_id":6056367743836161,"type":3,"type_string":"account_debited"}
{"address":"GAWJHRXLZSF3RE7KUV7VJCAABYO3PLGMTL2SE4F72OA5RP5SHYB23W2K","address_muxed":null,"details":{"public_key":"GAWJHRXLZSF3RE7KUV7VJCAABYO3PLGMTL2SE4F72OA5RP5SHYB23W2K","weight":1},"operation_id":6056367743836161,"type":10,"type_string":"signer_created"}
{"address":"GDUOSPHNSCSBAX3LJZXPLEEYCD2OSVYRETM72BCKTLJEDZQAV23FH2ED","address_muxed":null,"details":{"amount":"9999.9999900","asset_type":"native"},"operation_id":6056372038799361,"type":3,"type_string":"account_debited"}
{"address":"GBFAIH5WKAJQ77NG6BZG7TGVGXHPX4SQLIJ7BENJMCVCZSUZPSISCLU5","address_muxed":null,"details":{"amount":"9999.9999900","asset_type":"native"},"operation_id":6056372038799361,"type":2,"type_string":"account_credited"}
{"address":"GDUOSPHNSCSBAX3LJZXPLEEYCD2OSVYRETM72BCKTLJEDZQAV23FH2ED","address_muxed":null,"details":{},"operation_id":6056372038799361,"type":1,"type_string":"account_removed"}
{"address":"GCZN66BK6BRZTQ6JVLKXY3VXZ2R2O4OXOZCG6GPZMJRDEXO5Q5ITNEVW","address_muxed":null,"details":{"asset_code":"SEC","asset_issuer":"GAWJHRXLZSF3RE7KUV7VJCAABYO3PLGMTL2SE4F72OA5RP5SHYB23W2K","asset_type":"credit_alphanum4","limit":"5000000000.0000000"},"operation_id":6056372038803457,"type":20,"type_string":"trustline_created"}
{"address":"GCHSC7AT3BPFE3FQPQ7RT7T2DLHWTCPSMBKEAVASB5FQ7PA7WXQ44PYD","address_muxed":null,"details":{"amount":"100.0000000","asset_code":"SEC","asset_issuer":"GAY6SCZFSSVASCIAOJZABWBMZJ3SJMHHAOH2AG4ULVNHHEH6QC2GL2EK","asset_type":"credit_alphanum4"},"operation_id":6056372038811649,"type":2,"type_string":"account_credited"}
{"address":"GAY6SCZFSSVASCIAOJZABWBMZJ3SJMHHAOH2AG4ULVNHHEH6QC2GL2EK","address_muxed":null,"details":{"amount":"100.0000000","asset_code":"SEC","asset_issuer":"GAY6SCZFSSVASCIAOJZABWBMZJ3SJMHHAOH2AG4ULVNHHEH6QC2GL2EK","asset_type":"credit_alphanum4"},"operation_id":6056372038811649,"type":3,"type_string":"account_debited"}
{"address":"GAY6SCZFSSVASCIAOJZABWBMZJ3SJMHHAOH2AG4ULVNHHEH6QC2GL2EK","address_muxed":null,"details":{"amount":"40.0000000","asset_code":"SEC","asset_issuer":"GAY6SCZFSSVASCIAOJZABWBMZJ3SJMHHAOH2AG4ULVNHHEH6QC2GL2EK","asset_type":"credit_alphanum4"},"operation_id":6056376333766657,"type":2,"type_string":"account_credited"}
{"address":"GCHSC7AT3BPFE3FQPQ7RT7T2DLHWTCPSMBKEAVASB5FQ7PA7WXQ44PYD","address_muxed":null,"details":{"amount":"40.0000000","asset_code":"SEC","asset_issuer":"GAY6SCZFSSVASCIAOJZABWBMZJ3SJMHHAOH2AG4ULVNHHEH6QC2GL2EK","asset_type":"credit_alphanum4"},"operation_id":6056376333766657,"type":3,"type_string":"account_debited"}
{"address":"GCZN66BK6BRZTQ6JVLKXY3VXZ2R2O4OXOZCG6GPZMJRDEXO5Q5ITNEVW","address_muxed":null,"details":{"amount":"100.0000000","asset_code":"SEC","asset_issuer":"GAWJHRXLZSF3RE7KUV7VJCAABYO3PLGMTL2SE4F72OA5RP5SHYB23W2K","asset_type":"credit_alphanum4"},"operation_id":6056376333770753,"type":2,"type_string":"account_credited"}
{"address":"GAWJHRXLZSF3RE7KUV7VJCAABYO3PLGMTL2SE4F72OA5RP5SHYB23W2K","address_muxed":null,"details":{"amount":"100.0000000","asset_code":"SEC","asset_issuer":"GAWJHRXLZSF3RE7KUV7VJCAABYO3PLGMTL2SE4F72OA5RP5SHYB23W2K","asset_type":"credit_alphanum4"},"operation_id":6056376333770753,"type":3,"type_string":"account_debited"}
