{"address":"GAGAHNTNALVT3GLALX6KPM6IFAF4WLX2VCLUD25GKD2NA2NVFCESO7AE","address_muxed":null,"details":{"amount":"169.0000000","asset_code":"DRA","asset_issuer":"GCJKSAQECBGSLPQWAU7ME4LVQVZ6IDCNUA5NVTPPCUWZWBN5UBFMXZ53","asset_type":"credit_alphanum4"},"operation_id":110898967570554881,"type":2,"type_string":"account_credited"}
{"address":"GDPMIHQXQQKT4SEWIZYBVOY4RAN3H5SKR3LMIAIHZPS6ZYZO3N6A4AU4","address_muxed":null,"details":{"amount":"169.0000000","asset_code":"DRA","asset_issuer":"GCJKSAQECBGSLPQWAU7ME4LVQVZ6IDCNUA5NVTPPCUWZWBN5UBFMXZ53","asset_type":"credit_alphanum4"},"operation_id":110898967570554881,"type":3,"type_string":"account_debited"}
{"address":"GB3M3X2IDNIKFKMLCCLOXMY3WKXSYUTIIXBGQEBRBYUGCKIJP55FPVA3","address_muxed":null,"details":{"name":"wde","value":"lD2Pd+TbjWN6sUr21tkx4OyePjpdcolFsO1wDiDPqj7Yuc4GL3rJV9QlbFjNYgb89SXX779n9HZOonNZCgqXBw=="},"operation_id":110898967570563073,"type":42,"type_string":"data_updated"}
