{"address":"GBRDHSZL4ZKOI2PTUMM53N3NICZXC5OX3KPCD4WD4NG4XGCBC2ZA3KAG","address_muxed":null,"details":{"asset_code":"AAPL","asset_issuer":"GBRDHSZL4ZKOI2PTUMM53N3NICZXC5OX3KPCD4WD4NG4XGCBC2ZA3KAG","asset_type":"credit_alphanum4","trustor":"GBL73HAKZGDGPSLOHI543CSK7FVJSMLHSIRUZRBH7SV43GM7IQWS7QET"},"operation_id":132379546421833729,"type":26,"type_string":"trustline_flags_updated"}
{"address":"GBRDHSZL4ZKOI2PTUMM53N3NICZXC5OX3KPCD4WD4NG4XGCBC2ZA3KAG","address_muxed":null,"details":{"asset_code":"AAPL","asset_issuer":"GBRDHSZL4ZKOI2PTUMM53N3NICZXC5OX3KPCD4WD4NG4XGCBC2ZA3KAG","asset_type":"credit_alphanum4","authorized_flag":true,"trustor":"GBL73HAKZGDGPSLOHI543CSK7FVJSMLHSIRUZRBH7SV43GM7IQWS7QET"},"operation_id":132379546421833729,"type":26,"type_string":"trustline_flags_updated"}
{"address":"GBRDHSZL4ZKOI2PTUMM53N3NICZXC5OX3KPCD4WD4NG4XGCBC2ZA3KAG","address_muxed":null,"details":{"asset_code":"AAPL","asset_issuer":"GBRDHSZL4ZKOI2PTUMM53N3NICZXC5OX3KPCD4WD4NG4XGCBC2ZA3KAG","asset_type":"credit_alphanum4","trustor":"GBL73HAKZGDGPSLOHI543CSK7FVJSMLHSIRUZRBH7SV43GM7IQWS7QET"},"operation_id":132379546421833738,"type":26,"type_string":"trustline_flags_updated"}
{"address":"GBRDHSZL4ZKOI2PTUMM53N3NICZXC5OX3KPCD4WD4NG4XGCBC2ZA3KAG","address_muxed":null,"details":{"asset_code":"AAPL","asset_issuer":"GBRDHSZL4ZKOI2PTUMM53N3NICZXC5OX3KPCD4WD4NG4XGCBC2ZA3KAG","asset_type":"credit_alphanum4","authorized_to_maintain_liabilites":true,"trustor":"GBL73HAKZGDGPSLOHI543CSK7FVJSMLHSIRUZRBH7SV43GM7IQWS7QET"},"operation_id":132379546421833738,"type":26,"type_string":"trustline_flags_updated"}
{"address":"GBRDHSZL4ZKOI2PTUMM53N3NICZXC5OX3KPCD4WD4NG4XGCBC2ZA3KAG","address_muxed":null,"details":{"asset_code":"AAPL","asset_issuer":"GBRDHSZL4ZKOI2PTUMM53N3NICZXC5OX3KPCD4WD4NG4XGCBC2ZA3KAG","asset_type":"credit_alphanum4","trustor":"GBL73HAKZGDGPSLOHI543CSK7FVJSMLHSIRUZRBH7SV43GM7IQWS7QET"},"operation_id":132379546421833729,"type":26,"type_string":"trustline_flags_updated"}
{"address":"GBRDHSZL4ZKOI2PTUMM53N3NICZXC5OX3KPCD4WD4NG4XGCBC2ZA3KAG","address_muxed":null,"details":{"asset_code":"AAPL","asset_issuer":"GBRDHSZL4ZKOI2PTUMM53N3NICZXC5OX3KPCD4WD4NG4XGCBC2ZA3KAG","asset_type":"credit_alphanum4","authorized_flag":true,"trustor":"GBL73HAKZGDGPSLOHI543CSK7FVJSMLHSIRUZRBH7SV43GM7IQWS7QET"},"operation_id":132379546421833729,"type":26,"type_string":"trustline_flags_updated"}
{"address":"GBRDHSZL4ZKOI2PTUMM53N3NICZXC5OX3KPCD4WD4NG4XGCBC2ZA3KAG","address_muxed":null,"details":{"asset_code":"AAPL","asset_issuer":"GBRDHSZL4ZKOI2PTUMM53N3NICZXC5OX3KPCD4WD4NG4XGCBC2ZA3KAG","asset_type":"credit_alphanum4","trustor":"GBL73HAKZGDGPSLOHI543CSK7FVJSMLHSIRUZRBH7SV43GM7IQWS7QET"},"operation_id":132379546421833738,"type":26,"type_string":"trustline_flags_updated"}
{"address":"GBRDHSZL4ZKOI2PTUMM53N3NICZXC5OX3KPCD4WD4NG4XGCBC2ZA3KAG","address_muxed":null,"details":{"asset_code":"AAPL","asset_issuer":"GBRDHSZL4ZKOI2PTUMM53N3NICZXC5OX3KPCD4WD4NG4XGCBC2ZA3KAG","asset_type":"credit_alphanum4","authorized_to_maintain_liabilites":true,"trustor":"GBL73HAKZGDGPSLOHI543CSK7FVJSMLHSIRUZRBH7SV43GM7IQWS7QET"},"operation_id":132379546421833738,"type":26,"type_string":"trustline_flags_updated"}
{"address":"GBRDHSZL4ZKOI2PTUMM53N3NICZXC5OX3KPCD4WD4NG4XGCBC2ZA3KAG","address_muxed":null,"details":{"asset_code":"AAPL","asset_issuer":"GBRDHSZL4ZKOI2PTUMM53N3NICZXC5OX3KPCD4WD4NG4XGCBC2ZA3KAG","asset_type":"credit_alphanum4","trustor":"GBL73HAKZGDGPSLOHI543CSK7FVJSMLHSIRUZRBH7SV43GM7IQWS7QET"},"operation_id":132379546421833729,"type":26,"type_string":"trustline_flags_updated"}
{"address":"GBRDHSZL4ZKOI2PTUMM53N3NICZXC5OX3KPCD4WD4NG4XGCBC2ZA3KAG","address_muxed":null,"details":{"asset_code":"AAPL","asset_issuer":"GBRDHSZL4ZKOI2PTUMM53N3NICZXC5OX3KPCD4WD4NG4XGCBC2ZA3KAG","asset_type":"credit_alphanum4","authorized_flag":true,"trustor":"GBL73HAKZGDGPSLOHI543CSK7FVJSMLHSIRUZRBH7SV43GM7IQWS7QET"},"operation_id":132379546421833729,"type":26,"type_string":"trustline_flags_updated"}
{"address":"GBRDHSZL4ZKOI2PTUMM53N3NICZXC5OX3KPCD4WD4NG4XGCBC2ZA3KAG","address_muxed":null,"details":{"asset_code":"AAPL","asset_issuer":"GBRDHSZL4ZKOI2PTUMM53N3NICZXC5OX3KPCD4WD4NG4XGCBC2ZA3KAG","asset_type":"credit_alphanum4","trustor":"GBL73HAKZGDGPSLOHI543CSK7FVJSMLHSIRUZRBH7SV43GM7IQWS7QET"},"operation_id":132379546421833738,"type":26,"type_string":"trustline_flags_updated"}
{"address":"GBRDHSZL4ZKOI2PTUMM53N3NICZXC5OX3KPCD4WD4NG4XGCBC2ZA3KAG","address_muxed":null,"details":{"asset_code":"AAPL","asset_issuer":"GBRDHSZL4ZKOI2PTUMM53N3NICZXC5OX3KPCD4WD4NG4XGCBC2ZA3KAG","asset_type":"credit_alphanum4","authorized_to_maintain_liabilites":true,"trustor":"GBL73HAKZGDGPSLOHI543CSK7FVJSMLHSIRUZRBH7SV43GM7IQWS7QET"},"operation_id":132379546421833738,"type":26,"type_string":"trustline_flags_updated"}
{"address":"GBRDHSZL4ZKOI2PTUMM53N3NICZXC5OX3KPCD4WD4NG4XGCBC2ZA3KAG","address_muxed":null,"details":{"asset_code":"AAPL","asset_issuer":"GBRDHSZL4ZKOI2PTUMM53N3NICZXC5OX3KPCD4WD4NG4XGCBC2ZA3KAG","asset_type":"credit_alphanum4","trustor":"GBL73HAKZGDGPSLOHI543CSK7FVJSMLHSIRUZRBH7SV43GM7IQWS7QET"},"operation_id":132379546421833729,"type":26,"type_string":"trustline_flags_updated"}
{"address":"GBRDHSZL4ZKOI2PTUMM53N3NICZXC5OX3KPCD4WD4NG4XGCBC2ZA3KAG","address_muxed":null,"details":{"asset_code":"AAPL","asset_issuer":"GBRDHSZL4ZKOI2PTUMM53N3NICZXC5OX3KPCD4WD4NG4XGCBC2ZA3KAG","asset_type":"credit_alphanum4","authorized_flag":true,"trustor":"GBL73HAKZGDGPSLOHI543CSK7FVJSMLHSIRUZRBH7SV43GM7IQWS7QET"},"operation_id":132379546421833729,"type":26,"type_string":"trustline_flags_updated"}
{"address":"GBRDHSZL4ZKOI2PTUMM53N3NICZXC5OX3KPCD4WD4NG4XGCBC2ZA3KAG","address_muxed":null,"details":{"asset_code":"AAPL","asset_issuer":"GBRDHSZL4ZKOI2PTUMM53N3NICZXC5OX3KPCD4WD4NG4XGCBC2ZA3KAG","asset_type":"credit_alphanum4","trustor":"GBL73HAKZGDGPSLOHI543CSK7FVJSMLHSIRUZRBH7SV43GM7IQWS7QET"},"operation_id":132379546421833738,"type":26,"type_string":"trustline_flags_updated"}
{"address":"GBRDHSZL4ZKOI2PTUMM53N3NICZXC5OX3KPCD4WD4NG4XGCBC2ZA3KAG","address_muxed":null,"details":{"asset_code":"AAPL","asset_issuer":"GBRDHSZL4ZKOI2PTUMM53N3NICZXC5OX3KPCD4WD4NG4XGCBC2ZA3KAG","asset_type":"credit_alphanum4","authorized_to_maintain_liabilites":true,"trustor":"GBL73HAKZGDGPSLOHI543CSK7FVJSMLHSIRUZRBH7SV43GM7IQWS7QET"},"operation_id":132379546421833738,"type":26,"type_string":"trustline_flags_updated"}
{"address":"GBRDHSZL4ZKOI2PTUMM53N3NICZXC5OX3KPCD4WD4NG4XGCBC2ZA3KAG","address_muxed":null,"details":{"asset_code":"AAPL","asset_issuer":"GBRDHSZL4ZKOI2PTUMM53N3NICZXC5OX3KPCD4WD4NG4XGCBC2ZA3KAG","asset_type":"credit_alphanum4","trustor":"GBL73HAKZGDGPSLOHI543CSK7FVJSMLHSIRUZRBH7SV43GM7IQWS7QET"},"operation_id":132379546421833729,"type":26,"type_string":"trustline_flags_updated"}
{"address":"GBRDHSZL4ZKOI2PTUMM53N3NICZXC5OX3KPCD4WD4NG4XGCBC2ZA3KAG","address_muxed":null,"details":{"asset_code":"AAPL","asset_issuer":"GBRDHSZL4ZKOI2PTUMM53N3NICZXC5OX3KPCD4WD4NG4XGCBC2ZA3KAG","asset_type":"credit_alphanum4","authorized_flag":true,"trustor":"GBL73HAKZGDGPSLOHI543CSK7FVJSMLHSIRUZRBH7SV43GM7IQWS7QET"},"operation_id":132379546421833729,"type":26,"type_string":"trustline_flags_updated"}
{"address":"GBRDHSZL4ZKOI2PTUMM53N3NICZXC5OX3KPCD4WD4NG4XGCBC2ZA3KAG","address_muxed":null,"details":{"asset_code":"AAPL","asset_issuer":"GBRDHSZL4ZKOI2PTUMM53N3NICZXC5OX3KPCD4WD4NG4XGCBC2ZA3KAG","asset_type":"credit_alphanum4","trustor":"GBL73HAKZGDGPSLOHI543CSK7FVJSMLHSIRUZRBH7SV43GM7IQWS7QET"},"operation_id":132379546421833738,"type":26,"type_string":"trustline_flags_updated"}
{"address":"GBRDHSZL4ZKOI2PTUMM53N3NICZXC5OX3KPCD4WD4NG4XGCBC2ZA3KAG","address_muxed":null,"details":{"asset_code":"AAPL","asset_issuer":"GBRDHSZL4ZKOI2PTUMM53N3NICZXC5OX3KPCD4WD4NG4XGCBC2ZA3KAG","asset_type":"credit_alphanum4","authorized_to_maintain_liabilites":true,"trustor":"GBL73HAKZGDGPSLOHI543CSK7FVJSMLHSIRUZRBH7SV43GM7IQWS7QET"},"operation_id":132379546421833738,"type":26,"type_string":"trustline_flags_updated"}
{"address":"GBRDHSZL4ZKOI2PTUMM53N3NICZXC5OX3KPCD4WD4NG4XGCBC2ZA3KAG","address_muxed":null,"details":{"asset_code":"AAPL","asset_issuer":"GBRDHSZL4ZKOI2PTUMM53N3NICZXC5OX3KPCD4WD4NG4XGCBC2ZA3KAG","asset_type":"credit_alphanum4","trustor":"GBL73HAKZGDGPSLOHI543CSK7FVJSMLHSIRUZRBH7SV43GM7IQWS7QET"},"operation_id":132379546421833729,"type":26,"type_string":"trustline_flags_updated"}
{"address":"GBRDHSZL4ZKOI2PTUMM53N3NICZXC5OX3KPCD4WD4NG4XGCBC2ZA3KAG","address_muxed":null,"details":{"asset_code":"AAPL","asset_issuer":"GBRDHSZL4ZKOI2PTUMM53N3NICZXC5OX3KPCD4WD4NG4XGCBC2ZA3KAG","asset_type":"credit_alphanum4","authorized_flag":true,"trustor":"GBL73HAKZGDGPSLOHI543CSK7FVJSMLHSIRUZRBH7SV43GM7IQWS7QET"},"operation_id":132379546421833729,"type":26,"type_string":"trustline_flags_updated"}
{"address":"GBRDHSZL4ZKOI2PTUMM53N3NICZXC5OX3KPCD4WD4NG4XGCBC2ZA3KAG","address_muxed":null,"details":{"asset_code":"AAPL","asset_issuer":"GBRDHSZL4ZKOI2PTUMM53N3NICZXC5OX3KPCD4WD4NG4XGCBC2ZA3KAG","asset_type":"credit_alphanum4","trustor":"GBL73HAKZGDGPSLOHI543CSK7FVJSMLHSIRUZRBH7SV43GM7IQWS7QET"},"operation_id":132379546421833738,"type":26,"type_string":"trustline_flags_updated"}
{"address":"GBRDHSZL4ZKOI2PTUMM53N3NICZXC5OX3KPCD4WD4NG4XGCBC2ZA3KAG","address_muxed":null,"details":{"asset_code":"AAPL","asset_issuer":"GBRDHSZL4ZKOI2PTUMM53N3NICZXC5OX3KPCD4WD4NG4XGCBC2ZA3KAG","asset_type":"credit_alphanum4","authorized_to_maintain_liabilites":true,"trustor":"GBL73HAKZGDGPSLOHI543CSK7FVJSMLHSIRUZRBH7SV43GM7IQWS7QET"},"operation_id":132379546421833738,"type":26,"type_string":"trustline_flags_updated"}
{"address":"GBRDHSZL4ZKOI2PTUMM53N3NICZXC5OX3KPCD4WD4NG4XGCBC2ZA3KAG","address_muxed":null,"details":{"asset_code":"AAPL","asset_issuer":"GBRDHSZL4ZKOI2PTUMM53N3NICZXC5OX3KPCD4WD4NG4XGCBC2ZA3KAG","asset_type":"credit_alphanum4","trustor":"GBL73HAKZGDGPSLOHI543CSK7FVJSMLHSIRUZRBH7SV43GM7IQWS7QET"},"operation_id":132379546421833729,"type":26,"type_string":"trustline_flags_updated"}
{"address":"GBRDHSZL4ZKOI2PTUMM53N3NICZXC5OX3KPCD4WD4NG4XGCBC2ZA3KAG","address_muxed":null,"details":{"asset_code":"AAPL","asset_issuer":"GBRDHSZL4ZKOI2PTUMM53N3NICZXC5OX3KPCD4WD4NG4XGCBC2ZA3KAG","asset_type":"credit_alphanum4","authorized_flag":true,"trustor":"GBL73HAKZGDGPSLOHI543CSK7FVJSMLHSIRUZRBH7SV43GM7IQWS7QET"},"operation_id":132379546421833729,"type":26,"type_string":"trustline_flags_updated"}
{"address":"GBRDHSZL4ZKOI2PTUMM53N3NICZXC5OX3KPCD4WD4NG4XGCBC2ZA3KAG","address_muxed":null,"details":{"asset_code":"AAPL","asset_issuer":"GBRDHSZL4ZKOI2PTUMM53N3NICZXC5OX3KPCD4WD4NG4XGCBC2ZA3KAG","asset_type":"credit_alphanum4","trustor":"GBL73HAKZGDGPSLOHI543CSK7FVJSMLHSIRUZRBH7SV43GM7IQWS7QET"},"operation_id":132379546421833738,"type":26,"type_string":"trustline_flags_updated"}
{"address":"GBRDHSZL4ZKOI2PTUMM53N3NICZXC5OX3KPCD4WD4NG4XGCBC2ZA3KAG","address_muxed":null,"details":{"asset_code":"AAPL","asset_issuer":"GBRDHSZL4ZKOI2PTUMM53N3NICZXC5OX3KPCD4WD4NG4XGCBC2ZA3KAG","asset_type":"credit_alphanum4","authorized_to_maintain_liabilites":true,"trustor":"GBL73HAKZGDGPSLOHI543CSK7FVJSMLHSIRUZRBH7SV43GM7IQWS7QET"},"operation_id":132379546421833738,"type":26,"type_string":"trustline_flags_updated"}
{"address":"GBRDHSZL4ZKOI2PTUMM53N3NICZXC5OX3KPCD4WD4NG4XGCBC2ZA3KAG","address_muxed":null,"details":{"asset_code":"AAPL","asset_issuer":"GBRDHSZL4ZKOI2PTUMM53N3NICZXC5OX3KPCD4WD4NG4XGCBC2ZA3KAG","asset_type":"credit_alphanum4","trustor":"GBL73HAKZGDGPSLOHI543CSK7FVJSMLHSIRUZRBH7SV43GM7IQWS7QET"},"operation_id":132379546421833729,"type":26,"type_string":"trustline_flags_updated"}
{"address":"GBRDHSZL4ZKOI2PTUMM53N3NICZXC5OX3KPCD4WD4NG4XGCBC2ZA3KAG","address_muxed":null,"details":{"asset_code":"AAPL","asset_issuer":"GBRDHSZL4ZKOI2PTUMM53N3NICZXC5OX3KPCD4WD4NG4XGCBC2ZA3KAG","asset_type":"credit_alphanum4","authorized_flag":true,"trustor":"GBL73HAKZGDGPSLOHI543CSK7FVJSMLHSIRUZRBH7SV43GM7IQWS7QET"},"operation_id":132379546421833729,"type":26,"type_string":"trustline_flags_updated"}
{"address":"GBRDHSZL4ZKOI2PTUMM53N3NICZXC5OX3KPCD4WD4NG4XGCBC2ZA3KAG","address_muxed":null,"details":{"asset_code":"AAPL","asset_issuer":"GBRDHSZL4ZKOI2PTUMM53N3NICZXC5OX3KPCD4WD4NG4XGCBC2ZA3KAG","asset_type":"credit_alphanum4","trustor":"GBL73HAKZGDGPSLOHI543CSK7FVJSMLHSIRUZRBH7SV43GM7IQWS7QET"},"operation_id":132379546421833738,"type":26,"type_string":"trustline_flags_updated"}
{"address":"GBRDHSZL4ZKOI2PTUMM53N3NICZXC5OX3KPCD4WD4NG4XGCBC2ZA3KAG","address_muxed":null,"details":{"asset_code":"AAPL","asset_issuer":"GBRDHSZL4ZKOI2PTUMM53N3NICZXC5OX3KPCD4WD4NG4XGCBC2ZA3KAG","asset_type":"credit_alphanum4","authorized_to_maintain_liabilites":true,"trustor":"GBL73HAKZGDGPSLOHI543CSK7FVJSMLHSIRUZRBH7SV43GM7IQWS7QET"},"operation_id":132379546421833738,"type":26,"type_string":"trustline_flags_updated"}
{"address":"GBRDHSZL4ZKOI2PTUMM53N3NICZXC5OX3KPCD4WD4NG4XGCBC2ZA3KAG","address_muxed":null,"details":{"asset_code":"AAPL","asset_issuer":"GBRDHSZL4ZKOI2PTUMM53N3NICZXC5OX3KPCD4WD4NG4XGCBC2ZA3KAG","asset_type":"credit_alphanum4","trustor":"GBL73HAKZGDGPSLOHI543CSK7FVJSMLHSIRUZRBH7SV43GM7IQWS7QET"},"operation_id":132379546421833729,"type":26,"type_string":"trustline_flags_updated"}
{"address":"GBRDHSZL4ZKOI2PTUMM53N3NICZXC5OX3KPCD4WD4NG4XGCBC2ZA3KAG","address_muxed":null,"details":{"asset_code":"AAPL","asset_issuer":"GBRDHSZL4ZKOI2PTUMM53N3NICZXC5OX3KPCD4WD4NG4XGCBC2ZA3KAG","asset_type":"credit_alphanum4","authorized_flag":true,"trustor":"GBL73HAKZGDGPSLOHI543CSK7FVJSMLHSIRUZRBH7SV43GM7IQWS7QET"},"operation_id":132379546421833729,"type":26,"type_string":"trustline_flags_updated"}
{"address":"GBRDHSZL4ZKOI2PTUMM53N3NICZXC5OX3KPCD4WD4NG4XGCBC2ZA3KAG","address_muxed":null,"details":{"asset_code":"AAPL","asset_issuer":"GBRDHSZL4ZKOI2PTUMM53N3NICZXC5OX3KPCD4WD4NG4XGCBC2ZA3KAG","asset_type":"credit_alphanum4","trustor":"GBL73HAKZGDGPSLOHI543CSK7FVJSMLHSIRUZRBH7SV43GM7IQWS7QET"},"operation_id":132379546421833738,"type":26,"type_string":"trustline_flags_updated"}
{"address":"GBRDHSZL4ZKOI2PTUMM53N3NICZXC5OX3KPCD4WD4NG4XGCBC2ZA3KAG","address_muxed":null,"details":{"asset_code":"AAPL","asset_issuer":"GBRDHSZL4ZKOI2PTUMM53N3NICZXC5OX3KPCD4WD4NG4XGCBC2ZA3KAG","asset_type":"credit_alphanum4","authorized_to_maintain_liabilites":true,"trustor":"GBL73HAKZGDGPSLOHI543CSK7FVJSMLHSIRUZRBH7SV43GM7IQWS7QET"},"operation_id":132379546421833738,"type":26,"type_string":"trustline_flags_updated"}
{"address":"GBRDHSZL4ZKOI2PTUMM53N3NICZXC5OX3KPCD4WD4NG4XGCBC2ZA3KAG","address_muxed":null,"details":{"asset_code":"AAPL","asset_issuer":"GBRDHSZL4ZKOI2PTUMM53N3NICZXC5OX3KPCD4WD4NG4XGCBC2ZA3KAG","asset_type":"credit_alphanum4","trustor":"GBL73HAKZGDGPSLOHI543CSK7FVJSMLHSIRUZRBH7SV43GM7IQWS7QET"},"operation_id":132379546421833729,"type":26,"type_string":"trustline_flags_updated"}
{"address":"GBRDHSZL4ZKOI2PTUMM53N3NICZXC5OX3KPCD4WD4NG4XGCBC2ZA3KAG","address_muxed":null,"details":{"asset_code":"AAPL","asset_issuer":"GBRDHSZL4ZKOI2PTUMM53N3NICZXC5OX3KPCD4WD4NG4XGCBC2ZA3KAG","asset_type":"credit_alphanum4","authorized_flag":true,"trustor":"GBL73HAKZGDGPSLOHI543CSK7FVJSMLHSIRUZRBH7SV43GM7IQWS7QET"},"operation_id":132379546421833729,"type":26,"type_string":"trustline_flags_updated"}
{"address":"GBRDHSZL4ZKOI2PTUMM53N3NICZXC5OX3KPCD4WD4NG4XGCBC2ZA3KAG","address_muxed":null,"details":{"asset_code":"AAPL","asset_issuer":"GBRDHSZL4ZKOI2PTUMM53N3NICZXC5OX3KPCD4WD4NG4XGCBC2ZA3KAG","asset_type":"credit_alphanum4","trustor":"GBL73HAKZGDGPSLOHI543CSK7FVJSMLHSIRUZRBH7SV43GM7IQWS7QET"},"operation_id":132379546421833738,"type":26,"type_string":"trustline_flags_updated"}
{"address":"GBRDHSZL4ZKOI2PTUMM53N3NICZXC5OX3KPCD4WD4NG4XGCBC2ZA3KAG","address_muxed":null,"details":{"asset_code":"AAPL","asset_issuer":"GBRDHSZL4ZKOI2PTUMM53N3NICZXC5OX3KPCD4WD4NG4XGCBC2ZA3KAG","asset_type":"credit_alphanum4","authorized_to_maintain_liabilites":true,"trustor":"GBL73HAKZGDGPSLOHI543CSK7FVJSMLHSIRUZRBH7SV43GM7IQWS7QET"},"operation_id":132379546421833738,"type":26,"type_string":"trustline_flags_updated"}
{"address":"GBRDHSZL4ZKOI2PTUMM53N3NICZXC5OX3KPCD4WD4NG4XGCBC2ZA3KAG","address_muxed":null,"details":{"asset_code":"FB","asset_issuer":"GBRDHSZL4ZKOI2PTUMM53N3NICZXC5OX3KPCD4WD4NG4XGCBC2ZA3KAG","asset_type":"credit_alphanum4","trustor":"GCKXU5C7AMKKAPYTEX4LIHAL6JT4LAQOMVFI7T3VIG6TZNGPEHCYNPQB"},"operation_id":132379546421952513,"type":26,"type_string":"trustline_flags_updated"}
{"address":"GBRDHSZL4ZKOI2PTUMM53N3NICZXC5OX3KPCD4WD4NG4XGCBC2ZA3KAG","address_muxed":null,"details":{"asset_code":"FB","asset_issuer":"GBRDHSZL4ZKOI2PTUMM53N3NICZXC5OX3KPCD4WD4NG4XGCBC2ZA3KAG","asset_type":"credit_alphanum4","authorized_flag":true,"trustor":"GCKXU5C7AMKKAPYTEX4LIHAL6JT4LAQOMVFI7T3VIG6TZNGPEHCYNPQB"},"operation_id":132379546421952513,"type":26,"type_string":"trustline_flags_updated"}
{"address":"GBRDHSZL4ZKOI2PTUMM53N3NICZXC5OX3KPCD4WD4NG4XGCBC2ZA3KAG","address_muxed":null,"details":{"asset_code":"FB","asset_issuer":"GBRDHSZL4ZKOI2PTUMM53N3NICZXC5OX3KPCD4WD4NG4XGCBC2ZA3KAG","asset_type":"credit_alphanum4","trustor":"GCKXU5C7AMKKAPYTEX4LIHAL6JT4LAQOMVFI7T3VIG6TZNGPEHCYNPQB"},"operation_id":132379546421952522,"type":26,"type_string":"trustline_flags_updated"}
{"address":"GBRDHSZL4ZKOI2PTUMM53N3NICZXC5OX3KPCD4WD4NG4XGCBC2ZA3KAG","address_muxed":null,"details":{"asset_code":"FB","asset_issuer":"GBRDHSZL4ZKOI2PTUMM53N3NICZXC5OX3KPCD4WD4NG4XGCBC2ZA3KAG","asset_type":"credit_alphanum4","authorized_to_maintain_liabilites":true,"trustor":"GCKXU5C7AMKKAPYTEX4LIHAL6JT4LAQOMVFI7T3VIG6TZNGPEHCYNPQB"},"operation_id":132379546421952522,"type":26,"type_string":"trustline_flags_updated"}
{"address":"GBRDHSZL4ZKOI2PTUMM53N3NICZXC5OX3KPCD4WD4NG4XGCBC2ZA3KAG","address_muxed":null,"details":{"asset_code":"FB","asset_issuer":"GBRDHSZL4ZKOI2PTUMM53N3NICZXC5OX3KPCD4WD4NG4XGCBC2ZA3KAG","asset_type":"credit_alphanum4","trustor":"GCKXU5C7AMKKAPYTEX4LIHAL6JT4LAQOMVFI7T3VIG6TZNGPEHCYNPQB"},"operation_id":132379546421952513,"type":26,"type_string":"trustline_flags_updated"}
{"address":"GBRDHSZL4ZKOI2PTUMM53N3NICZXC5OX3KPCD4WD4NG4XGCBC2ZA3KAG","address_muxed":null,"details":{"asset_code":"FB","asset_issuer":"GBRDHSZL4ZKOI2PTUMM53N3NICZXC5OX3KPCD4WD4NG4XGCBC2ZA3KAG","asset_type":"credit_alphanum4","authorized_flag":true,"trustor":"GCKXU5C7AMKKAPYTEX4LIHAL6JT4LAQOMVFI7T3VIG6TZNGPEHCYNPQB"},"operation_id":132379546421952513,"type":26,"type_string":"trustline_flags_updated"}
{"address":"GBRDHSZL4ZKOI2PTUMM53N3NICZXC5OX3KPCD4WD4NG4XGCBC2ZA3KAG","address_muxed":null,"details":{"asset_code":"FB","asset_issuer":"GBRDHSZL4ZKOI2PTUMM53N3NICZXC5OX3KPCD4WD4NG4XGCBC2ZA3KAG","asset_type":"credit_alphanum4","trustor":"GCKXU5C7AMKKAPYTEX4LIHAL6JT4LAQOMVFI7T3VIG6TZNGPEHCYNPQB"},"operation_id":132379546421952522,"type":26,"type_string":"trustline_flags_updated"}
{"address":"GBRDHSZL4ZKOI2PTUMM53N3NICZXC5OX3KPCD4WD4NG4XGCBC2ZA3KAG","address_muxed":null,"details":{"asset_code":"FB","asset_issuer":"GBRDHSZL4ZKOI2PTUMM53N3NICZXC5OX3KPCD4WD4NG4XGCBC2ZA3KAG","asset_type":"credit_alphanum4","authorized_to_maintain_liabilites":true,"trustor":"GCKXU5C7AMKKAPYTEX4LIHAL6JT4LAQOMVFI7T3VIG6TZNGPEHCYNPQB"},"operation_id":132379546421952522,"type":26,"type_string":"trustline_flags_updated"}
{"address":"GBRDHSZL4ZKOI2PTUMM53N3NICZXC5OX3KPCD4WD4NG4XGCBC2ZA3KAG","address_muxed":null,"details":{"asset_code":"FB","asset_issuer":"GBRDHSZL4ZKOI2PTUMM53N3NICZXC5OX3KPCD4WD4NG4XGCBC2ZA3KAG","asset_type":"credit_alphanum4","trustor":"GCKXU5C7AMKKAPYTEX4LIHAL6JT4LAQOMVFI7T3VIG6TZNGPEHCYNPQB"},"operation_id":132379546421952513,"type":26,"type_string":"trustline_flags_updated"}
{"address":"GBRDHSZL4ZKOI2PTUMM53N3NICZXC5OX3KPCD4WD4NG4XGCBC2ZA3KAG","address_muxed":null,"details":{"asset_code":"FB","asset_issuer":"GBRDHSZL4ZKOI2PTUMM53N3NICZXC5OX3KPCD4WD4NG4XGCBC2ZA3KAG","asset_type":"credit_alphanum4","authorized_flag":true,"trustor":"GCKXU5C7AMKKAPYTEX4LIHAL6JT4LAQOMVFI7T3VIG6TZNGPEHCYNPQB"},"operation_id":132379546421952513,"type":26,"type_string":"trustline_flags_updated"}
{"address":"GBRDHSZL4ZKOI2PTUMM53N3NICZXC5OX3KPCD4WD4NG4XGCBC2ZA3KAG","address_muxed":null,"details":{"asset_code":"FB","asset_issuer":"GBRDHSZL4ZKOI2PTUMM53N3NICZXC5OX3KPCD4WD4NG4XGCBC2ZA3KAG","asset_type":"credit_alphanum4","trustor":"GCKXU5C7AMKKAPYTEX4LIHAL6JT4LAQOMVFI7T3VIG6TZNGPEHCYNPQB"},"operation_id":132379546421952522,"type":26,"type_string":"trustline_flags_updated"}
{"address":"GBRDHSZL4ZKOI2PTUMM53N3NICZXC5OX3KPCD4WD4NG4XGCBC2ZA3KAG","address_muxed":null,"details":{"asset_code":"FB","asset_issuer":"GBRDHSZL4ZKOI2PTUMM53N3NICZXC5OX3KPCD4WD4NG4XGCBC2ZA3KAG","asset_type":"credit_alphanum4","authorized_to_maintain_liabilites":true,"trustor":"GCKXU5C7AMKKAPYTEX4LIHAL6JT4LAQOMVFI7T3VIG6TZNGPEHCYNPQB"},"operation_id":132379546421952522,"type":26,"type_string":"trustline_flags_updated"}
{"address":"GBRDHSZL4ZKOI2PTUMM53N3NICZXC5OX3KPCD4WD4NG4XGCBC2ZA3KAG","address_muxed":null,"details":{"asset_code":"FB","asset_issuer":"GBRDHSZL4ZKOI2PTUMM53N3NICZXC5OX3KPCD4WD4NG4XGCBC2ZA3KAG","asset_type":"credit_alphanum4","trustor":"GCKXU5C7AMKKAPYTEX4LIHAL6JT4LAQOMVFI7T3VIG6TZNGPEHCYNPQB"},"operation_id":132379546421952513,"type":26,"type_string":"trustline_flags_updated"}
{"address":"GBRDHSZL4ZKOI2PTUMM53N3NICZXC5OX3KPCD4WD4NG4XGCBC2ZA3KAG","address_muxed":null,"details":{"asset_code":"FB","asset_issuer":"GBRDHSZL4ZKOI2PTUMM53N3NICZXC5OX3KPCD4WD4NG4XGCBC2ZA3KAG","asset_type":"credit_alphanum4","authorized_flag":true,"trustor":"GCKXU5C7AMKKAPYTEX4LIHAL6JT4LAQOMVFI7T3VIG6TZNGPEHCYNPQB"},"operation_id":132379546421952513,"type":26,"type_string":"trustline_flags_updated"}
{"address":"GBRDHSZL4ZKOI2PTUMM53N3NICZXC5OX3KPCD4WD4NG4XGCBC2ZA3KAG","address_muxed":null,"details":{"asset_code":"FB","asset_issuer":"GBRDHSZL4ZKOI2PTUMM53N3NICZXC5OX3KPCD4WD4NG4XGCBC2ZA3KAG","asset_type":"credit_alphanum4","trustor":"GCKXU5C7AMKKAPYTEX4LIHAL6JT4LAQOMVFI7T3VIG6TZNGPEHCYNPQB"},"operation_id":132379546421952522,"type":26,"type_string":"trustline_flags_updated"}
{"address":"GBRDHSZL4ZKOI2PTUMM53N3NICZXC5OX3KPCD4WD4NG4XGCBC2ZA3KAG","address_muxed":null,"details":{"asset_code":"FB","asset_issuer":"GBRDHSZL4ZKOI2PTUMM53N3NICZXC5OX3KPCD4WD4NG4XGCBC2ZA3KAG","asset_type":"credit_alphanum4","authorized_to_maintain_liabilites":true,"trustor":"GCKXU5C7AMKKAPYTEX4LIHAL6JT4LAQOMVFI7T3VIG6TZNGPEHCYNPQB"},"operation_id":132379546421952522,"type":26,"type_string":"trustline_flags_updated"}
{"address":"GBRDHSZL4ZKOI2PTUMM53N3NICZXC5OX3KPCD4WD4NG4XGCBC2ZA3KAG","address_muxed":null,"details":{"asset_code":"FB","asset_issuer":"GBRDHSZL4ZKOI2PTUMM53N3NICZXC5OX3KPCD4WD4NG4XGCBC2ZA3KAG","asset_type":"credit_alphanum4","trustor":"GCKXU5C7AMKKAPYTEX4LIHAL6JT4LAQOMVFI7T3VIG6TZNGPEHCYNPQB"},"operation_id":132379546421952513,"type":26,"type_string":"trustline_flags_updated"}
{"address":"GBRDHSZL4ZKOI2PTUMM53N3NICZXC5OX3KPCD4WD4NG4XGCBC2ZA3KAG","address_muxed":null,"details":{"asset_code":"FB","asset_issuer":"GBRDHSZL4ZKOI2PTUMM53N3NICZXC5OX3KPCD4WD4NG4XGCBC2ZA3KAG","asset_type":"credit_alphanum4","authorized_flag":true,"trustor":"GCKXU5C7AMKKAPYTEX4LIHAL6JT4LAQOMVFI7T3VIG6TZNGPEHCYNPQB"},"operation_id":132379546421952513,"type":26,"type_string":"trustline_flags_updated"}
{"address":"GBRDHSZL4ZKOI2PTUMM53N3NICZXC5OX3KPCD4WD4NG4XGCBC2ZA3KAG","address_muxed":null,"details":{"asset_code":"FB","asset_issuer":"GBRDHSZL4ZKOI2PTUMM53N3NICZXC5OX3KPCD4WD4NG4XGCBC2ZA3KAG","asset_type":"credit_alphanum4","trustor":"GCKXU5C7AMKKAPYTEX4LIHAL6JT4LAQOMVFI7T3VIG6TZNGPEHCYNPQB"},"operation_id":132379546421952522,"type":26,"type_string":"trustline_flags_updated"}
{"address":"GBRDHSZL4ZKOI2PTUMM53N3NICZXC5OX3KPCD4WD4NG4XGCBC2ZA3KAG","address_muxed":null,"details":{"asset_code":"FB","asset_issuer":"GBRDHSZL4ZKOI2PTUMM53N3NICZXC5OX3KPCD4WD4NG4XGCBC2ZA3KAG","asset_type":"credit_alphanum4","authorized_to_maintain_liabilites":true,"trustor":"GCKXU5C7AMKKAPYTEX4LIHAL6JT4LAQOMVFI7T3VIG6TZNGPEHCYNPQB"},"operation_id":132379546421952522,"type":26,"type_string":"trustline_flags_updated"}
{"address":"GBRDHSZL4ZKOI2PTUMM53N3NICZXC5OX3KPCD4WD4NG4XGCBC2ZA3KAG","address_muxed":null,"details":{"asset_code":"FB","asset_issuer":"GBRDHSZL4ZKOI2PTUMM53N3NICZXC5OX3KPCD4WD4NG4XGCBC2ZA3KAG","asset_type":"credit_alphanum4","trustor":"GCKXU5C7AMKKAPYTEX4LIHAL6JT4LAQOMVFI7T3VIG6TZNGPEHCYNPQB"},"operation_id":132379546421952513,"type":26,"type_string":"trustline_flags_updated"}
{"address":"GBRDHSZL4ZKOI2PTUMM53N3NICZXC5OX3KPCD4WD4NG4XGCBC2ZA3KAG","address_muxed":null,"details":{"asset_code":"FB","asset_issuer":"GBRDHSZL4ZKOI2PTUMM53N3NICZXC5OX3KPCD4WD4NG4XGCBC2ZA3KAG","asset_type":"credit_alphanum4","authorized_flag":true,"trustor":"GCKXU5C7AMKKAPYTEX4LIHAL6JT4LAQOMVFI7T3VIG6TZNGPEHCYNPQB"},"operation_id":132379546421952513,"type":26,"type_string":"trustline_flags_updated"}
{"address":"GBRDHSZL4ZKOI2PTUMM53N3NICZXC5OX3KPCD4WD4NG4XGCBC2ZA3KAG","address_muxed":null,"details":{"asset_code":"FB","asset_issuer":"GBRDHSZL4ZKOI2PTUMM53N3NICZXC5OX3KPCD4WD4NG4XGCBC2ZA3KAG","asset_type":"credit_alphanum4","trustor":"GCKXU5C7AMKKAPYTEX4LIHAL6JT4LAQOMVFI7T3VIG6TZNGPEHCYNPQB"},"operation_id":132379546421952522,"type":26,"type_string":"trustline_flags_updated"}
{"address":"GBRDHSZL4ZKOI2PTUMM53N3NICZXC5OX3KPCD4WD4NG4XGCBC2ZA3KAG","address_muxed":null,"details":{"asset_code":"FB","asset_issuer":"GBRDHSZL4ZKOI2PTUMM53N3NICZXC5OX3KPCD4WD4NG4XGCBC2ZA3KAG","asset_type":"credit_alphanum4","authorized_to_maintain_liabilites":true,"trustor":"GCKXU5C7AMKKAPYTEX4LIHAL6JT4LAQOMVFI7T3VIG6TZNGPEHCYNPQB"},"operation_id":132379546421952522,"type":26,"type_string":"trustline_flags_updated"}
{"address":"GBRDHSZL4ZKOI2PTUMM53N3NICZXC5OX3KPCD4WD4NG4XGCBC2ZA3KAG","address_muxed":null,"details":{"asset_code":"FB","asset_issuer":"GBRDHSZL4ZKOI2PTUMM53N3NICZXC5OX3KPCD4WD4NG4XGCBC2ZA3KAG","asset_type":"credit_alphanum4","trustor":"GCKXU5C7AMKKAPYTEX4LIHAL6JT4LAQOMVFI7T3VIG6TZNGPEHCYNPQB"},"operation_id":132379546421952513,"type":26,"type_string":"trustline_flags_updated"}
{"address":"GBRDHSZL4ZKOI2PTUMM53N3NICZXC5OX3KPCD4WD4NG4XGCBC2ZA3KAG","address_muxed":null,"details":{"asset_code":"FB","asset_issuer":"GBRDHSZL4ZKOI2PTUMM53N3NICZXC5OX3KPCD4WD4NG4XGCBC2ZA3KAG","asset_type":"credit_alphanum4","authorized_flag":true,"trustor":"GCKXU5C7AMKKAPYTEX4LIHAL6JT4LAQOMVFI7T3VIG6TZNGPEHCYNPQB"},"operation_id":132379546421952513,"type":26,"type_string":"trustline_flags_updated"}
{"address":"GBRDHSZL4ZKOI2PTUMM53N3NICZXC5OX3KPCD4WD4NG4XGCBC2ZA3KAG","address_muxed":null,"details":{"asset_code":"FB","asset_issuer":"GBRDHSZL4ZKOI2PTUMM53N3NICZXC5OX3KPCD4WD4NG4XGCBC2ZA3KAG","asset_type":"credit_alphanum4","trustor":"GCKXU5C7AMKKAPYTEX4LIHAL6JT4LAQOMVFI7T3VIG6TZNGPEHCYNPQB"},"operation_id":132379546421952522,"type":26,"type_string":"trustline_flags_updated"}
{"address":"GBRDHSZL4ZKOI2PTUMM53N3NICZXC5OX3KPCD4WD4NG4XGCBC2ZA3KAG","address_muxed":null,"details":{"asset_code":"FB","asset_issuer":"GBRDHSZL4ZKOI2PTUMM53N3NICZXC5OX3KPCD4WD4NG4XGCBC2ZA3KAG","asset_type":"credit_alphanum4","authorized_to_maintain_liabilites":true,"trustor":"GCKXU5C7AMKKAPYTEX4LIHAL6JT4LAQOMVFI7T3VIG6TZNGPEHCYNPQB"},"operation_id":132379546421952522,"type":26,"type_string":"trustline_flags_updated"}
{"address":"GBRDHSZL4ZKOI2PTUMM53N3NICZXC5OX3KPCD4WD4NG4XGCBC2ZA3KAG","address_muxed":null,"details":{"asset_code":"FB","asset_issuer":"GBRDHSZL4ZKOI2PTUMM53N3NICZXC5OX3KPCD4WD4NG4XGCBC2ZA3KAG","asset_type":"credit_alphanum4","trustor":"GCKXU5C7AMKKAPYTEX4LIHAL6JT4LAQOMVFI7T3VIG6TZNGPEHCYNPQB"},"operation_id":132379546421952513,"type":26,"type_string":"trustline_flags_updated"}
{"address":"GBRDHSZL4ZKOI2PTUMM53N3NICZXC5OX3KPCD4WD4NG4XGCBC2ZA3KAG","address_muxed":null,"details":{"asset_code":"FB","asset_issuer":"GBRDHSZL4ZKOI2PTUMM53N3NICZXC5OX3KPCD4WD4NG4XGCBC2ZA3KAG","asset_type":"credit_alphanum4","authorized_flag":true,"trustor":"GCKXU5C7AMKKAPYTEX4LIHAL6JT4LAQOMVFI7T3VIG6TZNGPEHCYNPQB"},"operation_id":132379546421952513,"type":26,"type_string":"trustline_flags_updated"}
{"address":"GBRDHSZL4ZKOI2PTUMM53N3NICZXC5OX3KPCD4WD4NG4XGCBC2ZA3KAG","address_muxed":null,"details":{"asset_code":"FB","asset_issuer":"GBRDHSZL4ZKOI2PTUMM53N3NICZXC5OX3KPCD4WD4NG4XGCBC2ZA3KAG","asset_type":"credit_alphanum4","trustor":"GCKXU5C7AMKKAPYTEX4LIHAL6JT4LAQOMVFI7T3VIG6TZNGPEHCYNPQB"},"operation_id":132379546421952522,"type":26,"type_string":"trustline_flags_updated"}
{"address":"GBRDHSZL4ZKOI2PTUMM53N3NICZXC5OX3KPCD4WD4NG4XGCBC2ZA3KAG","address_muxed":null,"details":{"asset_code":"FB","asset_issuer":"GBRDHSZL4ZKOI2PTUMM53N3NICZXC5OX3KPCD4WD4NG4XGCBC2ZA3KAG","asset_type":"credit_alphanum4","authorized_to_maintain_liabilites":true,"trustor":"GCKXU5C7AMKKAPYTEX4LIHAL6JT4LAQOMVFI7T3VIG6TZNGPEHCYNPQB"},"operation_id":132379546421952522,"type":26,"type_string":"trustline_flags_updated"}
{"address":"GBRDHSZL4ZKOI2PTUMM53N3NICZXC5OX3KPCD4WD4NG4XGCBC2ZA3KAG","address_muxed":null,"details":{"asset_code":"FB","asset_issuer":"GBRDHSZL4ZKOI2PTUMM53N3NICZXC5OX3KPCD4WD4NG4XGCBC2ZA3KAG","asset_type":"credit_alphanum4","trustor":"GCKXU5C7AMKKAPYTEX4LIHAL6JT4LAQOMVFI7T3VIG6TZNGPEHCYNPQB"},"operation_id":132379546421952513,"type":26,"type_string":"trustline_flags_updated"}
{"address":"GBRDHSZL4ZKOI2PTUMM53N3NICZXC5OX3KPCD4WD4NG4XGCBC2ZA3KAG","address_muxed":null,"details":{"asset_code":"FB","asset_issuer":"GBRDHSZL4ZKOI2PTUMM53N3NICZXC5OX3KPCD4WD4NG4XGCBC2ZA3KAG","asset_type":"credit_alphanum4","authorized_flag":true,"trustor":"GCKXU5C7AMKKAPYTEX4LIHAL6JT4LAQOMVFI7T3VIG6TZNGPEHCYNPQB"},"operation_id":132379546421952513,"type":26,"type_string":"trustline_flags_updated"}
{"address":"GBRDHSZL4ZKOI2PTUMM53N3NICZXC5OX3KPCD4WD4NG4XGCBC2ZA3KAG","address_muxed":null,"details":{"asset_code":"FB","asset_issuer":"GBRDHSZL4ZKOI2PTUMM53N3NICZXC5OX3KPCD4WD4NG4XGCBC2ZA3KAG","asset_type":"credit_alphanum4","trustor":"GCKXU5C7AMKKAPYTEX4LIHAL6JT4LAQOMVFI7T3VIG6TZNGPEHCYNPQB"},"operation_id":132379546421952522,"type":26,"type_string":"trustline_flags_updated"}
{"address":"GBRDHSZL4ZKOI2PTUMM53N3NICZXC5OX3KPCD4WD4NG4XGCBC2ZA3KAG","address_muxed":null,"details":{"asset_code":"FB","asset_issuer":"GBRDHSZL4ZKOI2PTUMM53N3NICZXC5OX3KPCD4WD4NG4XGCBC2ZA3KAG","asset_type":"credit_alphanum4","authorized_to_maintain_liabilites":true,"trustor":"GCKXU5C7AMKKAPYTEX4LIHAL6JT4LAQOMVFI7T3VIG6TZNGPEHCYNPQB"},"operation_id":132379546421952522,"type":26,"type_string":"trustline_flags_updated"}
{"address":"GBRDHSZL4ZKOI2PTUMM53N3NICZXC5OX3KPCD4WD4NG4XGCBC2ZA3KAG","address_muxed":null,"details":{"asset_code":"FB","asset_issuer":"GBRDHSZL4ZKOI2PTUMM53N3NICZXC5OX3KPCD4WD4NG4XGCBC2ZA3KAG","asset_type":"credit_alphanum4","trustor":"GCKXU5C7AMKKAPYTEX4LIHAL6JT4LAQOMVFI7T3VIG6TZNGPEHCYNPQB"},"operation_id":132379546421952513,"type":26,"type_string":"trustline_flags_updated"}
{"address":"GBRDHSZL4ZKOI2PTUMM53N3NICZXC5OX3KPCD4WD4NG4XGCBC2ZA3KAG","address_muxed":null,"details":{"asset_code":"FB","asset_issuer":"GBRDHSZL4ZKOI2PTUMM53N3NICZXC5OX3KPCD4WD4NG4XGCBC2ZA3KAG","asset_type":"credit_alphanum4","authorized_flag":true,"trustor":"GCKXU5C7AMKKAPYTEX4LIHAL6JT4LAQOMVFI7T3VIG6TZNGPEHCYNPQB"},"operation_id":132379546421952513,"type":26,"type_string":"trustline_flags_updated"}
{"address":"GBRDHSZL4ZKOI2PTUMM53N3NICZXC5OX3KPCD4WD4NG4XGCBC2ZA3KAG","address_muxed":null,"details":{"asset_code":"FB","asset_issuer":"GBRDHSZL4ZKOI2PTUMM53N3NICZXC5OX3KPCD4WD4NG4XGCBC2ZA3KAG","asset_type":"credit_alphanum4","trustor":"GCKXU5C7AMKKAPYTEX4LIHAL6JT4LAQOMVFI7T3VIG6TZNGPEHCYNPQB"},"operation_id":132379546421952522,"type":26,"type_string":"trustline_flags_updated"}
{"address":"GBRDHSZL4ZKOI2PTUMM53N3NICZXC5OX3KPCD4WD4NG4XGCBC2ZA3KAG","address_muxed":null,"details":{"asset_code":"FB","asset_issuer":"GBRDHSZL4ZKOI2PTUMM53N3NICZXC5OX3KPCD4WD4NG4XGCBC2ZA3KAG","asset_type":"credit_alphanum4","authorized_to_maintain_liabilites":true,"trustor":"GCKXU5C7AMKKAPYTEX4LIHAL6JT4LAQOMVFI7T3VIG6TZNGPEHCYNPQB"},"operation_id":132379546421952522,"type":26,"type_string":"trustline_flags_updated"}
