{"amount":0.000009999999999999999,"amount_raw":"100","asset":"native","asset_code":null,"asset_issuer":null,"asset_type":"native","closed_at":"2020-07-27T21:12:51Z","contract_id":"CAS3J7GYLGXMF6TDJBBYYSE3HQ6BBSMLNUQ34T6TZMYMW2EVH34XOWMA","event_topic":"fee","from":"GCT3X4L53EXU6LZMULD7HW2CKT3DNI5YTP6LA4P4YV2VT3F3NOPWNP7B","ledger_sequence":30820015,"operation_id":null,"to":null,"to_muxed":null,"to_muxed_id":null,"transaction_hash":"f3eb9a6dc8559769e3a127b4ebaa74ab9d14b99ebaf43fc30bf03553797617e9","transaction_id":132370956487233536}
{"amount":0.000039999999999999996,"amount_raw":"400","asset":"native","asset_code":null,"asset_issuer":null,"asset_type":"native","closed_at":"2020-07-27T21:12:51Z","contract_id":"CAS3J7GYLGXMF6TDJBBYYSE3HQ6BBSMLNUQ34T6TZMYMW2EVH34XOWMA","event_topic":"fee","from":"GBLKRATZODTSJNU7XTB5HY5VAAN63CPRT77UYZT2VLCNXE7F3YHSW22M","ledger_sequence":30820015,"operation_id":null,"to":null,"to_muxed":null,"to_muxed_id":null,"transaction_hash":"07b06697ef6b1487d35e3b140baf4292ae50bc3909634a50e08d8e2ca07cec76","transaction_id":132370956487237632}
{"amount":0.00007999999999999999,"amount_raw":"800","asset":"native","asset_code":null,"asset_issuer":null,"asset_type":"native","closed_at":"2020-07-27T21:12:51Z","contract_id":"CAS3J7GYLGXMF6TDJBBYYSE3HQ6BBSMLNUQ34T6TZMYMW2EVH34XOWMA","event_topic":"fee","from":"GC6VKA3RC3CVU7POEKFORVMHWJNQIRZS6AEH3KIIHCVO3YRGWUV7MSUC","ledger_sequence":30820015,"operation_id":null,"to":null,"to_muxed":null,"to_muxed_id":null,"transaction_hash":"8cd83a313300c6775fbc63474ef4ebbc7a0285749cda855e1a914877d006dca7","transaction_id":132370956487241728}
{"amount":0.000009999999999999999,"amount_raw":"100","asset":"native","asset_code":null,"asset_issuer":null,"asset_type":"native","closed_at":"2020-07-27T21:12:51Z","contract_id":"CAS3J7GYLGXMF6TDJBBYYSE3HQ6BBSMLNUQ34T6TZMYMW2EVH34XOWMA","event_topic":"fee","from":"GDBPAHITJX3JPTUVTFIWHNZBYCESOGA74SYKDTGL7VBJB5ZFCV3DXDKZ","ledger_sequence":30820015,"operation_id":null,"to":null,"to_muxed":null,"to_muxed_id":null,"transaction_hash":"14201624733b95e837719202672b463187951105b53a3c56194e646655a44773","transaction_id":132370956487245824}
{"amount":0.000009999999999999999,"amount_raw":"100","asset":"native","asset_code":null,"asset_issuer":null,"asset_type":"native","closed_at":"2020-07-27T21:12:51Z","contract_id":"CAS3J7GYLGXMF6TDJBBYYSE3HQ6BBSMLNUQ34T6TZMYMW2EVH34XOWMA","event_topic":"fee","from":"GBRRB6GQFK7PDWPYHJLNAPIS3PZ3ZTGV4J3LHMEZQU7FYNABZMDVNYHR","ledger_sequence":30820015,"operation_id":null,"to":null,"to_muxed":null,"to_muxed_id":null,"transaction_hash":"4d556f5441714f5c1022dfd11038a82fc3316b18a3f47e5951aca51e3bc8759f","transaction_id":132370956487249920}
{"amount":0.000049999999999999996,"amount_raw":"500","asset":"native","asset_code":null,"asset_issuer":null,"asset_type":"native","closed_at":"2020-07-27T21:12:51Z","contract_id":"CAS3J7GYLGXMF6TDJBBYYSE3HQ6BBSMLNUQ34T6TZMYMW2EVH34XOWMA","event_topic":"fee","from":"GCGFKC7QVJ2GZJFKG3FLDZPCLU2RGYQGNI4KPBPHCIIBJPNMQOCQUFC5","ledger_sequence":30820015,"operation_id":null,"to":null,"to_muxed":null,"to_muxed_id":null,"transaction_hash":"58af3117a98726d6acd9acf3742c2c673284ff997a5b62fbe662ccb043e68d0b","transaction_id":132370956487254016}
{"amount":0.000009999999999999999,"amount_raw":"100","asset":"native","asset_code":null,"asset_issuer":null,"asset_type":"native","closed_at":"2020-07-27T21:12:51Z","contract_id":"CAS3J7GYLGXMF6TDJBBYYSE3HQ6BBSMLNUQ34T6TZMYMW2EVH34XOWMA","event_topic":"fee","from":"GBUVGZBRFZWKUMOZ3Z6P5EHC3BHT2KLC3J4BYNZ6WPYC7DFKP3LNDZS6","ledger_sequence":30820015,"operation_id":null,"to":null,"to_muxed":null,"to_muxed_id":null,"transaction_hash":"6fde8fcc9a4e96e7390b447dd613dda1910921416de1a2ffcd9729362698451f","transaction_id":132370956487258112}
{"amount":0.000019999999999999998,"amount_raw":"200","asset":"native","asset_code":null,"asset_issuer":null,"asset_type":"native","closed_at":"2020-07-27T21:12:51Z","contract_id":"CAS3J7GYLGXMF6TDJBBYYSE3HQ6BBSMLNUQ34T6TZMYMW2EVH34XOWMA","event_topic":"fee","from":"GAQU354TOPADXUGR7UARRG6K4K65SAXP5XV6P2MCDIHAQ3GASC75UDSD","ledger_sequence":30820015,"operation_id":null,"to":null,"to_muxed":null,"to_muxed_id":null,"transaction_hash":"eb318ae418b29e09e14e0dfab32e8a81680f1ccde1a4909e0ad5d25027d90948","transaction_id":132370956487262208}
{"amount":0.000039999999999999996,"amount_raw":"400","asset":"native","asset_code":null,"asset_issuer":null,"asset_type":"native","closed_at":"2020-07-27T21:12:51Z","contract_id":"CAS3J7GYLGXMF6TDJBBYYSE3HQ6BBSMLNUQ34T6TZMYMW2EVH34XOWMA","event_topic":"fee","from":"GDT7WYNV6YBFJH3G6TX5K3ALBZY7A7A7CLIGXK4XZ6H5SROPS4UFGEMC","ledger_sequence":30820015,"operation_id":null,"to":null,"to_muxed":null,"to_muxed_id":null,"transaction_hash":"6a7349e8881d828aa784ee217173981f685a7c7602cf7d94d77714aa0f43892b","transaction_id":132370956487266304}
{"amount":0.000009999999999999999,"amount_raw":"100","asset":"native","asset_code":null,"asset_issuer":null,"asset_type":"native","closed_at":"2020-07-27T21:12:51Z","contract_id":"CAS3J7GYLGXMF6TDJBBYYSE3HQ6BBSMLNUQ34T6TZMYMW2EVH34XOWMA","event_topic":"fee","from":"GDPTI5HYXJVSR5QNTQWW3RELFW4A6RWRV47V6JYFVVKXOSM53GMM2JJW","ledger_sequence":30820015,"operation_id":null,"to":null,"to_muxed":null,"to_muxed_id":null,"transaction_hash":"20b1f60b3fdd9d5ede8c1c3109705db09a14eb7beb2c5f5f3b8dbbe2798060b9","transaction_id":132370956487270400}
{"amount":0.000039999999999999996,"amount_raw":"400","asset":"native","asset_code":null,"asset_issuer":null,"asset_type":"native","closed_at":"2020-07-27T21:12:51Z","contract_id":"CAS3J7GYLGXMF6TDJBBYYSE3HQ6BBSMLNUQ34T6TZMYMW2EVH34XOWMA","event_topic":"fee","from":"GCM4PT6XDZBWOOENDS6FOU22GJQLJPV2GC7VRVII4TFGZBA3ZXNM55SV","ledger_sequence":30820015,"operation_id":null,"to":null,"to_muxed":null,"to_muxed_id":null,"transaction_hash":"00deba63dfae99aa48f294fb8a2bc2806d39fe81d8982626f0eeca789d91ec85","transaction_id":132370956487274496}
{"amount":0.000009999999999999999,"amount_raw":"100","asset":"native","asset_code":null,"asset_issuer":null,"asset_type":"native","closed_at":"2020-07-27T21:12:51Z","contract_id":"CAS3J7GYLGXMF6TDJBBYYSE3HQ6BBSMLNUQ34T6TZMYMW2EVH34XOWMA","event_topic":"fee","from":"GBXY56UJJH4MSEHTP35VX7B5JSLKD72XWLXK4JROQBYRASOXNDIMIL2D","ledger_sequence":30820015,"operation_id":null,"to":null,"to_muxed":null,"to_muxed_id":null,"transaction_hash":"6b6da5eb62ac0cbd3811da6297600d081333b40dec5766a1ac0ebeda182c9569","transaction_id":132370956487278592}
{"amount":0.000009999999999999999,"amount_raw":"100","asset":"native","asset_code":null,"asset_issuer":null,"asset_type":"native","closed_at":"2020-07-27T21:12:51Z","contract_id":"CAS3J7GYLGXMF6TDJBBYYSE3HQ6BBSMLNUQ34T6TZMYMW2EVH34XOWMA","event_topic":"fee","from":"GALHHYP23D6TNX653MBMYH7MYTAF7XL5TT3MLMBI3FZ4F56OMCJ7LYMC","ledger_sequence":30820015,"operation_id":null,"to":null,"to_muxed":null,"to_muxed_id":null,"transaction_hash":"8c947057a66dd2c312d0b70f11a42453141552fd5c249dad705e5719ae5c1dd5","transaction_id":132370956487282688}
{"amount":0.000009999999999999999,"amount_raw":"100","asset":"native","asset_code":null,"asset_issuer":null,"asset_type":"native","closed_at":"2020-07-27T21:12:51Z","contract_id":"CAS3J7GYLGXMF6TDJBBYYSE3HQ6BBSMLNUQ34T6TZMYMW2EVH34XOWMA","event_topic":"fee","from":"GCN773GKZBGEKJGKHJUZSO5ZP7PD4CLT37523WKEKBAXG6FC6X7A7JZT","ledger_sequence":30820015,"operation_id":null,"to":null,"to_muxed":null,"to_muxed_id":null,"transaction_hash":"65530f7f0e3240644767a91231e50ec394a01eab80abf81edda863da329f80a0","transaction_id":132370956487286784}
{"amount":0.000009999999999999999,"amount_raw":"100","asset":"native","asset_code":null,"asset_issuer":null,"asset_type":"native","closed_at":"2020-07-27T21:12:51Z","contract_id":"CAS3J7GYLGXMF6TDJBBYYSE3HQ6BBSMLNUQ34T6TZMYMW2EVH34XOWMA","event_topic":"fee","from":"GAN3SVDRAOHWVPVMU6G34FBRFED5FZW2LVJT6IKBE72OXXI2AIXAP43D","ledger_sequence":30820015,"operation_id":null,"to":null,"to_muxed":null,"to_muxed_id":null,"transaction_hash":"390b33bcc1199c1a9b1df53f45c57ee2838aca7dc41dbcb4ede54a890e50313c","transaction_id":132370956487290880}
{"amount":0.000019999999999999998,"amount_raw":"200","asset":"native","asset_code":null,"asset_issuer":null,"asset_type":"native","closed_at":"2020-07-27T21:12:51Z","contract_id":"CAS3J7GYLGXMF6TDJBBYYSE3HQ6BBSMLNUQ34T6TZMYMW2EVH34XOWMA","event_topic":"fee","from":"GARXFPCGDXYIELJ3Q2DHLUDJYTLQFKJ27HD3T5MQP7N7JGELXGMD6UVJ","ledger_sequence":30820015,"operation_id":null,"to":null,"to_muxed":null,"to_muxed_id":null,"transaction_hash":"0878b72e37179f8c50f44a1e3f81c3dd2a75569600b5433d501187edd4358eb0","transaction_id":132370956487294976}
{"amount":0.000009999999999999999,"amount_raw":"100","asset":"native","asset_code":null,"asset_issuer":null,"asset_type":"native","closed_at":"2020-07-27T21:12:51Z","contract_id":"CAS3J7GYLGXMF6TDJBBYYSE3HQ6BBSMLNUQ34T6TZMYMW2EVH34XOWMA","event_topic":"fee","from":"GARLIC4DDPDXHAWNV5EBBKI7RSGGGDGEL5LH3F3N3U6I4G4WFYIN7GBG","ledger_sequence":30820015,"operation_id":null,"to":null,"to_muxed":null,"to_muxed_id":null,"transaction_hash":"c9af1c56708f53577e8461e4b91894915577dbda61acd3a23a5924ddbcb888ef","transaction_id":132370956487299072}
{"amount":0.000009999999999999999,"amount_raw":"100","asset":"native","asset_code":null,"asset_issuer":null,"asset_type":"native","closed_at":"2020-07-27T21:12:51Z","contract_id":"CAS3J7GYLGXMF6TDJBBYYSE3HQ6BBSMLNUQ34T6TZMYMW2EVH34XOWMA","event_topic":"fee","from":"GA5OR266WLEKOGTH33UQAQMJXIG6ILOIOVOFWRDILFPUUG4PISC4OZTU","ledger_sequence":30820015,"operation_id":null,"to":null,"to_muxed":null,"to_muxed_id":null,"transaction_hash":"b2f0be50d46a284311c600f0f323ab9aec8287c72470912c5d22281755df9121","transaction_id":132370956487303168}
{"amount":0.00009999999999999999,"amount_raw":"1000","asset":"native","asset_code":null,"asset_issuer":null,"asset_type":"native","closed_at":"2020-07-27T21:12:51Z","contract_id":"CAS3J7GYLGXMF6TDJBBYYSE3HQ6BBSMLNUQ34T6TZMYMW2EVH34XOWMA","event_topic":"fee","from":"GDYYZYZHD3XCLDIWI5PHNPY3AEG2WAKUEFCSW6X6JDIIR3YOENPSBWR7","ledger_sequence":30820015,"operation_id":null,"to":null,"to_muxed":null,"to_muxed_id":null,"transaction_hash":"23afa541b6baf69e98088aac52e99ff4b1ce461e65088284c99548b390b8e257","transaction_id":132370956487307264}
{"amount":0.000019999999999999998,"amount_raw":"200","asset":"native","asset_code":null,"asset_issuer":null,"asset_type":"native","closed_at":"2020-07-27T21:12:51Z","contract_id":"CAS3J7GYLGXMF6TDJBBYYSE3HQ6BBSMLNUQ34T6TZMYMW2EVH34XOWMA","event_topic":"fee","from":"GDNLYCS4STAYYVQ7KP7FHTSBTFNWSL372BJPSXG5ZNZWNVKC476XLFQR","ledger_sequence":30820015,"operation_id":null,"to":null,"to_muxed":null,"to_muxed_id":null,"transaction_hash":"0a1fcf340432b39e1da9e1e8e6c9d365a2ff55245e9930dacd0d2085612cc4d0","transaction_id":132370956487311360}
{"amount":0.000019999999999999998,"amount_raw":"200","asset":"native","asset_code":null,"asset_issuer":null,"asset_type":"native","closed_at":"2020-07-27T21:12:51Z","contract_id":"CAS3J7GYLGXMF6TDJBBYYSE3HQ6BBSMLNUQ34T6TZMYMW2EVH34XOWMA","event_topic":"fee","from":"GDIMI5MOM5KKB7RGAW3SB5KJOEDOCNHDGS3ANS3BL55MTJ6OTUSJGVLE","ledger_sequence":30820015,"operation_id":null,"to":null,"to_muxed":null,"to_muxed_id":null,"transaction_hash":"f49820216101a59038cd561e62f8076de80cbe156f8d6c8877aefaa0ee642403","transaction_id":132370956487315456}
{"amount":0.000039999999999999996,"amount_raw":"400","asset":"native","asset_code":null,"asset_issuer":null,"asset_type":"native","closed_at":"2020-07-27T21:12:51Z","contract_id":"CAS3J7GYLGXMF6TDJBBYYSE3HQ6BBSMLNUQ34T6TZMYMW2EVH34XOWMA","event_topic":"fee","from":"GAJ7NKB4KSRPAQJ6WKWSTVZRPMFRPHDHQX734IICR2XJUCU33EL5W5AZ","ledger_sequence":30820015,"operation_id":null,"to":null,"to_muxed":null,"to_muxed_id":null,"transaction_hash":"6da653fb02ee530becb3f5c7f00b6a518bcf91b0703854140d8e0e12d952ba01","transaction_id":132370956487319552}
{"amount":0.000019999999999999998,"amount_raw":"200","asset":"native","asset_code":null,"asset_issuer":null,"asset_type":"native","closed_at":"2020-07-27T21:12:51Z","contract_id":"CAS3J7GYLGXMF6TDJBBYYSE3HQ6BBSMLNUQ34T6TZMYMW2EVH34XOWMA","event_topic":"fee","from":"GAHUVINUBVPZXAVCZCJYI2RHZAPD4V3YLREM2YRRCM7JSAU2WEH34UTK","ledger_sequence":30820015,"operation_id":null,"to":null,"to_muxed":null,"to_muxed_id":null,"transaction_hash":"643b0578c51e1cb2508153c993ff437ba4ba8be8fb5053f009fbb3437930610d","transaction_id":132370956487323648}
{"amount":0.000009999999999999999,"amount_raw":"100","asset":"native","asset_code":null,"asset_issuer":null,"asset_type":"native","closed_at":"2020-07-27T21:12:51Z","contract_id":"CAS3J7GYLGXMF6TDJBBYYSE3HQ6BBSMLNUQ34T6TZMYMW2EVH34XOWMA","event_topic":"fee","from":"GDWPJPU3ROBQ4TXQES7CTAYBPXWFVH4FGEO37Z26GSPBB2KZP2ZMZ7ED","ledger_sequence":30820015,"operation_id":null,"to":null,"to_muxed":null,"to_muxed_id":null,"transaction_hash":"3ed2ec239b7d3797e15313e368768318f1361d67238a6a3e9f0fdf2b2ea36b9b","transaction_id":132370956487327744}
{"amount":0.000009999999999999999,"amount_raw":"100","asset":"native","asset_code":null,"asset_issuer":null,"asset_type":"native","closed_at":"2020-07-27T21:12:51Z","contract_id":"CAS3J7GYLGXMF6TDJBBYYSE3HQ6BBSMLNUQ34T6TZMYMW2EVH34XOWMA","event_topic":"fee","from":"GBHUHOKNZPDJ43A4HAMQR7E3JWIEIFOWBBPLNVTFOFC3RQYZYQF7WJVD","ledger_sequence":30820015,"operation_id":null,"to":null,"to_muxed":null,"to_muxed_id":null,"transaction_hash":"91f946f5df550e4ce7091e849f52ae4df9f760a7348d8f4447250cf092e61f2a","transaction_id":132370956487331840}
{"amount":0.000009999999999999999,"amount_raw":"100","asset":"native","asset_code":null,"asset_issuer":null,"asset_type":"native","closed_at":"2020-07-27T21:12:51Z","contract_id":"CAS3J7GYLGXMF6TDJBBYYSE3HQ6BBSMLNUQ34T6TZMYMW2EVH34XOWMA","event_topic":"fee","from":"GD3CFW5PPMT2WZRRDJKYPVSJ322OOSU36DFQNLFV2QEWMDQ4RBMZ2CC3","ledger_sequence":30820015,"operation_id":null,"to":null,"to_muxed":null,"to_muxed_id":null,"transaction_hash":"35180eb8d21a63fe2308e3f8a64c9ab9730b627bb8ee1854d5c28f81a9849b8b","transaction_id":132370956487335936}
{"amount":0.000009999999999999999,"amount_raw":"100","asset":"native","asset_code":null,"asset_issuer":null,"asset_type":"native","closed_at":"2020-07-27T21:12:51Z","contract_id":"CAS3J7GYLGXMF6TDJBBYYSE3HQ6BBSMLNUQ34T6TZMYMW2EVH34XOWMA","event_topic":"fee","from":"GC3OUMD63AS6SP2FFKHU4G323MLASMN3LLXBOHHVZTGQH7HQWCYILCRN","ledger_sequence":30820015,"operation_id":null,"to":null,"to_muxed":null,"to_muxed_id":null,"transaction_hash":"a304cf33489735bad3e903d638d7674ec049e8e1cbc5f7dd7e53c21f0872d995","transaction_id":132370956487340032}
{"amount":0.000019999999999999998,"amount_raw":"200","asset":"native","asset_code":null,"asset_issuer":null,"asset_type":"native","closed_at":"2020-07-27T21:12:51Z","contract_id":"CAS3J7GYLGXMF6TDJBBYYSE3HQ6BBSMLNUQ34T6TZMYMW2EVH34XOWMA","event_topic":"fee","from":"GAWOOHCAVHJWZ6S6O4YRNJ4BCIOPV7WAW7UWNB25VX5VKPDIGISTJSJ4","ledger_sequence":30820015,"operation_id":null,"to":null,"to_muxed":null,"to_muxed_id":null,"transaction_hash":"09a712f416f56403141bf08bd05329bac7f495caf9ca507d4060d4b36ca5aa18","transaction_id":132370956487344128}
{"amount":0.000009999999999999999,"amount_raw":"100","asset":"native","asset_code":null,"asset_issuer":null,"asset_type":"native","closed_at":"2020-07-27T21:12:51Z","contract_id":"CAS3J7GYLGXMF6TDJBBYYSE3HQ6BBSMLNUQ34T6TZMYMW2EVH34XOWMA","event_topic":"fee","from":"GCPZP3B5LJU5N7OPOCSY3II7X3LXBE5O4T6ZHO3ZHANZPQTS2S2LHOJD","ledger_sequence":30820015,"operation_id":null,"to":null,"to_muxed":null,"to_muxed_id":null,"transaction_hash":"5e075689618856f6d675b7d2b98d0250d906fa792b08efa16f764e55252e0fe9","transaction_id":132370956487348224}
{"amount":0.000009999999999999999,"amount_raw":"100","asset":"native","asset_code":null,"asset_issuer":null,"asset_type":"native","closed_at":"2020-07-27T21:12:51Z","contract_id":"CAS3J7GYLGXMF6TDJBBYYSE3HQ6BBSMLNUQ34T6TZMYMW2EVH34XOWMA","event_topic":"fee","from":"GDJNDCIM6XWJUO2RJIZ5RUEE4UWRJSHQZNP2FUV6DYYW36BBPJSH5LDN","ledger_sequence":30820015,"operation_id":null,"to":null,"to_muxed":null,"to_muxed_id":null,"transaction_hash":"82687cd553b32ff1269cfac2d3573257fb4ffcf9991cf41a4f2bbfb33e2b6c26","transaction_id":132370956487352320}
{"amount":0.000039999999999999996,"amount_raw":"400","asset":"native","asset_code":null,"asset_issuer":null,"asset_type":"native","closed_at":"2020-07-27T21:12:51Z","contract_id":"CAS3J7GYLGXMF6TDJBBYYSE3HQ6BBSMLNUQ34T6TZMYMW2EVH34XOWMA","event_topic":"fee","from":"GDX5F3EE7ACGZSK2MIU7V5BT7QJYDBUF7Y2Y6HLUTI2JA33BHD5KWZP7","ledger_sequence":30820015,"operation_id":null,"to":null,"to_muxed":null,"to_muxed_id":null,"transaction_hash":"20dbc50963e7731333b4c856c84fe69f045f4f7dde3b07436f10e71c775a0c03","transaction_id":132370956487356416}
{"amount":0.000009999999999999999,"amount_raw":"100","asset":"native","asset_code":null,"asset_issuer":null,"asset_type":"native","closed_at":"2020-07-27T21:12:51Z","contract_id":"CAS3J7GYLGXMF6TDJBBYYSE3HQ6BBSMLNUQ34T6TZMYMW2EVH34XOWMA","event_topic":"fee","from":"GAVQFN4G6I25Y3IK4BWN6DA745XQEGJSWHORKOCWCFI56KTNG3NMKUTZ","ledger_sequence":30820015,"operation_id":null,"to":null,"to_muxed":null,"to_muxed_id":null,"transaction_hash":"9fd0b44b64424c9d3968a8bfcdd3e6725252b5cedddb75b03a733ea7b7132e3f","transaction_id":132370956487360512}
{"amount":0.00011999999999999999,"amount_raw":"1200","asset":"native","asset_code":null,"asset_issuer":null,"asset_type":"native","closed_at":"2020-07-27T21:12:51Z","contract_id":"CAS3J7GYLGXMF6TDJBBYYSE3HQ6BBSMLNUQ34T6TZMYMW2EVH34XOWMA","event_topic":"fee","from":"GAF44237DTEZIDDMXBJ4KJRA3SUSP45ZXPRUZ3G7MB3JD2KJ2LPF6VBX","ledger_sequence":30820015,"operation_id":null,"to":null,"to_muxed":null,"to_muxed_id":null,"transaction_hash":"0f833253c67e720def7d3250a5060d5e8ec42f23e80e2dfe9b537bed649d31bb","transaction_id":132370956487364608}
{"amount":0.000009999999999999999,"amount_raw":"100","asset":"native","asset_code":null,"asset_issuer":null,"asset_type":"native","closed_at":"2020-07-27T21:12:51Z","contract_id":"CAS3J7GYLGXMF6TDJBBYYSE3HQ6BBSMLNUQ34T6TZMYMW2EVH34XOWMA","event_topic":"fee","from":"GBK4N3LDRAPLJJBN4EWHCJDZHOF3ANHQ3D6F2XSKX47BZH3ZORHFNMAX","ledger_sequence":30820015,"operation_id":null,"to":null,"to_muxed":null,"to_muxed_id":null,"transaction_hash":"4145d020a482f5a061ecd383eb21504b3236d7ea64088084ab6431a5bb335843","transaction_id":132370956487368704}
{"amount":0.000019999999999999998,"amount_raw":"200","asset":"native","asset_code":null,"asset_issuer":null,"asset_type":"native","closed_at":"2020-07-27T21:12:51Z","contract_id":"CAS3J7GYLGXMF6TDJBBYYSE3HQ6BBSMLNUQ34T6TZMYMW2EVH34XOWMA","event_topic":"fee","from":"GA3K2B4RB3O3H7LEE2NJ3IWPZ7JJNUFOZC2NSOCMOVIJSQSXBJAKHXSM","ledger_sequence":30820015,"operation_id":null,"to":null,"to_muxed":null,"to_muxed_id":null,"transaction_hash":"1fa94a33ad4a81d2c41b04f530d53df0f17c401632482242453ef4bc9aca5cd0","transaction_id":132370956487372800}
{"amount":0.000009999999999999999,"amount_raw":"100","asset":"native","asset_code":null,"asset_issuer":null,"asset_type":"native","closed_at":"2020-07-27T21:12:51Z","contract_id":"CAS3J7GYLGXMF6TDJBBYYSE3HQ6BBSMLNUQ34T6TZMYMW2EVH34XOWMA","event_topic":"fee","from":"GAOSKD4G33IW2YTF7WD6PZFPQUPF2BPHY46FCKJFYS4UGUU3ZS5RRDHM","ledger_sequence":30820015,"operation_id":null,"to":null,"to_muxed":null,"to_muxed_id":null,"transaction_hash":"273161c42e31ca77a1571d41896fb68f30a28f0ddfdc07424ec1c7f9a6ebc497","transaction_id":132370956487376896}
{"amount":0.000039999999999999996,"amount_raw":"400","asset":"native","asset_code":null,"asset_issuer":null,"asset_type":"native","closed_at":"2020-07-27T21:12:51Z","contract_id":"CAS3J7GYLGXMF6TDJBBYYSE3HQ6BBSMLNUQ34T6TZMYMW2EVH34XOWMA","event_topic":"fee","from":"GCWRLPH5X5A3GABFDLDILZ4RLY6O76AYOIIR5H2PAI6TNZZZNLZWBXSH","ledger_sequence":30820015,"operation_id":null,"to":null,"to_muxed":null,"to_muxed_id":null,"transaction_hash":"d859fe74466f79648048eef33f64c2547531990672bfca666172f22d25773a75","transaction_id":132370956487380992}
{"amount":0.000009999999999999999,"amount_raw":"100","asset":"native","asset_code":null,"asset_issuer":null,"asset_type":"native","closed_at":"2020-07-27T21:12:51Z","contract_id":"CAS3J7GYLGXMF6TDJBBYYSE3HQ6BBSMLNUQ34T6TZMYMW2EVH34XOWMA","event_topic":"fee","from":"GBRWDUJMKCXK4AZMCNXY5A4QZ4L2WQSMB7KKPHUHIAYBACKHPFKHTL7T","ledger_sequence":30820015,"operation_id":null,"to":null,"to_muxed":null,"to_muxed_id":null,"transaction_hash":"002a463b84c65b6bb71c842f453a7f5ccf23875c97f2de889b5d714d0ccc98b9","transaction_id":132370956487385088}
{"amount":0.000019999999999999998,"amount_raw":"200","asset":"native","asset_code":null,"asset_issuer":null,"asset_type":"native","closed_at":"2020-07-27T21:12:51Z","contract_id":"CAS3J7GYLGXMF6TDJBBYYSE3HQ6BBSMLNUQ34T6TZMYMW2EVH34XOWMA","event_topic":"fee","from":"GDSRB5ZZRR5MKOIIFAK6UVYI5KKDU4VDJWN4DDRWIFVQVGJOJYQENF4B","ledger_sequence":30820015,"operation_id":null,"to":null,"to_muxed":null,"to_muxed_id":null,"transaction_hash":"fd23da27fbf6891254aca7f2d8500023a64bfd903e0af322ddcb3acb4f2601b5","transaction_id":132370956487389184}
{"amount":0.000009999999999999999,"amount_raw":"100","asset":"native","asset_code":null,"asset_issuer":null,"asset_type":"native","closed_at":"2020-07-27T21:12:51Z","contract_id":"CAS3J7GYLGXMF6TDJBBYYSE3HQ6BBSMLNUQ34T6TZMYMW2EVH34XOWMA","event_topic":"fee","from":"GATZTKNH6KGXQKXLPSIDHPMZOE4KDKGU5WDCLCW3RTNQUQIN7774EBTC","ledger_sequence":30820015,"operation_id":null,"to":null,"to_muxed":null,"to_muxed_id":null,"transaction_hash":"72b226347ff0c6a54f22fbf0f6fe88fb561c4210caa568f0146fa38371121850","transaction_id":132370956487393280}
{"amount":0.000009999999999999999,"amount_raw":"100","asset":"native","asset_code":null,"asset_issuer":null,"asset_type":"native","closed_at":"2020-07-27T21:12:51Z","contract_id":"CAS3J7GYLGXMF6TDJBBYYSE3HQ6BBSMLNUQ34T6TZMYMW2EVH34XOWMA","event_topic":"fee","from":"GCCBZL5RWQVD64C7RMPSA4RFSHSMU4GVFAMREFWMRQZ5NM344GMDALKE","ledger_sequence":30820015,"operation_id":null,"to":null,"to_muxed":null,"to_muxed_id":null,"transaction_hash":"b34a3e0d9f8843b17a2873c7b067b3fed192e340c1bc14048a71dad17cb31f49","transaction_id":132370956487397376}
{"amount":0.000039999999999999996,"amount_raw":"400","asset":"native","asset_code":null,"asset_issuer":null,"asset_type":"native","closed_at":"2020-07-27T21:12:51Z","contract_id":"CAS3J7GYLGXMF6TDJBBYYSE3HQ6BBSMLNUQ34T6TZMYMW2EVH34XOWMA","event_topic":"fee","from":"GC7GOPACWH7PF5B6WL7US4FVKBZWHDQLHMPKNDX76ZI6NFXBPI52GA22","ledger_sequence":30820015,"operation_id":null,"to":null,"to_muxed":null,"to_muxed_id":null,"transaction_hash":"83ac809824a4cbd9a379aff05b2b35b15e6d9b8716085305df07fbb091776591","transaction_id":132370956487401472}
{"amount":0.000009999999999999999,"amount_raw":"100","asset":"native","asset_code":null,"asset_issuer":null,"asset_type":"native","closed_at":"2020-07-27T21:12:51Z","contract_id":"CAS3J7GYLGXMF6TDJBBYYSE3HQ6BBSMLNUQ34T6TZMYMW2EVH34XOWMA","event_topic":"fee","from":"GARBLEDGMD3PBLPDWCUHA2FXDSZWQN2OZPBU32RNORR7YNKMMZDDUOQQ","ledger_sequence":30820015,"operation_id":null,"to":null,"to_muxed":null,"to_muxed_id":null,"transaction_hash":"ef6f88a8cc7c25e8aa355677ca2fd54ef07d8136d22ec48be3d672b841f328d5","transaction_id":132370956487405568}
{"amount":0.000009999999999999999,"amount_raw":"100","asset":"native","asset_code":null,"asset_issuer":null,"asset_type":"native","closed_at":"2020-07-27T21:12:51Z","contract_id":"CAS3J7GYLGXMF6TDJBBYYSE3HQ6BBSMLNUQ34T6TZMYMW2EVH34XOWMA","event_topic":"fee","from":"GBS5VDMHZ3P7GV5IC27CQYDR6ROV4T5PBXQ43RGNOZBZNB6WQJTN5KAM","ledger_sequence":30820015,"operation_id":null,"to":null,"to_muxed":null,"to_muxed_id":null,"transaction_hash":"6477a26faf0cbad78f206a02fcdf5dc2456a2d21610b2cb6ca4750771bca6e50","transaction_id":132370956487409664}
{"amount":0.000009999999999999999,"amount_raw":"100","asset":"native","asset_code":null,"asset_issuer":null,"asset_type":"native","closed_at":"2020-07-27T21:12:51Z","contract_id":"CAS3J7GYLGXMF6TDJBBYYSE3HQ6BBSMLNUQ34T6TZMYMW2EVH34XOWMA","event_topic":"fee","from":"GA762CKLXV2SQSE2HJQMQVRRZBUEZPARNHLMBS3NFCSITMLSGSXE7ZJN","ledger_sequence":30820015,"operation_id":null,"to":null,"to_muxed":null,"to_muxed_id":null,"transaction_hash":"500c87873ad137aa540f91c5baaac8dfc389b44638757baa54372817d6de3fbf","transaction_id":132370956487413760}
{"amount":0.000009999999999999999,"amount_raw":"100","asset":"native","asset_code":null,"asset_issuer":null,"asset_type":"native","closed_at":"2020-07-27T21:12:51Z","contract_id":"CAS3J7GYLGXMF6TDJBBYYSE3HQ6BBSMLNUQ34T6TZMYMW2EVH34XOWMA","event_topic":"fee","from":"GARCIA77DIVJIMKKUDUEYVLJETG7KCK5MXMO6GUWBYHNZAOQH3G4FYYM","ledger_sequence":30820015,"operation_id":null,"to":null,"to_muxed":null,"to_muxed_id":null,"transaction_hash":"c13ae7085486cd369464e546b7d60fc213dd985d04ef5e0b57b9b8904b53a288","transaction_id":132370956487417856}
{"amount":0.000039999999999999996,"amount_raw":"400","asset":"native","asset_code":null,"asset_issuer":null,"asset_type":"native","closed_at":"2020-07-27T21:12:51Z","contract_id":"CAS3J7GYLGXMF6TDJBBYYSE3HQ6BBSMLNUQ34T6TZMYMW2EVH34XOWMA","event_topic":"fee","from":"GAYQZ5CC3SPVPS55NQNZ44Z5UR3GOEOYSYDDB3VNDS3ZHMNFI44MBN6R","ledger_sequence":30820015,"operation_id":null,"to":null,"to_muxed":null,"to_muxed_id":null,"transaction_hash":"3410765ed5341b93b422cb0f627be74efb442081a4a35a3297cb24151b44df12","transaction_id":132370956487421952}
{"amount":0.000009999999999999999,"amount_raw":"100","asset":"native","asset_code":null,"asset_issuer":null,"asset_type":"native","closed_at":"2020-07-27T21:12:51Z","contract_id":"CAS3J7GYLGXMF6TDJBBYYSE3HQ6BBSMLNUQ34T6TZMYMW2EVH34XOWMA","event_topic":"fee","from":"GBDUXW4E5WRM5EM6UXBLE7Y5XGSXJX472BSSBPKFPQ3PJCJHRIA6SH4C","ledger_sequence":30820015,"operation_id":null,"to":null,"to_muxed":null,"to_muxed_id":null,"transaction_hash":"51dc35480c3460b69b5b1a5d7650f3104420d3a4e3bed1b4cd72566649cf427a","transaction_id":132370956487426048}
{"amount":0.000009999999999999999,"amount_raw":"100","asset":"native","asset_code":null,"asset_issuer":null,"asset_type":"native","closed_at":"2020-07-27T21:12:51Z","contract_id":"CAS3J7GYLGXMF6TDJBBYYSE3HQ6BBSMLNUQ34T6TZMYMW2EVH34XOWMA","event_topic":"fee","from":"GCOGC4B2QKZC6FTBGF2JN5CNGPCBM6T7NBZ6PR4ENMCMNGOFLKCQEEJQ","ledger_sequence":30820015,"operation_id":null,"to":null,"to_muxed":null,"to_muxed_id":null,"transaction_hash":"b8cc588d6ddb8e69b1096755382716a57f559fbfd29f784b0fa3391ea3f4174e","transaction_id":132370956487430144}
{"amount":0.000019999999999999998,"amount_raw":"200","asset":"native","asset_code":null,"asset_issuer":null,"asset_type":"native","closed_at":"2020-07-27T21:12:51Z","contract_id":"CAS3J7GYLGXMF6TDJBBYYSE3HQ6BBSMLNUQ34T6TZMYMW2EVH34XOWMA","event_topic":"fee","from":"GDJX67SFY2N73H72TWMKKBQP5UPBNKBNUMNE2IGFKNES43S4327X6DHG","ledger_sequence":30820015,"operation_id":null,"to":null,"to_muxed":null,"to_muxed_id":null,"transaction_hash":"d6bbcfcccc153bab005ad8e5eb837e6465db2d248777d9a13f99a3d3ea4660e6","transaction_id":132370956487434240}
{"amount":0.000019999999999999998,"amount_raw":"200","asset":"native","asset_code":null,"asset_issuer":null,"asset_type":"native","closed_at":"2020-07-27T21:12:51Z","contract_id":"CAS3J7GYLGXMF6TDJBBYYSE3HQ6BBSMLNUQ34T6TZMYMW2EVH34XOWMA","event_topic":"fee","from":"GCK4WSNF3F6ZNCMK6BU77ZCZ3NMF3JGU2U3ZAPKXYBKYYCJA72FDBY7K","ledger_sequence":30820015,"operation_id":null,"to":null,"to_muxed":null,"to_muxed_id":null,"transaction_hash":"3773e353a82f835c277ed007aaef15a2186aca24c9677cd70dce8630fc5d3863","transaction_id":132370956487438336}
{"amount":0.000019999999999999998,"amount_raw":"200","asset":"native","asset_code":null,"asset_issuer":null,"asset_type":"native","closed_at":"2020-07-27T21:12:51Z","contract_id":"CAS3J7GYLGXMF6TDJBBYYSE3HQ6BBSMLNUQ34T6TZMYMW2EVH34XOWMA","event_topic":"fee","from":"GA4BNBXVQNG35D45DAJQR5UJ266PAE2M4NQJONRJUSRHU7ONJNAULTHV","ledger_sequence":30820015,"operation_id":null,"to":null,"to_muxed":null,"to_muxed_id":null,"transaction_hash":"e33bda99a8534fbf0c8ba057b3075d9b53645740f25d056fb8400617fe08d382","transaction_id":132370956487442432}
{"amount":0.000039999999999999996,"amount_raw":"400","asset":"native","asset_code":null,"asset_issuer":null,"asset_type":"native","closed_at":"2020-07-27T21:12:51Z","contract_id":"CAS3J7GYLGXMF6TDJBBYYSE3HQ6BBSMLNUQ34T6TZMYMW2EVH34XOWMA","event_topic":"fee","from":"GBYUYEAO52BYHZEUMLHMHM5SWENBB2RHKAGDVAKBUHZLJTSSRMR6SZYL","ledger_sequence":30820015,"operation_id":null,"to":null,"to_muxed":null,"to_muxed_id":null,"transaction_hash":"746ebac113a22a8c80f936af28739b872f699b77b34c56833b15a4cd17bdf657","transaction_id":132370956487446528}
{"amount":0.000009999999999999999,"amount_raw":"100","asset":"native","asset_code":null,"asset_issuer":null,"asset_type":"native","closed_at":"2020-07-27T21:12:51Z","contract_id":"CAS3J7GYLGXMF6TDJBBYYSE3HQ6BBSMLNUQ34T6TZMYMW2EVH34XOWMA","event_topic":"fee","from":"GAUMHFZAUN6TMMNU7VRTDA6Q2FKJV3S7UFTOZOGFVDCRHTKHZMWSKJHP","ledger_sequence":30820015,"operation_id":null,"to":null,"to_muxed":null,"to_muxed_id":null,"transaction_hash":"6e529c3fb8f2ef9b2f409f866482875d908f584060d32648e2b79201dc20359d","transaction_id":132370956487450624}
{"amount":0.00007999999999999999,"amount_raw":"800","asset":"native","asset_code":null,"asset_issuer":null,"asset_type":"native","closed_at":"2020-07-27T21:12:51Z","contract_id":"CAS3J7GYLGXMF6TDJBBYYSE3HQ6BBSMLNUQ34T6TZMYMW2EVH34XOWMA","event_topic":"fee","from":"GCSQRCJR77FHDITYON46VO5J47ZEOD5HXNM6FL3LJNTXAQ4D53G5DW6C","ledger_sequence":30820015,"operation_id":null,"to":null,"to_muxed":null,"to_muxed_id":null,"transaction_hash":"b1053ee3a97745e4d59234165ae06688616b6ab572adbb13af0345572cf36cf1","transaction_id":132370956487454720}
{"amount":0.000009999999999999999,"amount_raw":"100","asset":"native","asset_code":null,"asset_issuer":null,"asset_type":"native","closed_at":"2020-07-27T21:12:51Z","contract_id":"CAS3J7GYLGXMF6TDJBBYYSE3HQ6BBSMLNUQ34T6TZMYMW2EVH34XOWMA","event_topic":"fee","from":"GAN7MLRQYPDU5VDWGGLPMQUDRCKK2B2YZDJLD3QVRDRBPEMLXHJY42SX","ledger_sequence":30820015,"operation_id":null,"to":null,"to_muxed":null,"to_muxed_id":null,"transaction_hash":"aedb779dadb7b52beaf7ad7823ac59ca920c64be4aaec2c15de278b91592d05a","transaction_id":132370956487458816}
{"amount":0.000019999999999999998,"amount_raw":"200","asset":"native","asset_code":null,"asset_issuer":null,"asset_type":"native","closed_at":"2020-07-27T21:12:51Z","contract_id":"CAS3J7GYLGXMF6TDJBBYYSE3HQ6BBSMLNUQ34T6TZMYMW2EVH34XOWMA","event_topic":"fee","from":"GAEQ253FLUBDDETM5BQGYPRR72HXTJJM5URMK7ILXAMFR3HRYC4Z43IR","ledger_sequence":30820015,"operation_id":null,"to":null,"to_muxed":null,"to_muxed_id":null,"transaction_hash":"62ceba18c75a2c3cc5e5ba52a24f4411c727b74fe5830c6726e94f9286da90f4","transaction_id":132370956487462912}
{"amount":0.000009999999999999999,"amount_raw":"100","asset":"native","asset_code":null,"asset_issuer":null,"asset_type":"native","closed_at":"2020-07-27T21:12:51Z","contract_id":"CAS3J7GYLGXMF6TDJBBYYSE3HQ6BBSMLNUQ34T6TZMYMW2EVH34XOWMA","event_topic":"fee","from":"GDAPPMUZDMNN52IEJIY6CE6UKY3MMU6FIHSUUB4BUILMCZSERXDX2IER","ledger_sequence":30820015,"operation_id":null,"to":null,"to_muxed":null,"to_muxed_id":null,"transaction_hash":"a939a879286cd5cdf11217ddd908ce15cd1f27ea7837fbe842191b8d2d0e91af","transaction_id":132370956487467008}
{"amount":0.00007999999999999999,"amount_raw":"800","asset":"native","asset_code":null,"asset_issuer":null,"asset_type":"native","closed_at":"2020-07-27T21:12:51Z","contract_id":"CAS3J7GYLGXMF6TDJBBYYSE3HQ6BBSMLNUQ34T6TZMYMW2EVH34XOWMA","event_topic":"fee","from":"GDVZJHLRA3Y4UCGJYC6CG7XCLHBPSZCDBZVVN3NYAP3YBZYPIOY3PCWB","ledger_sequence":30820015,"operation_id":null,"to":null,"to_muxed":null,"to_muxed_id":null,"transaction_hash":"3b0fde55df202fa8b03000eb7e58fa4bfb2d820968fea155130b1e3aa5294de0","transaction_id":132370956487471104}
{"amount":158239,"amount_raw":"1582390000000","asset":"native","asset_code":null,"asset_issuer":null,"asset_type":"native","closed_at":"2020-07-27T21:12:51Z","contract_id":"CAS3J7GYLGXMF6TDJBBYYSE3HQ6BBSMLNUQ34T6TZMYMW2EVH34XOWMA","event_topic":"transfer","from":"GBDUXW4E5WRM5EM6UXBLE7Y5XGSXJX472BSSBPKFPQ3PJCJHRIA6SH4C","ledger_sequence":30820015,"operation_id":132370956487426049,"to":"GAHK7EEG2WWHVKDNT4CEQFZGKF2LGDSW2IVM4S5DP42RBW3K6BTODB4A","to_muxed":"MAHK7EEG2WWHVKDNT4CEQFZGKF2LGDSW2IVM4S5DP42RBW3K6BTOCAAAAAADZU6VFBOJ2","to_muxed_id":"1020515624","transaction_hash":"51dc35480c3460b69b5b1a5d7650f3104420d3a4e3bed1b4cd72566649cf427a","transaction_id":132370956487426048}
