{"account_sponsor":false,"app_geographies":["Argentina","Brazil"],"created_at":1706749912776,"custodial":true,"description":"","fee_sponsor":false,"home_domain":"eldorado.io","home_domains_id":240,"id":16,"live":true,"name":"El Dorado","non_custodial":true,"notes":"","ramps":["MoneyGram"],"sdp_enabled":false,"soroban_enabled":false,"status":"live","updated_at":null,"verified":false,"website_url":""}
