{"account_id":"GBIWTOWP7A4IZMFXLJMV7WOASNSRNYEPYS74CGRCSH6NWFK3UJGU5QP6","balance":35031800,"buying_liabilities":0,"selling_liabilities":0,"sequence_number":68143813679414005,"num_subentries":0,"inflation_destination":"","flags":0,"home_domain":"","master_weight":1,"threshold_low":0,"threshold_medium":0,"threshold_high":0,"last_modified_ledger":17736172}
{"account_id":"GCUZPZVU4Y2CROMAQBT2FWN7W4MLICGXGRTLNFP5ZDXG6IKABAD55ZCD","balance":18528600,"buying_liabilities":0,"selling_liabilities":0,"sequence_number":73931526923895114,"num_subentries":1,"inflation_destination":"","flags":0,"home_domain":"","master_weight":1,"threshold_low":0,"threshold_medium":0,"threshold_high":0,"last_modified_ledger":17736182}
{"account_id":"GDSI6NGL5TMKYS5WZ27BPUTD5G5MBBRBKRAKYUK4XJIHF2RIPKVF6X2K","balance":24766000,"buying_liabilities":0,"selling_liabilities":0,"sequence_number":76037877670086936,"num_subentries":1,"inflation_destination":"","flags":0,"home_domain":"","master_weight":1,"threshold_low":0,"threshold_medium":0,"threshold_high":0,"last_modified_ledger":17736176}
{"account_id":"GAEOMHJWFYTTOIQNV6R4JCLH5PHTJAOXKREL6SXRJODFGQ5QQ6UU5AAU","balance":26252151519,"buying_liabilities":0,"selling_liabilities":0,"sequence_number":70914222204176812,"num_subentries":9,"inflation_destination":"GCCD6AJOYZCUAQLX32ZJF2MKFFAUJ53PVCFQI3RHWKL3V47QYE2BNAUT","flags":0,"home_domain":"","master_weight":1,"threshold_low":0,"threshold_medium":0,"threshold_high":0,"last_modified_ledger":17736178}
{"account_id":"GD4NRJWTM7MU7GU6DNKBHMVJ6F2FQK3RZGIIFTWJ6XODR4Z7SXW7USVD","balance":16500274,"buying_liabilities":0,"selling_liabilities":0,"sequence_number":74276142214807582,"num_subentries":1,"inflation_destination":"GCCD6AJOYZCUAQLX32ZJF2MKFFAUJ53PVCFQI3RHWKL3V47QYE2BNAUT","flags":0,"home_domain":"","master_weight":1,"threshold_low":0,"threshold_medium":0,"threshold_high":0,"last_modified_ledger":17736181}
{"account_id":"GCPRODX7ZM2OYH37344SCLF6PAKFFF6H2Z5PWQHN6UBGBTAYLRC3ICHZ","balance":24807800,"buying_liabilities":0,"selling_liabilities":0,"sequence_number":76038096713418621,"num_subentries":1,"inflation_destination":"","flags":0,"home_domain":"","master_weight":1,"threshold_low":0,"threshold_medium":0,"threshold_high":0,"last_modified_ledger":17736172}
{"account_id":"GDOPQ67IIZZ7TNBPUCLLEVUVRZU7T2IALHANPAD5PLWJ4WSW6DNJGRZ6","balance":24765200,"buying_liabilities":0,"selling_liabilities":0,"sequence_number":76037860490217756,"num_subentries":1,"inflation_destination":"","flags":0,"home_domain":"","master_weight":1,"threshold_low":0,"threshold_medium":0,"threshold_high":0,"last_modified_ledger":17736175}
{"account_id":"GAS7YYBBFI3QUHB5AWVHXFWTC7YGCPWP6LND7CGI5VKRNTLU2OL5ZUXT","balance":6447352223039,"buying_liabilities":0,"selling_liabilities":0,"sequence_number":2944337520438405,"num_subentries":4,"inflation_destination":"GDZL3VDBJTJ5G7GGP5VGEYONLZHAPDWA6WLSPJ52QRPZX3NSCRGVFBZ3","flags":0,"home_domain":"","master_weight":1,"threshold_low":0,"threshold_medium":0,"threshold_high":0,"last_modified_ledger":17736177}
{"account_id":"GAAUML3D46HDSXOZR5LLCALGOJCWEHEQLJI4HTAFMHHSPJ7E3DSMC7DZ","balance":24807500,"buying_liabilities":0,"selling_liabilities":0,"sequence_number":76038075238582140,"num_subentries":1,"inflation_destination":"","flags":0,"home_domain":"","master_weight":1,"threshold_low":0,"threshold_medium":0,"threshold_high":0,"last_modified_ledger":17736178}
{"account_id":"GAQSTO6K3WHC2PNXBXMYLBKS5IC2TPHCRYNRZJGTEGMTAS5JADYIOHWJ","balance":24807300,"buying_liabilities":0,"selling_liabilities":0,"sequence_number":76038066648647551,"num_subentries":1,"inflation_destination":"","flags":0,"home_domain":"","master_weight":1,"threshold_low":0,"threshold_medium":0,"threshold_high":0,"last_modified_ledger":17736180}
{"account_id":"GCG4TR62KCJMLF3DI334YZAJJFHXZIEWFYMVHYBLYXVT7NW6ZVJKRHC4","balance":16500274,"buying_liabilities":0,"selling_liabilities":0,"sequence_number":74275991890952222,"num_subentries":1,"inflation_destination":"GCCD6AJOYZCUAQLX32ZJF2MKFFAUJ53PVCFQI3RHWKL3V47QYE2BNAUT","flags":0,"home_domain":"","master_weight":1,"threshold_low":0,"threshold_medium":0,"threshold_high":0,"last_modified_ledger":17736173}
{"account_id":"GATQDKMBGWAALB6ICFM6HSII67OVXBGFLDNN5Y4D35H2AUYNIK2EJ5RI","balance":16500274,"buying_liabilities":0,"selling_liabilities":0,"sequence_number":74276009070821406,"num_subentries":1,"inflation_destination":"GCCD6AJOYZCUAQLX32ZJF2MKFFAUJ53PVCFQI3RHWKL3V47QYE2BNAUT","flags":0,"home_domain":"","master_weight":1,"threshold_low":0,"threshold_medium":0,"threshold_high":0,"last_modified_ledger":17736174}
{"account_id":"GDEMBWC5AR5CHND7IF4DTQTF4C6V7GWC6UC43GKHVZDIBWMS25EOLZF5","balance":24766900,"buying_liabilities":0,"selling_liabilities":0,"sequence_number":76037864785185042,"num_subentries":1,"inflation_destination":"","flags":0,"home_domain":"","master_weight":1,"threshold_low":0,"threshold_medium":0,"threshold_high":0,"last_modified_ledger":17736175}
{"account_id":"GAFGG7CRFRCJLBHGI5L4IZD4QYR4GDX5NKB46CE4KZMNBILBTP3L4M75","balance":33593874294,"buying_liabilities":0,"selling_liabilities":0,"sequence_number":70985879438561495,"num_subentries":5,"inflation_destination":"GCCD6AJOYZCUAQLX32ZJF2MKFFAUJ53PVCFQI3RHWKL3V47QYE2BNAUT","flags":0,"home_domain":"","master_weight":1,"threshold_low":0,"threshold_medium":0,"threshold_high":0,"last_modified_ledger":17736178}
{"account_id":"GB42PDYTMHVL7FG2KQ6DGCJSEOF6RXWX7BYJ7UISU5GCRRA5DPCY2X7R","balance":32522063791,"buying_liabilities":0,"selling_liabilities":0,"sequence_number":70985806424114200,"num_subentries":5,"inflation_destination":"GCCD6AJOYZCUAQLX32ZJF2MKFFAUJ53PVCFQI3RHWKL3V47QYE2BNAUT","flags":0,"home_domain":"","master_weight":1,"threshold_low":0,"threshold_medium":0,"threshold_high":0,"last_modified_ledger":17736178}
{"account_id":"GBU2RXVFYNQXGILRJPAD5E6LMP7WDDYJ7ZH5DHDM3YBJ2LDU2URJHXVB","balance":30046063241,"buying_liabilities":0,"selling_liabilities":0,"sequence_number":70985802129150176,"num_subentries":9,"inflation_destination":"GCCD6AJOYZCUAQLX32ZJF2MKFFAUJ53PVCFQI3RHWKL3V47QYE2BNAUT","flags":0,"home_domain":"","master_weight":1,"threshold_low":0,"threshold_medium":0,"threshold_high":0,"last_modified_ledger":17736178}
{"account_id":"GAEXATJ3EW2JLC7BMAK5Y2PFUFOOE6VLSICOM5M2ISHQHU5SFWZ2MHPL","balance":65000000,"buying_liabilities":0,"selling_liabilities":0,"sequence_number":71790404122443776,"num_subentries":5,"inflation_destination":"GAINFLYTLHXSPKIIXFUO63U34F4ZTORGU37JPACXTUR4QCMHOFCVK7BK","flags":0,"home_domain":"stronghold.co","master_weight":1,"threshold_low":0,"threshold_medium":0,"threshold_high":0,"last_modified_ledger":17736182}
{"account_id":"GB5LVNWUK3P27XKNFPV3RRWP6MRDW6MDQJORSQSWOR6LZI2YQBSE4IOD","balance":24766400,"buying_liabilities":0,"selling_liabilities":0,"sequence_number":76037890554988827,"num_subentries":1,"inflation_destination":"","flags":0,"home_domain":"","master_weight":1,"threshold_low":0,"threshold_medium":0,"threshold_high":0,"last_modified_ledger":17736182}
{"account_id":"GCFGOYPRXCJRGDLPDAN3NB4XDMGTN477O4GTA6GLL4M322TL3PEP5CST","balance":3355415027,"buying_liabilities":0,"selling_liabilities":0,"sequence_number":75106050155479107,"num_subentries":1,"inflation_destination":"","flags":0,"home_domain":"","master_weight":1,"threshold_low":0,"threshold_medium":0,"threshold_high":0,"last_modified_ledger":17736176}
{"account_id":"GB246CQMEJYPWT7QKF7F4RHIYVVLUMZJUO7GW2FCUZKTTMWIQX4YHTBE","balance":20931148900,"buying_liabilities":0,"selling_liabilities":0,"sequence_number":72612757215641601,"num_subentries":0,"inflation_destination":"","flags":0,"home_domain":"","master_weight":1,"threshold_low":0,"threshold_medium":0,"threshold_high":0,"last_modified_ledger":17736176}
{"account_id":"GCAF2QQSUBQLLNWCVMGIOJXJTDB2XA34T7GVLEWVJEWN326Y3AMON2YU","balance":10190785307,"buying_liabilities":0,"selling_liabilities":0,"sequence_number":75093156663656481,"num_subentries":1,"inflation_destination":"","flags":0,"home_domain":"","master_weight":1,"threshold_low":0,"threshold_medium":0,"threshold_high":0,"last_modified_ledger":17736177}
{"account_id":"GBXGOQQLSCBO6EXWKIVJ4OILON4HDJNG57PBLPJT3DITR76V364SGQHD","balance":24808100,"buying_liabilities":0,"selling_liabilities":0,"sequence_number":76038083828516730,"num_subentries":1,"inflation_destination":"","flags":0,"home_domain":"","master_weight":1,"threshold_low":0,"threshold_medium":0,"threshold_high":0,"last_modified_ledger":17736179}
{"account_id":"GBLMPWYW2R7ICYRM62GSLW5B567ETK5O64N34VPT4RWH6PMWPMIG3FHT","balance":329856900,"buying_liabilities":0,"selling_liabilities":0,"sequence_number":66516347491815627,"num_subentries":6,"inflation_destination":"GA3FUYFOPWZ25YXTCA73RK2UGONHCO27OHQRSGV3VCE67UEPEFEDCOPA","flags":0,"home_domain":"","master_weight":1,"threshold_low":0,"threshold_medium":0,"threshold_high":0,"last_modified_ledger":17736180}
{"account_id":"GBUZVP3L3M6SIWO64OIUUH6SEJZNTH3ZTDXE3Y4XSQ3RCPO57T3KH4ID","balance":46588005063,"buying_liabilities":0,"selling_liabilities":0,"sequence_number":66516377556586930,"num_subentries":6,"inflation_destination":"GA3FUYFOPWZ25YXTCA73RK2UGONHCO27OHQRSGV3VCE67UEPEFEDCOPA","flags":0,"home_domain":"","master_weight":1,"threshold_low":0,"threshold_medium":0,"threshold_high":0,"last_modified_ledger":17736181}
{"account_id":"GCREPPSQIBZXTW4BWZFE2GN53XRK6TWP4GEPG4JTQPUO5TP3IKJGF2CO","balance":29999887,"buying_liabilities":0,"selling_liabilities":0,"sequence_number":75092649857515567,"num_subentries":1,"inflation_destination":"","flags":0,"home_domain":"","master_weight":1,"threshold_low":0,"threshold_medium":0,"threshold_high":0,"last_modified_ledger":17736178}
{"account_id":"GDFR26DGRGE7GCOECIL553BMVPHWOIPDDU2AFXZH22EXSAMHEBVH2BBO","balance":107252861585,"buying_liabilities":0,"selling_liabilities":0,"sequence_number":75691063355946933,"num_subentries":20,"inflation_destination":"","flags":0,"home_domain":"","master_weight":1,"threshold_low":0,"threshold_medium":0,"threshold_high":0,"last_modified_ledger":17736182}
{"account_id":"GC2HA3BHYP4EQA3GQLD3APNZBNZVUFMV467RAC2JRQ67ZK5RX7ZE655I","balance":18643970,"buying_liabilities":0,"selling_liabilities":0,"sequence_number":70961363765169937,"num_subentries":1,"inflation_destination":"GDCHDRSDOBRMSUDKRE2C4U4KDLNEATJPIHHR2ORFL5BSD56G4DQXL4VW","flags":0,"home_domain":"","master_weight":1,"threshold_low":0,"threshold_medium":0,"threshold_high":0,"last_modified_ledger":17736175}
{"account_id":"GBZS44TG6VO5CO3BLEECBFDF4Q44DYACL4XHT7GHZQF2Z65UK6ADBBNW","balance":78884393847,"buying_liabilities":0,"selling_liabilities":0,"sequence_number":75860641549652718,"num_subentries":2,"inflation_destination":"GA6EDLOFBNIA6VIZKPUZRXG6OPSKW4ZKBARGLDHCTEZR6GWJ5EOKIN3A","flags":0,"home_domain":"","master_weight":1,"threshold_low":0,"threshold_medium":0,"threshold_high":0,"last_modified_ledger":17736175}
{"account_id":"GBOKO4NPPDKQXRF4VIVEOJT7H3FG2DTC4O7227WXFKO3NZIL2SUQ75MC","balance":14017400,"buying_liabilities":0,"selling_liabilities":0,"sequence_number":67581611050312919,"num_subentries":0,"inflation_destination":"","flags":0,"home_domain":"","master_weight":1,"threshold_low":0,"threshold_medium":0,"threshold_high":0,"last_modified_ledger":17736177}
{"account_id":"GCHS5RVECF6K3XZ2FC5WXDQ6JJPYJPI65YJWFL4QZ4XULX5EQWVJYTUO","balance":30044828177,"buying_liabilities":0,"selling_liabilities":0,"sequence_number":70985870848626897,"num_subentries":9,"inflation_destination":"GCCD6AJOYZCUAQLX32ZJF2MKFFAUJ53PVCFQI3RHWKL3V47QYE2BNAUT","flags":0,"home_domain":"","master_weight":1,"threshold_low":0,"threshold_medium":0,"threshold_high":0,"last_modified_ledger":17736178}
{"account_id":"GA5ECQ77IE6NFPLO44Y3KZWHSJW5YD4I7CYMQNNUAU5IDMT3GSRDBHVR","balance":200568840,"buying_liabilities":0,"selling_liabilities":0,"sequence_number":70985849373787870,"num_subentries":9,"inflation_destination":"GCCD6AJOYZCUAQLX32ZJF2MKFFAUJ53PVCFQI3RHWKL3V47QYE2BNAUT","flags":0,"home_domain":"","master_weight":1,"threshold_low":0,"threshold_medium":0,"threshold_high":0,"last_modified_ledger":17736178}
{"account_id":"GB7HLUQEVJSLWFJIYQCBLOH6QV4TWGQGW2SVHYRUDNMI7YGPGVS7CASJ","balance":30044816281,"buying_liabilities":0,"selling_liabilities":0,"sequence_number":70985862258692310,"num_subentries":9,"inflation_destination":"GCCD6AJOYZCUAQLX32ZJF2MKFFAUJ53PVCFQI3RHWKL3V47QYE2BNAUT","flags":0,"home_domain":"","master_weight":1,"threshold_low":0,"threshold_medium":0,"threshold_high":0,"last_modified_ledger":17736178}
{"account_id":"GB2ZW4B7CUVURJ4MTM7CXMDMBKKBLF2VCNEG2PDXQCMDBLXV3CI7ZA4A","balance":94857568,"buying_liabilities":0,"selling_liabilities":0,"sequence_number":70985819309019359,"num_subentries":5,"inflation_destination":"GCCD6AJOYZCUAQLX32ZJF2MKFFAUJ53PVCFQI3RHWKL3V47QYE2BNAUT","flags":0,"home_domain":"","master_weight":1,"threshold_low":0,"threshold_medium":0,"threshold_high":0,"last_modified_ledger":17736178}
{"account_id":"GDIKUYWPX7XFMHCA3CHZBM5UGMAZOXIYEZ57Q4UTQ5SOGXRVWYMYBGM2","balance":16500274,"buying_liabilities":0,"selling_liabilities":0,"sequence_number":74275974711083038,"num_subentries":1,"inflation_destination":"GCCD6AJOYZCUAQLX32ZJF2MKFFAUJ53PVCFQI3RHWKL3V47QYE2BNAUT","flags":0,"home_domain":"","master_weight":1,"threshold_low":0,"threshold_medium":0,"threshold_high":0,"last_modified_ledger":17736172}
{"account_id":"GCQB2KHXSKBLTCKTCUVXOD2LDWV6TLCH7SX74KJQSNRD2Q2H2SSP6R4X","balance":33650272,"buying_liabilities":0,"selling_liabilities":0,"sequence_number":74505347439575105,"num_subentries":1,"inflation_destination":"GCCD6AJOYZCUAQLX32ZJF2MKFFAUJ53PVCFQI3RHWKL3V47QYE2BNAUT","flags":0,"home_domain":"","master_weight":1,"threshold_low":0,"threshold_medium":0,"threshold_high":0,"last_modified_ledger":17736182}
{"account_id":"GDDS5XTQD5RBXQLHLKZWZXK3EB6TIFZLM2RFBEWLHHFIU72CJPCKVWNN","balance":50111626,"buying_liabilities":0,"selling_liabilities":0,"sequence_number":72672075008975901,"num_subentries":2,"inflation_destination":"","flags":0,"home_domain":"","master_weight":1,"threshold_low":0,"threshold_medium":0,"threshold_high":0,"last_modified_ledger":17736182}
{"account_id":"GBB4JST32UWKOLGYYSCEYBHBCOFL2TGBHDVOMZP462ET4ZRD4ULA7S2L","balance":3502187796207,"buying_liabilities":0,"selling_liabilities":0,"sequence_number":2439494179526647,"num_subentries":6,"inflation_destination":"GDZL3VDBJTJ5G7GGP5VGEYONLZHAPDWA6WLSPJ52QRPZX3NSCRGVFBZ3","flags":0,"home_domain":"","master_weight":1,"threshold_low":0,"threshold_medium":0,"threshold_high":0,"last_modified_ledger":17736175}
{"account_id":"GCZPKHWVSV7U4OXPD3CQONSXGBORRYTURWUIZEA6OGS5UW4PVQMHK2JQ","balance":2295476845,"buying_liabilities":0,"selling_liabilities":0,"sequence_number":75105122442543157,"num_subentries":1,"inflation_destination":"","flags":0,"home_domain":"","master_weight":1,"threshold_low":0,"threshold_medium":0,"threshold_high":0,"last_modified_ledger":17736176}
{"account_id":"GAYSUPJAWLTRGAE2BXK244Y5VESEFH4BILFOZML7MLJPB5EDQC6SGXZV","balance":16099200,"buying_liabilities":0,"selling_liabilities":0,"sequence_number":75514145063043080,"num_subentries":1,"inflation_destination":"","flags":0,"home_domain":"","master_weight":1,"threshold_low":0,"threshold_medium":0,"threshold_high":0,"last_modified_ledger":17736178}
{"account_id":"GCK2GNJIX5MEGJKXPKFKV7NBMIJ6S6XGPENKCAWLKWG5CXJIJVF5XJH5","balance":16500274,"buying_liabilities":0,"selling_liabilities":0,"sequence_number":74276099265134622,"num_subentries":1,"inflation_destination":"GCCD6AJOYZCUAQLX32ZJF2MKFFAUJ53PVCFQI3RHWKL3V47QYE2BNAUT","flags":0,"home_domain":"","master_weight":1,"threshold_low":0,"threshold_medium":0,"threshold_high":0,"last_modified_ledger":17736179}
{"account_id":"GCS4TVFTNGHKQ6J7BOUUHITFTQDIZFNUVN555IPE6ZQIYEQZXMITX7A6","balance":692481300,"buying_liabilities":0,"selling_liabilities":0,"sequence_number":42741027743802912,"num_subentries":4,"inflation_destination":"GDZL3VDBJTJ5G7GGP5VGEYONLZHAPDWA6WLSPJ52QRPZX3NSCRGVFBZ3","flags":0,"home_domain":"","master_weight":1,"threshold_low":0,"threshold_medium":0,"threshold_high":0,"last_modified_ledger":17736180}
{"account_id":"GBJSBZDTKJRG6DIGAZMD5TNDNJHPCGQG4BYBO4OTEORWCR67LRCYRG72","balance":4486139303,"buying_liabilities":0,"selling_liabilities":0,"sequence_number":75094105851428908,"num_subentries":1,"inflation_destination":"","flags":0,"home_domain":"","master_weight":1,"threshold_low":0,"threshold_medium":0,"threshold_high":0,"last_modified_ledger":17736179}
{"account_id":"GBBMSYSNV7PC6XAI3JL6F5OWP54TIONGDDTEJ4AQS3YMFUSPDSSSDQVB","balance":1519900000,"buying_liabilities":0,"selling_liabilities":0,"sequence_number":68337937611227136,"num_subentries":12,"inflation_destination":"GAINFLYTLHXSPKIIXFUO63U34F4ZTORGU37JPACXTUR4QCMHOFCVK7BK","flags":0,"home_domain":"stronghold.co","master_weight":1,"threshold_low":0,"threshold_medium":0,"threshold_high":0,"last_modified_ledger":17736176}
{"account_id":"GBHIAHIT6ELVEBNSOON357RRMA7KI3ZX4R65REB7VG4P7WNUO6VEPDJB","balance":4996363800,"buying_liabilities":0,"selling_liabilities":0,"sequence_number":73855278369491652,"num_subentries":127,"inflation_destination":"","flags":0,"home_domain":"","master_weight":1,"threshold_low":0,"threshold_medium":0,"threshold_high":0,"last_modified_ledger":17736176}
{"account_id":"GAKQCERNFNOVBEM3R7VWNZ766BCBEWGFOG6G4NJJEKYRCXT33CFMRDJ7","balance":16500274,"buying_liabilities":0,"selling_liabilities":0,"sequence_number":74276060610428958,"num_subentries":1,"inflation_destination":"GCCD6AJOYZCUAQLX32ZJF2MKFFAUJ53PVCFQI3RHWKL3V47QYE2BNAUT","flags":0,"home_domain":"","master_weight":1,"threshold_low":0,"threshold_medium":0,"threshold_high":0,"last_modified_ledger":17736177}
{"account_id":"GAAVA3YNBK4YLXQF6Z23TIF6AHN5IT3XQESOFVKTOA24YJQOM26MV5RF","balance":15089800,"buying_liabilities":0,"selling_liabilities":0,"sequence_number":74184728130879490,"num_subentries":1,"inflation_destination":"","flags":0,"home_domain":"","master_weight":1,"threshold_low":2,"threshold_medium":2,"threshold_high":2,"last_modified_ledger":17736179}
{"account_id":"GD3C4IZEAQGYG4TXQZGPEPHGNJ2ICTUQU5ZMLXRZR6PWATA2JD7KY4ZT","balance":30025088537,"buying_liabilities":0,"selling_liabilities":0,"sequence_number":73877010904022109,"num_subentries":9,"inflation_destination":"GCCD6AJOYZCUAQLX32ZJF2MKFFAUJ53PVCFQI3RHWKL3V47QYE2BNAUT","flags":0,"home_domain":"","master_weight":1,"threshold_low":0,"threshold_medium":0,"threshold_high":0,"last_modified_ledger":17736178}
{"account_id":"GDD7ABRF7BCK76W33RXDQG5Q3WXVSQYVLGEMXSOWRGZ6Z3G3M2EM2TCP","balance":401618806208,"buying_liabilities":0,"selling_liabilities":0,"sequence_number":75187504210319610,"num_subentries":44,"inflation_destination":"","flags":0,"home_domain":"","master_weight":1,"threshold_low":0,"threshold_medium":0,"threshold_high":0,"last_modified_ledger":17736182}
{"account_id":"GD5NG5SQYAR3BRAPPJFLDAELV2VOSTLG3SPRPAK3GPJZLTIDV4DEYVLL","balance":16500274,"buying_liabilities":0,"selling_liabilities":0,"sequence_number":74276026250690590,"num_subentries":1,"inflation_destination":"GCCD6AJOYZCUAQLX32ZJF2MKFFAUJ53PVCFQI3RHWKL3V47QYE2BNAUT","flags":0,"home_domain":"","master_weight":1,"threshold_low":0,"threshold_medium":0,"threshold_high":0,"last_modified_ledger":17736175}
{"account_id":"GAUUOKOUOTH22FPJ5X7C4YXZ6MU6HZIC7XI2OCS2QOHSZFTFCZW6BXCC","balance":29999916,"buying_liabilities":0,"selling_liabilities":0,"sequence_number":75108910603698215,"num_subentries":1,"inflation_destination":"","flags":0,"home_domain":"","master_weight":1,"threshold_low":0,"threshold_medium":0,"threshold_high":0,"last_modified_ledger":17736176}
{"account_id":"GDWRQO6ERKKLTTQHIZ755ARZIRRIVYE4QEQVNWIKWZ7U25UDKY6NBRBK","balance":15572300,"buying_liabilities":0,"selling_liabilities":0,"sequence_number":67582719151874083,"num_subentries":0,"inflation_destination":"","flags":0,"home_domain":"","master_weight":1,"threshold_low":0,"threshold_medium":0,"threshold_high":0,"last_modified_ledger":17736177}
{"account_id":"GD6SF6LLL5QRHBEXFOBJ2NGD7IG2XY2LWANPYEI2UZ75J5LL7FVZHZFR","balance":9482459600,"buying_liabilities":0,"selling_liabilities":0,"sequence_number":76038951411909292,"num_subentries":0,"inflation_destination":"","flags":0,"home_domain":"","master_weight":1,"threshold_low":0,"threshold_medium":0,"threshold_high":0,"last_modified_ledger":17736179}
{"account_id":"GA5M5UAHIJTY4AGWLCVENE4NWJLGTWKEMYZXLS7FAJ4IKIYGNPC7EGL7","balance":24766600,"buying_liabilities":0,"selling_liabilities":0,"sequence_number":76037873375119637,"num_subentries":1,"inflation_destination":"","flags":0,"home_domain":"","master_weight":1,"threshold_low":0,"threshold_medium":0,"threshold_high":0,"last_modified_ledger":17736177}
{"account_id":"GCOMUSSOK3SRGUHALNFT4LSTWL3GOL2KCN53QHWQ67LJOLEBPEPEZWXW","balance":289413919551,"buying_liabilities":0,"selling_liabilities":0,"sequence_number":70359535767793703,"num_subentries":0,"inflation_destination":"","flags":0,"home_domain":"","master_weight":1,"threshold_low":0,"threshold_medium":0,"threshold_high":0,"last_modified_ledger":17736176}
{"account_id":"GBXUAEZMR5LPUWZQOCLPUGAL25OK32A4FVGWJTX6GLUYNIGGBAXQZ7IU","balance":5200908227,"buying_liabilities":0,"selling_liabilities":0,"sequence_number":70985840783854541,"num_subentries":9,"inflation_destination":"GCCD6AJOYZCUAQLX32ZJF2MKFFAUJ53PVCFQI3RHWKL3V47QYE2BNAUT","flags":0,"home_domain":"","master_weight":1,"threshold_low":0,"threshold_medium":0,"threshold_high":0,"last_modified_ledger":17736178}
{"account_id":"GCEXD5653GNC5NCX4PI45FQ7BYZI7GPI4AJ6VW5O4JL356G4N62MUGJL","balance":24807700,"buying_liabilities":0,"selling_liabilities":0,"sequence_number":76038088123484026,"num_subentries":1,"inflation_destination":"","flags":0,"home_domain":"","master_weight":1,"threshold_low":0,"threshold_medium":0,"threshold_high":0,"last_modified_ledger":17736180}
{"account_id":"GD75WCIABKIDWGL66ZP6ONWQP23UTSHAY5IU2KOLVIGRRILKNDQ7VZI3","balance":16500274,"buying_liabilities":0,"selling_liabilities":0,"sequence_number":74276159394676766,"num_subentries":1,"inflation_destination":"GCCD6AJOYZCUAQLX32ZJF2MKFFAUJ53PVCFQI3RHWKL3V47QYE2BNAUT","flags":0,"home_domain":"","master_weight":1,"threshold_low":0,"threshold_medium":0,"threshold_high":0,"last_modified_ledger":17736182}
{"account_id":"GCGI5GLTFHRFJECM2UMNAVFVUAL4KIO2C2RAHUTAO3JBAHIEPQZ4ZYEG","balance":6393219297,"buying_liabilities":0,"selling_liabilities":0,"sequence_number":75106312148484127,"num_subentries":1,"inflation_destination":"","flags":0,"home_domain":"","master_weight":1,"threshold_low":0,"threshold_medium":0,"threshold_high":0,"last_modified_ledger":17736179}
{"account_id":"GDWDXGU5ZWAMULTWMBZY7LG4Z5X3STM55EGGVVESBUZD7434O443CQNM","balance":24766500,"buying_liabilities":0,"selling_liabilities":0,"sequence_number":76037886260021527,"num_subentries":1,"inflation_destination":"","flags":0,"home_domain":"","master_weight":1,"threshold_low":0,"threshold_medium":0,"threshold_high":0,"last_modified_ledger":17736173}
{"account_id":"GCTZ7Z64O5W5FC2XVG3ACPTIYJDYV2BHZH6SSVCAJEACEHCKUZ3BMJXL","balance":29999929,"buying_liabilities":0,"selling_liabilities":0,"sequence_number":75107931351154738,"num_subentries":1,"inflation_destination":"","flags":0,"home_domain":"","master_weight":1,"threshold_low":0,"threshold_medium":0,"threshold_high":0,"last_modified_ledger":17736175}
{"account_id":"GDACUYX7ILIEZZRF72ZTJ4MYRJYK3FSVOH3VBC6QRK2XU4ALNQPHYUQH","balance":16500274,"buying_liabilities":0,"selling_liabilities":0,"sequence_number":74276077790298142,"num_subentries":1,"inflation_destination":"GCCD6AJOYZCUAQLX32ZJF2MKFFAUJ53PVCFQI3RHWKL3V47QYE2BNAUT","flags":0,"home_domain":"","master_weight":1,"threshold_low":0,"threshold_medium":0,"threshold_high":0,"last_modified_ledger":17736178}
{"account_id":"GCJ4YT6U3UOPMSHRXGG3MT6PWY4POHR363SV4XVLWRUNIJGJXZZQDZ6T","balance":1979989400,"buying_liabilities":0,"selling_liabilities":0,"sequence_number":43715023247291170,"num_subentries":0,"inflation_destination":"","flags":0,"home_domain":"","master_weight":1,"threshold_low":0,"threshold_medium":0,"threshold_high":0,"last_modified_ledger":17736178}
{"account_id":"GD3IYBNQ45LXHFABSX4HLGDL7BQA62SVB5NB5O6XMBCITFZOLWLVS22B","balance":65000000,"buying_liabilities":0,"selling_liabilities":0,"sequence_number":68349976404557824,"num_subentries":7,"inflation_destination":"GAINFLYTLHXSPKIIXFUO63U34F4ZTORGU37JPACXTUR4QCMHOFCVK7BK","flags":0,"home_domain":"stronghold.co","master_weight":1,"threshold_low":0,"threshold_medium":0,"threshold_high":0,"last_modified_ledger":17736181}
{"account_id":"GD7RV7HPL22HBLMR557GADG6NU474IJNCKV6TAH6FNQR7DIGLL4V6WN4","balance":24808400,"buying_liabilities":0,"selling_liabilities":0,"sequence_number":76038105303353212,"num_subentries":1,"inflation_destination":"","flags":0,"home_domain":"","master_weight":1,"threshold_low":0,"threshold_medium":0,"threshold_high":0,"last_modified_ledger":17736181}
{"account_id":"GDKI4JKXVHLSP64QABHJGB6RY3YKBTCAJEXU6W44GXTIIOUDSKAHULFT","balance":9526050995,"buying_liabilities":0,"selling_liabilities":0,"sequence_number":70985845078822542,"num_subentries":9,"inflation_destination":"GCCD6AJOYZCUAQLX32ZJF2MKFFAUJ53PVCFQI3RHWKL3V47QYE2BNAUT","flags":0,"home_domain":"","master_weight":1,"threshold_low":0,"threshold_medium":0,"threshold_high":0,"last_modified_ledger":17736178}
{"account_id":"GBTJHXFCTOAIKYRTURFSD3OVVR25FJKAXFXVFRINHMZ5OD3OIFRELU6A","balance":197549800,"buying_liabilities":0,"selling_liabilities":0,"sequence_number":74911161719480204,"num_subentries":0,"inflation_destination":"","flags":0,"home_domain":"","master_weight":1,"threshold_low":0,"threshold_medium":0,"threshold_high":0,"last_modified_ledger":17736181}
{"account_id":"GBIDUO3ZN3FAOXMI4MZXJASZIV6RWIXXFEXTPV43PJPRJRZFJGPFDVF6","balance":329994900,"buying_liabilities":0,"selling_liabilities":0,"sequence_number":67542853265476204,"num_subentries":6,"inflation_destination":"GA3FUYFOPWZ25YXTCA73RK2UGONHCO27OHQRSGV3VCE67UEPEFEDCOPA","flags":0,"home_domain":"","master_weight":1,"threshold_low":0,"threshold_medium":0,"threshold_high":0,"last_modified_ledger":17736182}
{"account_id":"GDCHCUDQILQYPVANKWIL7I5T3V2IZTFDG4FV7I3YE66WLFARQREMZVRQ","balance":24807600,"buying_liabilities":0,"selling_liabilities":0,"sequence_number":76038092418451322,"num_subentries":1,"inflation_destination":"","flags":0,"home_domain":"","master_weight":1,"threshold_low":0,"threshold_medium":0,"threshold_high":0,"last_modified_ledger":17736174}
{"account_id":"GAIQSSGSYW2LTL7K4APPYSENBKQKEE6A43RWEPJVBR5IEJ62CNEF3JZB","balance":24766900,"buying_liabilities":0,"selling_liabilities":0,"sequence_number":76037881965054231,"num_subentries":1,"inflation_destination":"","flags":0,"home_domain":"","master_weight":1,"threshold_low":0,"threshold_medium":0,"threshold_high":0,"last_modified_ledger":17736176}
{"account_id":"GC6O55LZ2JZMSWJQF2UGVI3KQEBGVNT5M7QAAHI7MWFZRBN4QWV6JGXM","balance":24766000,"buying_liabilities":0,"selling_liabilities":0,"sequence_number":76037869080152346,"num_subentries":1,"inflation_destination":"","flags":0,"home_domain":"","master_weight":1,"threshold_low":0,"threshold_medium":0,"threshold_high":0,"last_modified_ledger":17736179}
{"account_id":"GAMIPN5TJGAIQLRLRN2JTS6OOPATUSTRAV43DPP6IC2TMG7QDHJ3OMPG","balance":16500274,"buying_liabilities":0,"selling_liabilities":0,"sequence_number":74276120739971102,"num_subentries":1,"inflation_destination":"GCCD6AJOYZCUAQLX32ZJF2MKFFAUJ53PVCFQI3RHWKL3V47QYE2BNAUT","flags":0,"home_domain":"","master_weight":1,"threshold_low":0,"threshold_medium":0,"threshold_high":0,"last_modified_ledger":17736180}
{"account_id":"GDWROLM5QH3ZSOHR7BLTNREB3TUZLV2DBNTXDP4FP6224ZRMHGO3R4NA","balance":16500274,"buying_liabilities":0,"selling_liabilities":0,"sequence_number":74276043430559774,"num_subentries":1,"inflation_destination":"GCCD6AJOYZCUAQLX32ZJF2MKFFAUJ53PVCFQI3RHWKL3V47QYE2BNAUT","flags":0,"home_domain":"","master_weight":1,"threshold_low":0,"threshold_medium":0,"threshold_high":0,"last_modified_ledger":17736176}
{"account_id":"GA4K4BUZ4SLAKQA5T2OE64FM3BWTUJXQQ3J4QPCEQBHCQZWQHRHGPPSO","balance":129813214749,"buying_liabilities":0,"selling_liabilities":0,"sequence_number":70914226499158736,"num_subentries":9,"inflation_destination":"GCCD6AJOYZCUAQLX32ZJF2MKFFAUJ53PVCFQI3RHWKL3V47QYE2BNAUT","flags":0,"home_domain":"","master_weight":1,"threshold_low":0,"threshold_medium":0,"threshold_high":0,"last_modified_ledger":17736178}
{"account_id":"GBXX7GJL7XH6ZPIQZF3KNQJY5RYRGUJSDBGPJ6GVQ2YYPIXCJW5XLGMB","balance":996161203,"buying_liabilities":0,"selling_liabilities":0,"sequence_number":22443085317314077,"num_subentries":4,"inflation_destination":"GDZL3VDBJTJ5G7GGP5VGEYONLZHAPDWA6WLSPJ52QRPZX3NSCRGVFBZ3","flags":0,"home_domain":"","master_weight":1,"threshold_low":0,"threshold_medium":0,"threshold_high":0,"last_modified_ledger":17736178}
{"account_id":"GARKYBRQYDZBOQUBCAXM3AUT5DEMILIK6OJENPXJV6SR7ZTHKEEEJR3M","balance":24807300,"buying_liabilities":0,"selling_liabilities":0,"sequence_number":76038070943614847,"num_subentries":1,"inflation_destination":"","flags":0,"home_domain":"","master_weight":1,"threshold_low":0,"threshold_medium":0,"threshold_high":0,"last_modified_ledger":17736181}
{"account_id":"GCWUHWWIM4K4RJTGSNKMXREMM6KIJKGGYXR3VTNAR32TDUWXUVOEOXZN","balance":398675200,"buying_liabilities":0,"selling_liabilities":0,"sequence_number":56666814955985757,"num_subentries":0,"inflation_destination":"","flags":0,"home_domain":"","master_weight":1,"threshold_low":0,"threshold_medium":0,"threshold_high":0,"last_modified_ledger":17736172}
{"account_id":"GCPL35HWW2UFCWDETYITM2WQDHP2NTPW56USXD4EN5AAO6NFEGB7OE2C","balance":16099200,"buying_liabilities":0,"selling_liabilities":0,"sequence_number":75513522292785160,"num_subentries":1,"inflation_destination":"","flags":0,"home_domain":"","master_weight":1,"threshold_low":0,"threshold_medium":0,"threshold_high":0,"last_modified_ledger":17736173}
{"account_id":"GBSUVRN5E2XQ7BLUAKWA5UUQR7NHARNA6HZKBIIYWRJMUPEW3WMDW76R","balance":30045618990,"buying_liabilities":0,"selling_liabilities":0,"sequence_number":70985857963725012,"num_subentries":9,"inflation_destination":"GCCD6AJOYZCUAQLX32ZJF2MKFFAUJ53PVCFQI3RHWKL3V47QYE2BNAUT","flags":0,"home_domain":"","master_weight":1,"threshold_low":0,"threshold_medium":0,"threshold_high":0,"last_modified_ledger":17736178}
{"account_id":"GA2I4FLPJIUUCFTKCXIQO73OT3TWS3D5J7Y26RV3MGASIWJ3VAL56CYG","balance":34218614835,"buying_liabilities":0,"selling_liabilities":0,"sequence_number":70985815014051426,"num_subentries":9,"inflation_destination":"GCCD6AJOYZCUAQLX32ZJF2MKFFAUJ53PVCFQI3RHWKL3V47QYE2BNAUT","flags":0,"home_domain":"","master_weight":1,"threshold_low":0,"threshold_medium":0,"threshold_high":0,"last_modified_ledger":17736178}
{"account_id":"GBN3CIKVKQP3AN6ARJ6SXGQNHW7N34GO7BP56DDMDMZ7JPFZ3TN7G35W","balance":598719000,"buying_liabilities":0,"selling_liabilities":0,"sequence_number":46770750744441394,"num_subentries":3,"inflation_destination":"","flags":0,"home_domain":"","master_weight":1,"threshold_low":0,"threshold_medium":0,"threshold_high":0,"last_modified_ledger":17736181}
