{"account_id":"GAAZI4TCR3TY5OJHCTJC2A4QSY6CJWJH5IAJTGKIN2ER7LBNVKOCCWN7","balance":200000300,"buying_liabilities":0,"selling_liabilities":0,"sequence_number":1,"num_subentries":0,"inflation_destination":"","flags":0,"home_domain":"","master_weight":0,"threshold_low":0,"threshold_medium":0,"threshold_high":0,"last_modified_ledger":23016,"deleted":false}
{"account_id":"GACFGMEV7A5H44O3K4EN6GRQ4SA543YJBZTKGNKPEMEQEAJFO4Q7ENG6","balance":3799999900,"buying_liabilities":0,"selling_liabilities":0,"sequence_number":86861418594305,"num_subentries":0,"inflation_destination":"","flags":0,"home_domain":"","master_weight":1,"threshold_low":0,"threshold_medium":0,"threshold_high":0,"last_modified_ledger":20970,"deleted":false}
{"account_id":"GAENIE5LBJIXLMJIAJ7225IUPA6CX7EGHUXRX5FLCZFFAQSG2ZUYSWFK","balance":572219560474475,"buying_liabilities":0,"selling_liabilities":0,"sequence_number":37288906063876,"num_subentries":4,"inflation_destination":"GAENIE5LBJIXLMJIAJ7225IUPA6CX7EGHUXRX5FLCZFFAQSG2ZUYSWFK","flags":0,"home_domain":"","master_weight":1,"threshold_low":3,"threshold_medium":3,"threshold_high":3,"last_modified_ledger":22251,"deleted":false}
{"account_id":"GAOJIUNIQPBRLGX2PGFT3A3LXMQBZKM7UM7BMPACV36QPDKOOSIMLIIE","balance":4000000000,"buying_liabilities":0,"selling_liabilities":0,"sequence_number":96409130893312,"num_subentries":0,"inflation_destination":"","flags":0,"home_domain":"","master_weight":1,"threshold_low":0,"threshold_medium":0,"threshold_high":0,"last_modified_ledger":22447,"deleted":false}
{"account_id":"GAORN5O6AQUHW3F6ZVOTN67RAZSONRNKP7WOHZ4XBHDMRKKLBTFTSNC6","balance":4000000000,"buying_liabilities":0,"selling_liabilities":0,"sequence_number":85718957293568,"num_subentries":0,"inflation_destination":"","flags":0,"home_domain":"","master_weight":1,"threshold_low":0,"threshold_medium":0,"threshold_high":0,"last_modified_ledger":19958,"deleted":false}
{"account_id":"GAS2FDJIROHCJDM43TKDOPDSCYMVPGMULGF42QR65FINKVXHNDJTJC6E","balance":4000000000,"buying_liabilities":0,"selling_liabilities":0,"sequence_number":96714073571328,"num_subentries":0,"inflation_destination":"","flags":0,"home_domain":"","master_weight":1,"threshold_low":0,"threshold_medium":0,"threshold_high":0,"last_modified_ledger":22518,"deleted":false}
{"account_id":"GATEMHCCKCY67ZUCKTROYN24ZYT5GK4EQZ65JJLDHKHRUZI3EUEKMTCH","balance":200000000,"buying_liabilities":0,"selling_liabilities":0,"sequence_number":90065464197120,"num_subentries":0,"inflation_destination":"","flags":0,"home_domain":"","master_weight":1,"threshold_low":0,"threshold_medium":0,"threshold_high":0,"last_modified_ledger":20970,"deleted":false}
{"account_id":"GBCXF42Q26WFS2KJ5XDM5KGOWR5M4GHR3DBTFBJVRYKRUYJK4DBIH3RX","balance":99967999992000,"buying_liabilities":0,"selling_liabilities":0,"sequence_number":84340272791560,"num_subentries":0,"inflation_destination":"","flags":0,"home_domain":"","master_weight":1,"threshold_low":0,"threshold_medium":0,"threshold_high":0,"last_modified_ledger":29355,"deleted":false}
{"account_id":"GBDOCABSLKZIVYCW643B2HNYLW3VFYBI3RNXDDT3B2FPWNQ2VAMU5ECZ","balance":4000000000,"buying_liabilities":0,"selling_liabilities":0,"sequence_number":126078764974080,"num_subentries":0,"inflation_destination":"","flags":0,"home_domain":"","master_weight":1,"threshold_low":0,"threshold_medium":0,"threshold_high":0,"last_modified_ledger":29355,"deleted":false}
{"account_id":"GBEZOC5U4TVH7ZY5N3FLYHTCZSI6VFGTULG7PBITLF5ZEBPJXFT46YZM","balance":999899979599995600,"buying_liabilities":0,"selling_liabilities":0,"sequence_number":33676838567939,"num_subentries":4,"inflation_destination":"GAENIE5LBJIXLMJIAJ7225IUPA6CX7EGHUXRX5FLCZFFAQSG2ZUYSWFK","flags":0,"home_domain":"","master_weight":1,"threshold_low":3,"threshold_medium":3,"threshold_high":3,"last_modified_ledger":19637,"deleted":false}
{"account_id":"GBPO4N6XOLOLW2EV6X2AEQMLKOBH3WF2IJCZEQU65SVVSN4JD44WORKD","balance":514999200,"buying_liabilities":0,"selling_liabilities":0,"sequence_number":101288213741576,"num_subentries":3,"inflation_destination":"","flags":0,"home_domain":"The_Trader","master_weight":1,"threshold_low":0,"threshold_medium":0,"threshold_high":0,"last_modified_ledger":26466,"deleted":false}
{"account_id":"GCJC2I4JIISE3T4ZCTKDLUPKMWGMILF47VTMT7PRJ6AYRFZATPXGZVIS","balance":4000000000,"buying_liabilities":0,"selling_liabilities":0,"sequence_number":126005750530048,"num_subentries":0,"inflation_destination":"","flags":0,"home_domain":"","master_weight":1,"threshold_low":0,"threshold_medium":0,"threshold_high":0,"last_modified_ledger":29338,"deleted":false}
{"account_id":"GDVXG2FMFFSUMMMBIUEMWPZAIU2FNCH7QNGJMWRXRD6K5FZK5KJS4DDR","balance":3999992000,"buying_liabilities":0,"selling_liabilities":0,"sequence_number":85164906512392,"num_subentries":3,"inflation_destination":"","flags":0,"home_domain":"buhrmi.de","master_weight":1,"threshold_low":0,"threshold_medium":0,"threshold_high":0,"last_modified_ledger":25965,"deleted":false}
{"account_id":"GDW3CNKSP5AOTDQ2YCKNGC6L65CE4JDX3JS5BV427OB54HCF2J4PUEVG","balance":3484998700,"buying_liabilities":0,"selling_liabilities":0,"sequence_number":93205085290506,"num_subentries":0,"inflation_destination":"","flags":0,"home_domain":"sacarlson","master_weight":1,"threshold_low":0,"threshold_medium":0,"threshold_high":0,"last_modified_ledger":26280,"deleted":false}
