<startup> [default INFO] Config from /var/folders/74/lhd7ty5n75d2r2x4sw6vgt800000gn/T/captive-stellar-core-16ed1b1f2e06ad0a/stellar-core.conf
<startup> [default INFO] RUN_STANDALONE enabled in configuration file - node will not function properly with most networks
<startup> [default INFO] Using QUORUM_SET: {
   "t" : 1,
   "v" : [ "GCZBO" ]
}

<startup> [default INFO] Assigning calculated value of 0 to FAILURE_SAFETY
GA7NW [Database INFO] Connecting to: sqlite3://:memory:
GA7NW [Ledger INFO] Streaming metadata to file descriptor 3
GA7NW [SCP INFO] LocalNode::LocalNode@GA7NW qSet: 1dcacc
GA7NW [default INFO] * 
GA7NW [default INFO] * The database has been initialized
GA7NW [default INFO] * 
GA7NW [Database INFO] Applying DB schema upgrade to version 10
GA7NW [Database INFO] Applying DB schema upgrade to version 11
GA7NW [Database INFO] Applying DB schema upgrade to version 12
GA7NW [Database INFO] Applying DB schema upgrade to version 13
GA7NW [Database INFO] DB schema is in current version
GA7NW [Ledger INFO] Established genesis ledger, closing
GA7NW [Ledger INFO] Root account seed: SB5MGOMXKRHDC5OSM26QEJBZWIWNWFSQRQARMPZG4XFSUPQQIWUXTVO6
GA7NW [Ledger INFO] Starting up application
GA7NW [default INFO] Connection effective settings:
GA7NW [default INFO] TARGET_PEER_CONNECTIONS: 8
GA7NW [default INFO] MAX_ADDITIONAL_PEER_CONNECTIONS: 64
GA7NW [default INFO] MAX_PENDING_CONNECTIONS: 120
GA7NW [default INFO] MAX_OUTBOUND_PENDING_CONNECTIONS: 14
GA7NW [default INFO] MAX_INBOUND_PENDING_CONNECTIONS: 106
GA7NW [Ledger INFO] Last closed ledger (LCL) hash is 39c2a3cd4141b2853e70d84601faa44744660334b48f3228e0309342e3f4eb48
GA7NW [Ledger INFO] LCL is genesis: [seq=1, hash=39c2a3]
GA7NW [Ledger INFO] Assumed bucket-state for LCL: [seq=1, hash=39c2a3]
GA7NW [Ledger INFO] Changing state LM_BOOTING_STATE -> LM_CATCHING_UP_STATE
GA7NW [History INFO] Starting catchup with configuration:
  lastClosedLedger: 1
  toLedger: 10820115
  count: 101
GA7NW [History INFO] Catching up to ledger 10820115: Downloading state file history/00/a5/1a/history-00a51a3f.json for ledger 10820159
GA7NW [History INFO] Downloading history archive state: history/00/a5/1a/history-00a51a3f.json
GA7NW [History INFO] Catching up to ledger 10820115: Downloading state file history/00/a5/19/history-00a5197f.json for ledger 10819967
GA7NW [History INFO] Downloading history archive state: history/00/a5/19/history-00a5197f.json
GA7NW [History INFO] Catching up to ledger 10820115: downloading ledger files 1/4 (25%)
GA7NW [History INFO] Catching up to ledger 10820115: downloading ledger files 4/4 (100%)
GA7NW [History INFO] Catching up to ledger 10820115: Succeeded: batch-download-ledger-00a5197f-00a51a7f : 4/4 children completed
GA7NW [History INFO] Verifying ledgers [10819967,10820116)
GA7NW [History INFO] Skipping verification for ledger [seq=10820115, hash=544b04] against SCP hash
GA7NW [History INFO] Catching up to ledger 10820115: verifying checkpoint 1/3 (33%)
GA7NW [History INFO] History chain [10819967,10820115] verified
GA7NW [History INFO] Catching up to ledger 10820115: Succeeded: verify-ledger-chain
GA7NW [History INFO] Catching up to ledger 10820115: downloading and verifying buckets: 0/25 (0%)
GA7NW [History INFO] Verifying bucket 28e37a7053225a9b397e813b3aaca85169eb52c75cfb1eabc546d7c655cdb8dd
GA7NW [History INFO] Catching up to ledger 10820115: downloading and verifying buckets: 1/25 (4%)
GA7NW [History INFO] Verifying bucket cf0dd9985f4d41e35e3d4de3249d917ebd6914eb7b4482b8824c9d19a5cd6dc3
GA7NW [History INFO] Catching up to ledger 10820115: downloading and verifying buckets: 2/25 (8%)
GA7NW [History INFO] Verifying bucket 5959be3165dfc0c2294a9afc3ddc3e0d4c66b6f56a11594877f4fe1e6a6cd7c4
GA7NW [History INFO] Catching up to ledger 10820115: downloading and verifying buckets: 3/25 (12%)
GA7NW [History INFO] Verifying bucket 16f357154a093f93d1d83cb611008c9f38ab31f739bf6e768ba7a0cfc0a98add
GA7NW [History INFO] Catching up to ledger 10820115: downloading and verifying buckets: 4/25 (16%)
GA7NW [History INFO] Verifying bucket ac6cc894fcc5dcd8a321853249587506babf57a2e49ace125ad5ca388298ce18
GA7NW [History INFO] Catching up to ledger 10820115: downloading and verifying buckets: 5/25 (20%)
GA7NW [History INFO] Verifying bucket 4d2b3616ccfe37598394d4a749d703f1d72cd33a8b12264b4c07b3c17a9d3285
GA7NW [History INFO] Catching up to ledger 10820115: downloading and verifying buckets: 6/25 (24%)
GA7NW [History INFO] Verifying bucket f1aab03a6241c781220445f9e414a6107514534f9c9983d1b0cb65e6a2feca65
GA7NW [History INFO] Verifying bucket a9fc367847f9e3b95595e606883f85e395168bfa12643460d629acb3ced41bcd
GA7NW [History INFO] Catching up to ledger 10820115: downloading and verifying buckets: 7/25 (28%)
GA7NW [History INFO] Catching up to ledger 10820115: downloading and verifying buckets: 8/25 (32%)
GA7NW [History INFO] Verifying bucket f39a154c711e2a57d1ffca9cb8518a9be9c8c803ab3adb262f51b14bf761a2ac
GA7NW [History INFO] Catching up to ledger 10820115: downloading and verifying buckets: 9/25 (36%)
GA7NW [History INFO] Verifying bucket 50d8e396e321a09612bee5df470ff0c614476845cf9586651d0ba25e1b128856
GA7NW [History INFO] Verifying bucket 4d14267b798bee04a94612ec2aecd713f6d59d4ade9215d41c855aabf49925a6
GA7NW [History INFO] Catching up to ledger 10820115: downloading and verifying buckets: 10/25 (40%)
GA7NW [History INFO] Verifying bucket e84b903ec299b191e6c4972f5b0879173320294aff8a35c4a9e62ea92d2206bc
GA7NW [History INFO] Catching up to ledger 10820115: downloading and verifying buckets: 11/25 (44%)
GA7NW [History INFO] Catching up to ledger 10820115: downloading and verifying buckets: 12/25 (48%)
GA7NW [History INFO] Verifying bucket 50d08874c567dde2c513e47e805472766eebde8447e0137f36ee441397984580
GA7NW [History INFO] Catching up to ledger 10820115: downloading and verifying buckets: 13/25 (52%)
GA7NW [History INFO] Verifying bucket 9f36743ecd595f8ce11c0a6fa4c636b5d6c3a5f0c26cab05df0efd965a376f6c
GA7NW [History INFO] Catching up to ledger 10820115: downloading and verifying buckets: 14/25 (56%)
GA7NW [History INFO] Verifying bucket df3b35997ea63acae0cb86639d438d02b35a720d47f4e58d2c6dcdfbff977f19
GA7NW [History INFO] Catching up to ledger 10820115: downloading and verifying buckets: 15/25 (60%)
GA7NW [History INFO] Verifying bucket 41686642d2cadc8c576d397190c549ea2309adc4c55af9c778df54cc1d78cc91
GA7NW [History INFO] Catching up to ledger 10820115: downloading and verifying buckets: 16/25 (64%)
GA7NW [History INFO] Verifying bucket 6436c8cc2845a579f6c0c5511a84bc20b7e49a7ff8b02d00f8fb35671e2f559b
GA7NW [History INFO] Catching up to ledger 10820115: downloading and verifying buckets: 17/25 (68%)
GA7NW [History INFO] Verifying bucket 77b5f304afe6401fe252a0fc0cd4ea857c7610fdd9e4624fc7d8945369768e2f
GA7NW [History INFO] Catching up to ledger 10820115: downloading and verifying buckets: 18/25 (72%)
GA7NW [History INFO] Verifying bucket c3aad99bfede50324543253fa06f3261bc209e94f21cd3bb9238334b1658081e
GA7NW [History INFO] Catching up to ledger 10820115: downloading and verifying buckets: 19/25 (76%)
GA7NW [History INFO] Verifying bucket 40c3035e1e0444b00245834400b31e4f2b6be6268cdbe81e7baf5d1f85b641af
GA7NW [History INFO] Catching up to ledger 10820115: downloading and verifying buckets: 20/25 (80%)
GA7NW [History INFO] Verifying bucket 3458877b69df25ecece252bcb838c02fea505178d1faabf3393f8cab3832af81
GA7NW [History INFO] Catching up to ledger 10820115: downloading and verifying buckets: 21/25 (84%)
GA7NW [History INFO] Verifying bucket 89d94e79ddfede910d3e84d712d49e2b456a6e94e4ae0f8c90a381943748fe28
GA7NW [History INFO] Verifying bucket a2cbb7f219601866420c972e779c59d61ebe47f9dabcd72cfeba9e037f20925f
GA7NW [History INFO] Catching up to ledger 10820115: downloading and verifying buckets: 22/25 (88%)
GA7NW [History INFO] Catching up to ledger 10820115: downloading and verifying buckets: 23/25 (92%)
GA7NW [History INFO] Verifying bucket 84de50854adb8958474cd7d2a64c85c5a36b4288c39a154d9f3e961d0dadae31
GA7NW [History INFO] Catching up to ledger 10820115: downloading and verifying buckets: 24/25 (96%)
GA7NW [History INFO] Verifying bucket dbf13989c761d13d5fb9dbe9607e175e8a2db0bbd39281b3db0ee2bf21e072f0
GA7NW [History INFO] Catching up to ledger 10820115: Succeeded: download-verify-buckets : 25/25 children completed
GA7NW [History INFO] Applying buckets
GA7NW [History INFO] Catching up to ledger 10820115: Applying buckets 5%. Currently on level 10
GA7NW [History INFO] Catching up to ledger 10820115: Applying buckets 10%. Currently on level 10
GA7NW [Bucket INFO] Bucket-apply: 12288 entries in 1.18MB/7.85MB in 0/18 files (15%)
GA7NW [History INFO] Catching up to ledger 10820115: Applying buckets 15%. Currently on level 10
GA7NW [History INFO] Catching up to ledger 10820115: Applying buckets 20%. Currently on level 10
GA7NW [Bucket INFO] Apply-rates for 18359-entry bucket 10.curr au:12375 ad:0 tu:551 td:0 ou:93 od:0 du:21 dd:0 cu:0 cd:0 T:13042
GA7NW [Bucket INFO] Entry-counts for 18359-entry bucket 10.curr au:17420 ad:0 tu:777 td:0 ou:132 od:0 du:30 dd:0 cu:0 cd:0
GA7NW [Bucket INFO] Bucket-apply: 18359 entries in 1.79MB/7.85MB in 1/18 files (22%)
GA7NW [History INFO] Catching up to ledger 10820115: Applying buckets 22%. Currently on level 10
GA7NW [History INFO] Catching up to ledger 10820115: Applying buckets 22%. Currently on level 9
GA7NW [Bucket INFO] Bucket-apply: 22455 entries in 2.22MB/7.85MB in 1/18 files (28%)
GA7NW [History INFO] Catching up to ledger 10820115: Applying buckets 28%. Currently on level 9
GA7NW [History INFO] Catching up to ledger 10820115: Applying buckets 33%. Currently on level 9
GA7NW [Bucket INFO] Bucket-apply: 30647 entries in 3.08MB/7.85MB in 1/18 files (39%)
GA7NW [History INFO] Catching up to ledger 10820115: Applying buckets 39%. Currently on level 9
GA7NW [History INFO] Catching up to ledger 10820115: Applying buckets 45%. Currently on level 9
GA7NW [Bucket INFO] Bucket-apply: 38839 entries in 4.03MB/7.85MB in 1/18 files (51%)
GA7NW [History INFO] Catching up to ledger 10820115: Applying buckets 51%. Currently on level 9
GA7NW [Bucket INFO] Apply-rates for 22799-entry bucket 9.snap au:321898 ad:58482 tu:251197 td:430 ou:3097 od:14713 du:4072 dd:28 cu:0 cd:0 T:653922
GA7NW [Bucket INFO] Entry-counts for 22799-entry bucket 9.snap au:11223 ad:2039 tu:8758 td:15 ou:108 od:513 du:142 dd:1 cu:0 cd:0
GA7NW [Bucket INFO] Bucket-apply: 41158 entries in 4.27MB/7.85MB in 2/18 files (54%)
GA7NW [History INFO] Catching up to ledger 10820115: Applying buckets 54%. Currently on level 9
GA7NW [History INFO] Catching up to ledger 10820115: Applying buckets 58%. Currently on level 9
GA7NW [History INFO] Catching up to ledger 10820115: Applying buckets 61%. Currently on level 9
GA7NW [Bucket INFO] Apply-rates for 9843-entry bucket 9.curr au:215715 ad:6633 tu:48495 td:6290 ou:44835 od:775020 du:28823 dd:0 cu:0 cd:0 T:1125814
GA7NW [Bucket INFO] Entry-counts for 9843-entry bucket 9.curr au:1886 ad:58 tu:424 td:55 ou:392 od:6776 du:252 dd:0 cu:0 cd:0
GA7NW [Bucket INFO] Bucket-apply: 51001 entries in 4.96MB/7.85MB in 3/18 files (63%)
GA7NW [History INFO] Catching up to ledger 10820115: Applying buckets 63%. Currently on level 9
GA7NW [History INFO] Catching up to ledger 10820115: Applying buckets 63%. Currently on level 8
GA7NW [Bucket INFO] Bucket-apply: 55097 entries in 5.37MB/7.85MB in 3/18 files (68%)
GA7NW [History INFO] Catching up to ledger 10820115: Applying buckets 68%. Currently on level 8
GA7NW [History INFO] Catching up to ledger 10820115: Applying buckets 71%. Currently on level 8
GA7NW [History INFO] Catching up to ledger 10820115: Applying buckets 74%. Currently on level 8
GA7NW [Bucket INFO] Apply-rates for 14142-entry bucket 8.snap au:334315 ad:10950 tu:24845 td:2114 ou:5965 od:681392 du:8382 dd:0 cu:0 cd:0 T:1067965
GA7NW [Bucket INFO] Entry-counts for 14142-entry bucket 8.snap au:4427 ad:145 tu:329 td:28 ou:79 od:9023 du:111 dd:0 cu:0 cd:0
GA7NW [Bucket INFO] Bucket-apply: 65143 entries in 5.97MB/7.85MB in 4/18 files (75%)
GA7NW [History INFO] Catching up to ledger 10820115: Applying buckets 75%. Currently on level 8
GA7NW [Bucket INFO] Bucket-apply: 69239 entries in 6.36MB/7.85MB in 4/18 files (80%)
GA7NW [History INFO] Catching up to ledger 10820115: Applying buckets 80%. Currently on level 8
GA7NW [History INFO] Catching up to ledger 10820115: Applying buckets 85%. Currently on level 8
GA7NW [Bucket INFO] Bucket-apply: 77431 entries in 7.06MB/7.85MB in 4/18 files (89%)
GA7NW [History INFO] Catching up to ledger 10820115: Applying buckets 89%. Currently on level 8
GA7NW [Bucket INFO] Apply-rates for 13024-entry bucket 8.curr au:502729 ad:11958 tu:15442 td:1455 ou:3587 od:135392 du:6603 dd:0 cu:0 cd:0 T:677169
GA7NW [Bucket INFO] Entry-counts for 13024-entry bucket 8.curr au:9669 ad:230 tu:297 td:28 ou:69 od:2604 du:127 dd:0 cu:0 cd:0
GA7NW [Bucket INFO] Bucket-apply: 78167 entries in 7.12MB/7.85MB in 5/18 files (90%)
GA7NW [History INFO] Catching up to ledger 10820115: Applying buckets 90%. Currently on level 8
GA7NW [History INFO] Catching up to ledger 10820115: Applying buckets 90%. Currently on level 7
GA7NW [Bucket INFO] Apply-rates for 4051-entry bucket 7.snap au:474215 ad:5202 tu:25860 td:4590 ou:8875 od:99617 du:1530 dd:0 cu:0 cd:0 T:619892
GA7NW [Bucket INFO] Entry-counts for 4051-entry bucket 7.snap au:3099 ad:34 tu:169 td:30 ou:58 od:651 du:10 dd:0 cu:0 cd:0
GA7NW [Bucket INFO] Bucket-apply: 82218 entries in 7.48MB/7.85MB in 6/18 files (95%)
GA7NW [History INFO] Catching up to ledger 10820115: Applying buckets 95%. Currently on level 7
GA7NW [Bucket INFO] Apply-rates for 1093-entry bucket 7.curr au:606003 ad:625 tu:16260 td:625 ou:14383 od:45028 du:625 dd:0 cu:0 cd:0 T:683552
GA7NW [Bucket INFO] Entry-counts for 1093-entry bucket 7.curr au:969 ad:1 tu:26 td:1 ou:23 od:72 du:1 dd:0 cu:0 cd:0
GA7NW [Bucket INFO] Bucket-apply: 83311 entries in 7.59MB/7.85MB in 7/18 files (96%)
GA7NW [History INFO] Catching up to ledger 10820115: Applying buckets 96%. Currently on level 7
GA7NW [History INFO] Catching up to ledger 10820115: Applying buckets 96%. Currently on level 6
GA7NW [Bucket INFO] Apply-rates for 1785-entry bucket 6.snap au:522393 ad:0 tu:12032 td:1002 ou:12032 od:48462 du:668 dd:0 cu:0 cd:0 T:596590
GA7NW [Bucket INFO] Entry-counts for 1785-entry bucket 6.snap au:1563 ad:0 tu:36 td:3 ou:36 od:145 du:2 dd:0 cu:0 cd:0
GA7NW [Bucket INFO] Bucket-apply: 85096 entries in 7.78MB/7.85MB in 8/18 files (99%)
GA7NW [History INFO] Catching up to ledger 10820115: Applying buckets 99%. Currently on level 6
GA7NW [Bucket INFO] Apply-rates for 354-entry bucket 6.curr au:518134 ad:15544 tu:20725 td:0 ou:18998 od:37996 du:0 dd:0 cu:0 cd:0 T:611398
GA7NW [Bucket INFO] Entry-counts for 354-entry bucket 6.curr au:300 ad:9 tu:12 td:0 ou:11 od:22 du:0 dd:0 cu:0 cd:0
GA7NW [Bucket INFO] Bucket-apply: 85450 entries in 7.81MB/7.85MB in 9/18 files (99%)
GA7NW [History INFO] Catching up to ledger 10820115: Applying buckets 99%. Currently on level 5
GA7NW [Bucket INFO] Apply-rates for 156-entry bucket 5.snap au:284530 ad:0 tu:16574 td:0 ou:60773 od:69060 du:0 dd:0 cu:0 cd:0 T:430939
GA7NW [Bucket INFO] Entry-counts for 156-entry bucket 5.snap au:103 ad:0 tu:6 td:0 ou:22 od:25 du:0 dd:0 cu:0 cd:0
GA7NW [Bucket INFO] Bucket-apply: 85606 entries in 7.83MB/7.85MB in 10/18 files (99%)
GA7NW [Bucket INFO] Apply-rates for 62-entry bucket 5.curr au:525423 ad:0 tu:0 td:0 ou:0 od:0 du:0 dd:0 cu:0 cd:0 T:525423
GA7NW [Bucket INFO] Entry-counts for 62-entry bucket 5.curr au:62 ad:0 tu:0 td:0 ou:0 od:0 du:0 dd:0 cu:0 cd:0
GA7NW [Bucket INFO] Bucket-apply: 85668 entries in 7.83MB/7.85MB in 11/18 files (99%)
GA7NW [History INFO] Catching up to ledger 10820115: Applying buckets 99%. Currently on level 4
GA7NW [Bucket INFO] Apply-rates for 89-entry bucket 4.snap au:204460 ad:0 tu:26022 td:0 ou:85501 od:14869 du:0 dd:0 cu:0 cd:0 T:330855
GA7NW [Bucket INFO] Entry-counts for 89-entry bucket 4.snap au:55 ad:0 tu:7 td:0 ou:23 od:4 du:0 dd:0 cu:0 cd:0
GA7NW [Bucket INFO] Bucket-apply: 85757 entries in 7.84MB/7.85MB in 12/18 files (99%)
GA7NW [Bucket INFO] Apply-rates for 13-entry bucket 4.curr au:192307 ad:0 tu:19230 td:0 ou:38461 od:0 du:0 dd:0 cu:0 cd:0 T:250000
GA7NW [Bucket INFO] Entry-counts for 13-entry bucket 4.curr au:10 ad:0 tu:1 td:0 ou:2 od:0 du:0 dd:0 cu:0 cd:0
GA7NW [Bucket INFO] Bucket-apply: 85770 entries in 7.85MB/7.85MB in 13/18 files (99%)
GA7NW [History INFO] Catching up to ledger 10820115: Applying buckets 99%. Currently on level 3
GA7NW [Bucket INFO] Apply-rates for 5-entry bucket 3.snap au:41322 ad:0 tu:0 td:0 ou:0 od:0 du:0 dd:0 cu:0 cd:0 T:41322
GA7NW [Bucket INFO] Entry-counts for 5-entry bucket 3.snap au:5 ad:0 tu:0 td:0 ou:0 od:0 du:0 dd:0 cu:0 cd:0
GA7NW [Bucket INFO] Bucket-apply: 85775 entries in 7.85MB/7.85MB in 14/18 files (99%)
GA7NW [Bucket INFO] Apply-rates for 5-entry bucket 3.curr au:147058 ad:0 tu:0 td:0 ou:0 od:0 du:0 dd:0 cu:0 cd:0 T:147058
GA7NW [Bucket INFO] Entry-counts for 5-entry bucket 3.curr au:5 ad:0 tu:0 td:0 ou:0 od:0 du:0 dd:0 cu:0 cd:0
GA7NW [Bucket INFO] Bucket-apply: 85780 entries in 7.85MB/7.85MB in 15/18 files (99%)
GA7NW [History INFO] Catching up to ledger 10820115: Applying buckets 99%. Currently on level 2
GA7NW [Bucket INFO] Apply-rates for 1-entry bucket 2.snap au:8771 ad:0 tu:0 td:0 ou:0 od:0 du:0 dd:0 cu:0 cd:0 T:8771
GA7NW [Bucket INFO] Entry-counts for 1-entry bucket 2.snap au:1 ad:0 tu:0 td:0 ou:0 od:0 du:0 dd:0 cu:0 cd:0
GA7NW [Bucket INFO] Bucket-apply: 85781 entries in 7.85MB/7.85MB in 16/18 files (99%)
GA7NW [Bucket INFO] Apply-rates for 7-entry bucket 2.curr au:179487 ad:0 tu:0 td:0 ou:0 od:0 du:0 dd:0 cu:0 cd:0 T:179487
GA7NW [Bucket INFO] Entry-counts for 7-entry bucket 2.curr au:7 ad:0 tu:0 td:0 ou:0 od:0 du:0 dd:0 cu:0 cd:0
GA7NW [Bucket INFO] Bucket-apply: 85788 entries in 7.85MB/7.85MB in 17/18 files (99%)
GA7NW [History INFO] Catching up to ledger 10820115: Applying buckets 99%. Currently on level 1
GA7NW [Bucket INFO] Apply-rates for 3-entry bucket 1.snap au:32258 ad:0 tu:0 td:0 ou:0 od:0 du:0 dd:0 cu:0 cd:0 T:32258
GA7NW [Bucket INFO] Entry-counts for 3-entry bucket 1.snap au:3 ad:0 tu:0 td:0 ou:0 od:0 du:0 dd:0 cu:0 cd:0
GA7NW [Bucket INFO] Bucket-apply: 85791 entries in 7.85MB/7.85MB in 18/18 files (100%)
GA7NW [History INFO] Catching up to ledger 10820115: Applying buckets 100%. Currently on level 1
GA7NW [History INFO] Catching up to ledger 10820115: Applying buckets 100%. Currently on level 0
GA7NW [History INFO] ApplyBuckets : done, restarting merges
GA7NW [History INFO] Catching up to ledger 10820115: Succeeded: download-verify-apply-buckets
GA7NW [History INFO] Downloading, unzipping and applying transactions for checkpoint 10820031
GA7NW [History INFO] Downloading, unzipping and applying transactions for checkpoint 10820095
GA7NW [History INFO] Downloading, unzipping and applying transactions for checkpoint 10820159
GA7NW [History INFO] Catching up to ledger 10820115: Download & apply checkpoints: num checkpoints left to apply:3 (0% done)
GA7NW [Tx INFO] applying ledger 10819981 (txs:2, ops:2)
GA7NW [Tx INFO] applying ledger 10819982 (txs:1, ops:1)
GA7NW [Tx INFO] applying ledger 10819983 (txs:1, ops:1)
GA7NW [Tx INFO] applying ledger 10819990 (txs:1, ops:1)
GA7NW [Tx INFO] applying ledger 10819995 (txs:1, ops:1)
GA7NW [Tx INFO] applying ledger 10820001 (txs:1, ops:1)
GA7NW [Tx INFO] applying ledger 10820004 (txs:1, ops:1)
GA7NW [Tx INFO] applying ledger 10820006 (txs:1, ops:1)
GA7NW [Tx INFO] applying ledger 10820012 (txs:1, ops:1)
GA7NW [Tx INFO] applying ledger 10820015 (txs:1, ops:1)
GA7NW [Tx INFO] applying ledger 10820016 (txs:1, ops:1)
GA7NW [Tx INFO] applying ledger 10820017 (txs:1, ops:1)
GA7NW [Tx INFO] applying ledger 10820021 (txs:1, ops:1)
GA7NW [Tx INFO] applying ledger 10820022 (txs:1, ops:1)
GA7NW [Tx INFO] applying ledger 10820026 (txs:1, ops:1)
GA7NW [Tx INFO] applying ledger 10820029 (txs:1, ops:1)
GA7NW [Tx INFO] applying ledger 10820030 (txs:1, ops:1)
GA7NW [History INFO] Catching up to ledger 10820115: Download & apply checkpoints: num checkpoints left to apply:2 (33% done)
GA7NW [Tx INFO] applying ledger 10820032 (txs:1, ops:1)
GA7NW [Tx INFO] applying ledger 10820034 (txs:1, ops:1)
GA7NW [Tx INFO] applying ledger 10820035 (txs:1, ops:14)
GA7NW [Tx INFO] applying ledger 10820036 (txs:1, ops:1)
GA7NW [Tx INFO] applying ledger 10820038 (txs:1, ops:1)
GA7NW [Tx INFO] applying ledger 10820040 (txs:1, ops:1)
GA7NW [Tx INFO] applying ledger 10820041 (txs:2, ops:2)
GA7NW [Tx INFO] applying ledger 10820042 (txs:1, ops:1)
GA7NW [Tx INFO] applying ledger 10820043 (txs:1, ops:1)
GA7NW [Tx INFO] applying ledger 10820057 (txs:1, ops:1)
GA7NW [Tx INFO] applying ledger 10820065 (txs:1, ops:1)
GA7NW [Tx INFO] applying ledger 10820081 (txs:1, ops:1)
GA7NW [Tx INFO] applying ledger 10820089 (txs:1, ops:1)
GA7NW [History INFO] Catching up to ledger 10820115: Download & apply checkpoints: num checkpoints left to apply:1 (66% done)
{"account_id":"GBCDK37IMUCFCJ6HWSUW7DB3BYXMB73IIILP7R6UF7CSYRGKRBKRTKDW","balance":208999640,"buying_liabilities":0,"selling_liabilities":0,"sequence_number":46471894035070976,"num_subentries":0,"inflation_destination":"","flags":0,"home_domain":"","master_weight":1,"threshold_low":0,"threshold_medium":0,"threshold_high":0,"last_modified_ledger":10820081}
{"account_id":"GDNRYDVRRCQHL6DO7WMVVKNQOMHJLY5KFGXGNRB2J7SKCKP5O5Z7P6U3","balance":498877000,"buying_liabilities":0,"selling_liabilities":0,"sequence_number":2372879236738014,"num_subentries":0,"inflation_destination":"","flags":0,"home_domain":"","master_weight":1,"threshold_low":0,"threshold_medium":0,"threshold_high":0,"last_modified_ledger":10820015}
{"account_id":"GA4JOGNSERBO2VZWZWZRKTR3WAS6Y7CE4HUXHXKDIMLLNJUOHRKN4M37","balance":204402501,"buying_liabilities":0,"selling_liabilities":0,"sequence_number":3044251344614411,"num_subentries":0,"inflation_destination":"","flags":0,"home_domain":"","master_weight":1,"threshold_low":0,"threshold_medium":0,"threshold_high":0,"last_modified_ledger":10820043}
{"account_id":"GCASFYI64O5K26OKML2NAM3FAHLW5HZBKPQFZFAPRGXAXC3XN2DN2C2D","balance":498969700,"buying_liabilities":0,"selling_liabilities":0,"sequence_number":2372995200854079,"num_subentries":0,"inflation_destination":"","flags":0,"home_domain":"","master_weight":1,"threshold_low":0,"threshold_medium":0,"threshold_high":0,"last_modified_ledger":10820022}
{"account_id":"GCRLTEL6UGAS7IIYNWULKQCFDTJAGUKHK4LU647WIIXEPFYCZJR7GFM5","balance":208999640,"buying_liabilities":0,"selling_liabilities":0,"sequence_number":46471640632000512,"num_subentries":0,"inflation_destination":"","flags":0,"home_domain":"","master_weight":1,"threshold_low":0,"threshold_medium":0,"threshold_high":0,"last_modified_ledger":10820022}
