{"account_id":"GA4JOGNSERBO2VZWZWZRKTR3WAS6Y7CE4HUXHXKDIMLLNJUOHRKN4M37","balance":204403901,"buying_liabilities":0,"selling_liabilities":0,"sequence_number":3044251344614397,"num_subentries":0,"inflation_destination":"","flags":0,"home_domain":"","master_weight":1,"threshold_low":0,"threshold_medium":0,"threshold_high":0,"last_modified_ledger":10820012}
{"account_id":"GB4CZ2RE3EGDH6GLX4VYYIP4QUPFRQMUWCWQ6KHV5UJTE4H3RW2RH6CT","balance":498879600,"buying_liabilities":0,"selling_liabilities":0,"sequence_number":2373098280070084,"num_subentries":0,"inflation_destination":"","flags":0,"home_domain":"","master_weight":1,"threshold_low":0,"threshold_medium":0,"threshold_high":0,"last_modified_ledger":10820004}
{"account_id":"GD6WU64OEP5C4LRBH6NK3MHYIA2ADN6K6II6EXPNVUR3ERBXT4AN4ACD","balance":512073498817240,"buying_liabilities":0,"selling_liabilities":0,"sequence_number":2319149195853854,"num_subentries":10,"inflation_destination":"","flags":0,"home_domain":"","master_weight":1,"threshold_low":0,"threshold_medium":0,"threshold_high":0,"last_modified_ledger":10820015}
{"account_id":"GA4UTP7UWSFP3ZTTZ74YOYIANND3KDNPYUTSSKR3M36UB2BKXIJB6RNX","balance":208999640,"buying_liabilities":0,"selling_liabilities":0,"sequence_number":46471563322589184,"num_subentries":0,"inflation_destination":"","flags":0,"home_domain":"","master_weight":1,"threshold_low":0,"threshold_medium":0,"threshold_high":0,"last_modified_ledger":10820004}
{"account_id":"GDNRYDVRRCQHL6DO7WMVVKNQOMHJLY5KFGXGNRB2J7SKCKP5O5Z7P6U3","balance":498877000,"buying_liabilities":0,"selling_liabilities":0,"sequence_number":2372879236738014,"num_subentries":0,"inflation_destination":"","flags":0,"home_domain":"","master_weight":1,"threshold_low":0,"threshold_medium":0,"threshold_high":0,"last_modified_ledger":10820015}
