{"account_id":"GDNRYDVRRCQHL6DO7WMVVKNQOMHJLY5KFGXGNRB2J7SKCKP5O5Z7P6U3","balance":498877000,"buying_liabilities":0,"selling_liabilities":0,"sequence_number":2372879236738014,"num_subentries":0,"inflation_destination":"","flags":0,"home_domain":"","master_weight":1,"threshold_low":0,"threshold_medium":0,"threshold_high":0,"last_modified_ledger":10820015}
{"account_id":"GD6WU64OEP5C4LRBH6NK3MHYIA2ADN6K6II6EXPNVUR3ERBXT4AN4ACD","balance":512073498817240,"buying_liabilities":0,"selling_liabilities":0,"sequence_number":2319149195853854,"num_subentries":10,"inflation_destination":"","flags":0,"home_domain":"","master_weight":1,"threshold_low":0,"threshold_medium":0,"threshold_high":0,"last_modified_ledger":10820015}
{"account_id":"GD5SBM627CNPCVW2RUKI7B7H5SECMMG7YUX4JRHNOWV225XSP5KYZ42M","balance":208999640,"buying_liabilities":0,"selling_liabilities":0,"sequence_number":46471610567229440,"num_subentries":0,"inflation_destination":"","flags":0,"home_domain":"","master_weight":1,"threshold_low":0,"threshold_medium":0,"threshold_high":0,"last_modified_ledger":10820015}
