{"asset_amount":130,"asset_code":"BUG","asset_issuer":"GC75UHF5DYWGR5T2AZVAGI7VPVSMUAW6ACJ3BXG3ZVXJQEJA5VBU6BUG","asset_type":"credit_alphanum4","balance_id":"78d7803ba116f986065c7923b41275f01c6603acb253f53103abe85218899300","claimants":[{"destination":"GBRJH345POLYMR2CPIU4EPQSAKSX76L4NCP3W2E7MGT367LNKF3DK56K","predicate":{"abs_before":"2020-12-02T03:40:12Z"}}],"deleted":false,"flags":0,"last_modified_ledger":32878607,"ledger_entry_change":0,"sponsor":"GBGR33CE23GH4XMXHAAYFLOKD353KAHDO3PYFLNC5TEZQB7L6LESD2M5"}
{"asset_amount":120,"asset_code":"BUG","asset_issuer":"GC75UHF5DYWGR5T2AZVAGI7VPVSMUAW6ACJ3BXG3ZVXJQEJA5VBU6BUG","asset_type":"credit_alphanum4","balance_id":"25f55ff386f5f8329e076f47bff10cd6c7c39a7efd9ad4c2e762629e61407d9f","claimants":[{"destination":"GBRJH345POLYMR2CPIU4EPQSAKSX76L4NCP3W2E7MGT367LNKF3DK56K","predicate":{"abs_before":"1970-01-01T00:05:00Z"}}],"deleted":false,"flags":0,"last_modified_ledger":32878508,"ledger_entry_change":0,"sponsor":"GBGR33CE23GH4XMXHAAYFLOKD353KAHDO3PYFLNC5TEZQB7L6LESD2M5"}
{"asset_amount":11,"asset_code":"BUG","asset_issuer":"GC75UHF5DYWGR5T2AZVAGI7VPVSMUAW6ACJ3BXG3ZVXJQEJA5VBU6BUG","asset_type":"credit_alphanum4","balance_id":"446bbc79c503c759275d433b088a89b122981ff104a76bc4fdb8e212a87eae35","claimants":[{"destination":"GBRJH345POLYMR2CPIU4EPQSAKSX76L4NCP3W2E7MGT367LNKF3DK56K","predicate":{"unconditional":true}}],"deleted":false,"flags":0,"last_modified_ledger":32862748,"ledger_entry_change":0,"sponsor":"GBGR33CE23GH4XMXHAAYFLOKD353KAHDO3PYFLNC5TEZQB7L6LESD2M5"}
{"asset_amount":0.1,"asset_code":"BODHI","asset_issuer":"GDCJIHD3623OCYNH65UUQC3NLG2D6YCNCDPZULRLCLOA76TBQRL6A3TF","asset_type":"credit_alphanum12","balance_id":"178826fbfe339e1f5c53417c6fedfe2c05e8bec14303143ec46b38981b09c3f9","claimants":[{"destination":"GBEUDKANIFPTFHPWJ5T3R6RIO36RQBFGHYPAQ6STH7KMNDHAT36LHOLD","predicate":{"unconditional":true}}],"deleted":false,"flags":0,"last_modified_ledger":32747318,"ledger_entry_change":0,"sponsor":"GDCJIHD3623OCYNH65UUQC3NLG2D6YCNCDPZULRLCLOA76TBQRL6A3TF"}
{"asset_amount":1,"asset_code":"XYZ","asset_issuer":"GCQHDR2KSCVNULFX3C2NKFEXNJEUELJVMQAN3OCLAM5KXG4DWQSRMXYZ","asset_type":"credit_alphanum4","balance_id":"59ae3988fb5be90e0c9d8204368dbeaf6f0c73d79f4359e79f7340443562a7ee","claimants":[{"destination":"GCJVNQL746L2VSXGDKZP5DOZWZIE3BXA2GPSRQBH5MCNUYLYDQV7C5LR","predicate":{"unconditional":true}}],"deleted":false,"flags":0,"last_modified_ledger":32802613,"ledger_entry_change":0,"sponsor":"GBGR33CE23GH4XMXHAAYFLOKD353KAHDO3PYFLNC5TEZQB7L6LESD2M5"}
