{"order":0,"ledger_closed_at":"2020-03-20T06:51:58Z","offer_id":180183901,"base_account_address":"GAGVXBG7HMCVVF76A4PHLU5UOOIE2XZCHL7DZTRMUSCKA23WBYZV4XV7","base_asset_code":"WXT","base_asset_issuer":"GASBLVHS5FOABSDNW5SPPH3QRJYXY5JHA2AOA2QHH2FJLZBRXSG4SWXT","base_asset_type":"credit_alphanum4","base_amount":38137084,"counter_account_address":"GCRBUTZ4XXHKWB33ULBHGOZJVSJ6ZNYLLEE3OXOVRJ5GOMXEIRV47CPR","counter_asset_code":"","counter_asset_issuer":"","counter_asset_type":"native","counter_amount":8962207,"base_is_seller":true,"price_n":8962207,"price_d":38137084,"base_offer_id":180183901,"counter_offer_id":180482212,"history_operation_id":123567347272642560}
{"order":0,"ledger_closed_at":"2020-03-20T06:52:24Z","offer_id":180482418,"base_account_address":"GA7HVIVKZZSADU3BHXZNF34GHZBB5FVLQCFJNSQRVVRRVU3ISWLBHCE5","base_asset_code":"BTC","base_asset_issuer":"GCNSGHUCG5VMGLT5RIYYZSO7VQULQKAJ62QA33DBC5PPBSO57LFWVV6P","base_asset_type":"credit_alphanum4","base_amount":374,"counter_account_address":"GA7HVIVKZZSADU3BHXZNF34GHZBB5FVLQCFJNSQRVVRRVU3ISWLBHCE5","counter_asset_code":"","counter_asset_issuer":"","counter_asset_type":"native","counter_amount":57012196,"base_is_seller":true,"price_n":57012196,"price_d":374,"base_offer_id":180482418,"counter_offer_id":4735253387174518785,"history_operation_id":123567368747130881}
{"order":0,"ledger_closed_at":"2020-03-20T06:52:29Z","offer_id":180482476,"base_account_address":"GAVQ57KVU7OCHCUWTSKI6XD7BNHKXNQRTM4KMVTPAAQOEKVBJKND5GWL","base_asset_code":"LTC","base_asset_issuer":"GCNSGHUCG5VMGLT5RIYYZSO7VQULQKAJ62QA33DBC5PPBSO57LFWVV6P","base_asset_type":"credit_alphanum4","base_amount":67674,"counter_account_address":"GAVQ57KVU7OCHCUWTSKI6XD7BNHKXNQRTM4KMVTPAAQOEKVBJKND5GWL","counter_asset_code":"","counter_asset_issuer":"","counter_asset_type":"native","counter_amount":64821840,"base_is_seller":true,"price_n":64821840,"price_d":67674,"base_offer_id":180482476,"counter_offer_id":4735253391469518849,"history_operation_id":123567373042130945}
{"order":0,"ledger_closed_at":"2020-03-20T06:52:40Z","offer_id":180482595,"base_account_address":"GDSRB5ZZRR5MKOIIFAK6UVYI5KKDU4VDJWN4DDRWIFVQVGJOJYQENF4B","base_asset_code":"ETH","base_asset_issuer":"GBETHKBL5TCUTQ3JPDIYOZ5RDARTMHMEKIO2QZQ7IOZ4YC5XV3C2IKYU","base_asset_type":"credit_alphanum4","base_amount":70989,"counter_account_address":"GDSRB5ZZRR5MKOIIFAK6UVYI5KKDU4VDJWN4DDRWIFVQVGJOJYQENF4B","counter_asset_code":"BTC","counter_asset_issuer":"GATEMHCCKCY67ZUCKTROYN24ZYT5GK4EQZ65JJLDHKHRUZI3EUEKMTCH","counter_asset_type":"credit_alphanum4","counter_amount":1568,"base_is_seller":true,"price_n":1568,"price_d":70989,"base_offer_id":180482595,"counter_offer_id":4735253400059674625,"history_operation_id":123567381632286721}
{"order":0,"ledger_closed_at":"2020-03-20T06:52:51Z","offer_id":180414411,"base_account_address":"GCT6D6VZHB3XJZCSGZSHP7P3QCA323HS5NISXJAYC4BTFTCB7PPQLMEG","base_asset_code":"","base_asset_issuer":"","base_asset_type":"native","base_amount":36355,"counter_account_address":"GBUKR44ZQSVL3YGUGRLKJO35BFMQIBPWWA6YXQ3CZHNSKGMW5KNOVAAK","counter_asset_code":"USD","counter_asset_issuer":"GB2O5PBQJDAFCNM2U2DIMVAEI7ISOYL4UJDTLN42JYYXAENKBWY6OBKZ","counter_asset_type":"credit_alphanum4","counter_amount":1491,"base_is_seller":true,"price_n":1491,"price_d":36355,"base_offer_id":180414411,"counter_offer_id":4735253408649334790,"history_operation_id":123567390221946886}
