{"buying_account_address":"GCRBUTZ4XXHKWB33ULBHGOZJVSJ6ZNYLLEE3OXOVRJ5GOMXEIRV47CPR","buying_amount":0.8962207,"buying_asset_code":"","buying_asset_id":-5706705804583548011,"buying_asset_issuer":"","buying_asset_type":"native","buying_offer_id":180482212,"history_operation_id":123567347272642561,"ledger_closed_at":"2020-03-20T06:51:58Z","liquidity_pool_fee":null,"order":0,"price_d":5000000,"price_n":1174999,"rounding_slippage":null,"seller_is_exact":null,"selling_account_address":"GAGVXBG7HMCVVF76A4PHLU5UOOIE2XZCHL7DZTRMUSCKA23WBYZV4XV7","selling_amount":3.8137084,"selling_asset_code":"WXT","selling_asset_id":2944132876123214754,"selling_asset_issuer":"GASBLVHS5FOABSDNW5SPPH3QRJYXY5JHA2AOA2QHH2FJLZBRXSG4SWXT","selling_asset_type":"credit_alphanum4","selling_liquidity_pool_id":null,"selling_offer_id":180183901,"trade_type":1}
{"buying_account_address":"GBUZVP3L3M6SIWO64OIUUH6SEJZNTH3ZTDXE3Y4XSQ3RCPO57T3KH4ID","buying_amount":5.7012196,"buying_asset_code":"","buying_asset_id":-5706705804583548011,"buying_asset_issuer":"","buying_asset_type":"native","buying_offer_id":4735253387174518786,"history_operation_id":123567368747130882,"ledger_closed_at":"2020-03-20T06:52:24Z","liquidity_pool_fee":null,"order":0,"price_d":41,"price_n":6250000,"rounding_slippage":null,"seller_is_exact":null,"selling_account_address":"GA7HVIVKZZSADU3BHXZNF34GHZBB5FVLQCFJNSQRVVRRVU3ISWLBHCE5","selling_amount":0.0000374,"selling_asset_code":"BTC","selling_asset_id":7329738490470361369,"selling_asset_issuer":"GCNSGHUCG5VMGLT5RIYYZSO7VQULQKAJ62QA33DBC5PPBSO57LFWVV6P","selling_asset_type":"credit_alphanum4","selling_liquidity_pool_id":null,"selling_offer_id":180482418,"trade_type":1}
{"buying_account_address":"GAX3BQJXVDJIZJTFUBUYKAME5LA4YC67AUFMIPMREEORYLR5NPAOJRIJ","buying_amount":6.482184,"buying_asset_code":"","buying_asset_id":-5706705804583548011,"buying_asset_issuer":"","buying_asset_type":"native","buying_offer_id":4735253391469518850,"history_operation_id":123567373042130946,"ledger_closed_at":"2020-03-20T06:52:29Z","liquidity_pool_fee":null,"order":0,"price_d":261,"price_n":250000,"rounding_slippage":null,"seller_is_exact":null,"selling_account_address":"GAVQ57KVU7OCHCUWTSKI6XD7BNHKXNQRTM4KMVTPAAQOEKVBJKND5GWL","selling_amount":0.0067674,"selling_asset_code":"LTC","selling_asset_id":-7099674325738561615,"selling_asset_issuer":"GCNSGHUCG5VMGLT5RIYYZSO7VQULQKAJ62QA33DBC5PPBSO57LFWVV6P","selling_asset_type":"credit_alphanum4","selling_liquidity_pool_id":null,"selling_offer_id":180482476,"trade_type":1}
{"buying_account_address":"GCDG3E3H7YRRVQSPQWKRZM63OQCNKDT6U5JXWCJVOQQPXYJL567FB65H","buying_amount":0.0001568,"buying_asset_code":"BTC","buying_asset_id":-987579192165161786,"buying_asset_issuer":"GATEMHCCKCY67ZUCKTROYN24ZYT5GK4EQZ65JJLDHKHRUZI3EUEKMTCH","buying_asset_type":"credit_alphanum4","buying_offer_id":4735253400059674626,"history_operation_id":123567381632286722,"ledger_closed_at":"2020-03-20T06:52:40Z","liquidity_pool_fee":null,"order":0,"price_d":125000,"price_n":2761,"rounding_slippage":null,"seller_is_exact":null,"selling_account_address":"GDSRB5ZZRR5MKOIIFAK6UVYI5KKDU4VDJWN4DDRWIFVQVGJOJYQENF4B","selling_amount":0.0070989,"selling_asset_code":"ETH","selling_asset_id":-1263439084570834758,"selling_asset_issuer":"GBETHKBL5TCUTQ3JPDIYOZ5RDARTMHMEKIO2QZQ7IOZ4YC5XV3C2IKYU","selling_asset_type":"credit_alphanum4","selling_liquidity_pool_id":null,"selling_offer_id":180482595,"trade_type":1}
{"buying_account_address":"GBUKR44ZQSVL3YGUGRLKJO35BFMQIBPWWA6YXQ3CZHNSKGMW5KNOVAAK","buying_amount":0.0001491,"buying_asset_code":"USD","buying_asset_id":1074361283329747561,"buying_asset_issuer":"GB2O5PBQJDAFCNM2U2DIMVAEI7ISOYL4UJDTLN42JYYXAENKBWY6OBKZ","buying_asset_type":"credit_alphanum4","buying_offer_id":4735253408649334791,"history_operation_id":123567390221946887,"ledger_closed_at":"2020-03-20T06:52:51Z","liquidity_pool_fee":null,"order":0,"price_d":5000000,"price_n":205057,"rounding_slippage":null,"seller_is_exact":null,"selling_account_address":"GCT6D6VZHB3XJZCSGZSHP7P3QCA323HS5NISXJAYC4BTFTCB7PPQLMEG","selling_amount":0.0036355,"selling_asset_code":"","selling_asset_id":-5706705804583548011,"selling_asset_issuer":"","selling_asset_type":"native","selling_liquidity_pool_id":null,"selling_offer_id":180414411,"trade_type":1}
