{"buying_account_address":"GCRBUTZ4XXHKWB33ULBHGOZJVSJ6ZNYLLEE3OXOVRJ5GOMXEIRV47CPR","buying_amount":0.8962207,"buying_asset_code":"","buying_asset_id":-5706705804583548011,"buying_asset_issuer":"","buying_asset_type":"native","buying_offer_id":180482212,"history_operation_id":123567347272642561,"ledger_closed_at":"2020-03-20T06:51:58Z","liquidity_pool_fee":null,"order":0,"price_d":5000000,"price_n":1174999,"rounding_slippage":null,"seller_is_exact":null,"selling_account_address":"GAGVXBG7HMCVVF76A4PHLU5UOOIE2XZCHL7DZTRMUSCKA23WBYZV4XV7","selling_amount":3.8137084,"selling_asset_code":"WXT","selling_asset_id":2944132876123214754,"selling_asset_issuer":"GASBLVHS5FOABSDNW5SPPH3QRJYXY5JHA2AOA2QHH2FJLZBRXSG4SWXT","selling_asset_type":"credit_alphanum4","selling_liquidity_pool_id":null,"selling_offer_id":180183901,"trade_type":1}
