{"closed_at":"2024-03-06T04:16:02Z","contract_code_ext_v":0,"contract_code_hash":"327edc2902457a23eb19d9150fdc3e3688f8b1246b01ce57965684192a5655c9","deleted":false,"last_modified_ledger":50666990,"ledger_entry_change":0,"ledger_key_hash":"a03fa9cedda10beee10bb254bdca9a5cf76b19f6fcd687eb7fce8d347042674d","ledger_key_hash_base_64":"AAAABzJ+3CkCRXoj6xnZFQ/cPjaI+LEkawHOV5ZWhBkqVlXJ","ledger_sequence":50666990,"n_data_segment_bytes":0,"n_data_segments":0,"n_elem_segments":0,"n_exports":0,"n_functions":0,"n_globals":0,"n_imports":0,"n_instructions":0,"n_table_entries":0,"n_types":0}
{"closed_at":"2024-03-06T04:16:19Z","contract_code_ext_v":0,"contract_code_hash":"8d151d7c213d1d72437a4bc17173d93b4fee7150bd7ff111e6e55cf698f9e4f9","deleted":false,"last_modified_ledger":50666993,"ledger_entry_change":0,"ledger_key_hash":"4ab32af46628e984012e7f9fe440f2ecfb7a7367ff4f580af9aa60c027e9c14b","ledger_key_hash_base_64":"AAAAB40VHXwhPR1yQ3pLwXFz2TtP7nFQvX/xEeblXPaY+eT5","ledger_sequence":50666993,"n_data_segment_bytes":0,"n_data_segments":0,"n_elem_segments":0,"n_exports":0,"n_functions":0,"n_globals":0,"n_imports":0,"n_instructions":0,"n_table_entries":0,"n_types":0}
