{"account_id":"GDVXG2FMFFSUMMMBIUEMWPZAIU2FNCH7QNGJMWRXRD6K5FZK5KJS4DDR","balance":399.9991,"buying_liabilities":0,"closed_at":"2015-10-09T05:34:10Z","deleted":false,"flags":0,"home_domain":"buhrmi.de","inflation_destination":"","last_modified_ledger":138501,"ledger_entry_change":1,"ledger_sequence":138501,"master_weight":1,"num_sponsored":0,"num_sponsoring":0,"num_subentries":3,"selling_liabilities":0,"sequence_ledger":0,"sequence_number":85164906512393,"sequence_time":0,"sponsor":null,"threshold_high":0,"threshold_low":0,"threshold_medium":0}
{"account_id":"GDVXG2FMFFSUMMMBIUEMWPZAIU2FNCH7QNGJMWRXRD6K5FZK5KJS4DDR","asset_code":"CHP","asset_id":2955895939263014472,"asset_issuer":"GDW3CNKSP5AOTDQ2YCKNGC6L65CE4JDX3JS5BV427OB54HCF2J4PUEVG","asset_type":"credit_alphanum4","balance":0,"buying_liabilities":0,"closed_at":"2015-10-09T05:34:10Z","deleted":false,"flags":1,"last_modified_ledger":138501,"ledger_entry_change":1,"ledger_key":"AAAAAQAAAADrc2isKWVGMYFFCMs/IEU0Voj/g0yWWjeI/K6XKuqTLgAAAAFDSFAAAAAAAO2xNVJ/QOmOGsCU0wvL90ROJHfaZdDXmvuD3hxF0nj6","ledger_sequence":138501,"liquidity_pool_id":"","selling_liabilities":0,"sponsor":null,"trust_line_limit":1000000000}
{"account_id":"GDVXG2FMFFSUMMMBIUEMWPZAIU2FNCH7QNGJMWRXRD6K5FZK5KJS4DDR","balance":399.999,"buying_liabilities":0,"closed_at":"2015-10-09T07:11:58Z","deleted":false,"flags":0,"home_domain":"buhrmi.de","inflation_destination":"","last_modified_ledger":139672,"ledger_entry_change":1,"ledger_sequence":139672,"master_weight":1,"num_sponsored":0,"num_sponsoring":0,"num_subentries":3,"selling_liabilities":0,"sequence_ledger":0,"sequence_number":85164906512394,"sequence_time":0,"sponsor":null,"threshold_high":0,"threshold_low":0,"threshold_medium":0}
{"account_id":"GDVXG2FMFFSUMMMBIUEMWPZAIU2FNCH7QNGJMWRXRD6K5FZK5KJS4DDR","asset_code":"CHP","asset_id":2955895939263014472,"asset_issuer":"GDW3CNKSP5AOTDQ2YCKNGC6L65CE4JDX3JS5BV427OB54HCF2J4PUEVG","asset_type":"credit_alphanum4","balance":0,"buying_liabilities":0,"closed_at":"2015-10-09T07:11:58Z","deleted":false,"flags":1,"last_modified_ledger":139672,"ledger_entry_change":1,"ledger_key":"AAAAAQAAAADrc2isKWVGMYFFCMs/IEU0Voj/g0yWWjeI/K6XKuqTLgAAAAFDSFAAAAAAAO2xNVJ/QOmOGsCU0wvL90ROJHfaZdDXmvuD3hxF0nj6","ledger_sequence":139672,"liquidity_pool_id":"","selling_liabilities":0,"sponsor":null,"trust_line_limit":100000000000000000}
{"account_id":"GDVXG2FMFFSUMMMBIUEMWPZAIU2FNCH7QNGJMWRXRD6K5FZK5KJS4DDR","balance":399.9989,"buying_liabilities":0,"closed_at":"2015-10-09T07:48:59Z","deleted":false,"flags":0,"home_domain":"buhrmi.de","inflation_destination":"","last_modified_ledger":140112,"ledger_entry_change":1,"ledger_sequence":140112,"master_weight":1,"num_sponsored":0,"num_sponsoring":0,"num_subentries":4,"selling_liabilities":0,"sequence_ledger":0,"sequence_number":85164906512395,"sequence_time":0,"sponsor":null,"threshold_high":0,"threshold_low":0,"threshold_medium":0}
{"account_id":"GDVXG2FMFFSUMMMBIUEMWPZAIU2FNCH7QNGJMWRXRD6K5FZK5KJS4DDR","balance":399.9988,"buying_liabilities":0,"closed_at":"2015-10-09T07:49:20Z","deleted":false,"flags":0,"home_domain":"buhrmi.de","inflation_destination":"","last_modified_ledger":140116,"ledger_entry_change":1,"ledger_sequence":140116,"master_weight":1,"num_sponsored":0,"num_sponsoring":0,"num_subentries":3,"selling_liabilities":0,"sequence_ledger":0,"sequence_number":85164906512396,"sequence_time":0,"sponsor":null,"threshold_high":0,"threshold_low":0,"threshold_medium":0}
{"amount":5,"buying_asset_code":"CHP","buying_asset_id":-9171812256751713192,"buying_asset_issuer":"GDW3CNKSP5AOTDQ2YCKNGC6L65CE4JDX3JS5BV427OB54HCF2J4PUEVG","buying_asset_type":"credit_alphanum4","closed_at":"2015-10-09T07:48:59Z","deleted":false,"flags":0,"last_modified_ledger":140112,"ledger_entry_change":0,"ledger_sequence":140112,"offer_id":3,"price":5,"priced":1,"pricen":5,"seller_id":"GDVXG2FMFFSUMMMBIUEMWPZAIU2FNCH7QNGJMWRXRD6K5FZK5KJS4DDR","selling_asset_code":"KARMA","selling_asset_id":-1183679427872410963,"selling_asset_issuer":"GDVXG2FMFFSUMMMBIUEMWPZAIU2FNCH7QNGJMWRXRD6K5FZK5KJS4DDR","selling_asset_type":"credit_alphanum12","sponsor":null}
{"amount":5,"buying_asset_code":"CHP","buying_asset_id":-9171812256751713192,"buying_asset_issuer":"GDW3CNKSP5AOTDQ2YCKNGC6L65CE4JDX3JS5BV427OB54HCF2J4PUEVG","buying_asset_type":"credit_alphanum4","closed_at":"2015-10-09T07:49:20Z","deleted":true,"flags":0,"last_modified_ledger":140112,"ledger_entry_change":2,"ledger_sequence":140116,"offer_id":3,"price":5,"priced":1,"pricen":5,"seller_id":"GDVXG2FMFFSUMMMBIUEMWPZAIU2FNCH7QNGJMWRXRD6K5FZK5KJS4DDR","selling_asset_code":"KARMA","selling_asset_id":-1183679427872410963,"selling_asset_issuer":"GDVXG2FMFFSUMMMBIUEMWPZAIU2FNCH7QNGJMWRXRD6K5FZK5KJS4DDR","selling_asset_type":"credit_alphanum12","sponsor":null}
