{"account_id":"GDVXG2FMFFSUMMMBIUEMWPZAIU2FNCH7QNGJMWRXRD6K5FZK5KJS4DDR","balance":399.9991,"buying_liabilities":0,"deleted":false,"flags":0,"home_domain":"buhrmi.de","inflation_destination":"","last_modified_ledger":138501,"ledger_entry_change":1,"master_weight":1,"num_subentries":3,"selling_liabilities":0,"sequence_number":85164906512393,"threshold_high":0,"threshold_low":0,"threshold_medium":0}
{"account_id":"GDVXG2FMFFSUMMMBIUEMWPZAIU2FNCH7QNGJMWRXRD6K5FZK5KJS4DDR","asset_code":"CHP","asset_issuer":"GDW3CNKSP5AOTDQ2YCKNGC6L65CE4JDX3JS5BV427OB54HCF2J4PUEVG","asset_type":1,"balance":0,"buying_liabilities":0,"deleted":false,"flags":1,"last_modified_ledger":138501,"ledger_entry_change":1,"ledger_key":"AAAAAQAAAADrc2isKWVGMYFFCMs/IEU0Voj/g0yWWjeI/K6XKuqTLgAAAAFDSFAAAAAAAO2xNVJ/QOmOGsCU0wvL90ROJHfaZdDXmvuD3hxF0nj6","liquidity_pool_id":"","selling_liabilities":0,"sponsor":null,"trust_line_limit":1000000000}
{"account_id":"GDVXG2FMFFSUMMMBIUEMWPZAIU2FNCH7QNGJMWRXRD6K5FZK5KJS4DDR","balance":399.999,"buying_liabilities":0,"deleted":false,"flags":0,"home_domain":"buhrmi.de","inflation_destination":"","last_modified_ledger":139672,"ledger_entry_change":1,"master_weight":1,"num_subentries":3,"selling_liabilities":0,"sequence_number":85164906512394,"threshold_high":0,"threshold_low":0,"threshold_medium":0}
{"account_id":"GDVXG2FMFFSUMMMBIUEMWPZAIU2FNCH7QNGJMWRXRD6K5FZK5KJS4DDR","asset_code":"CHP","asset_issuer":"GDW3CNKSP5AOTDQ2YCKNGC6L65CE4JDX3JS5BV427OB54HCF2J4PUEVG","asset_type":1,"balance":0,"buying_liabilities":0,"deleted":false,"flags":1,"last_modified_ledger":139672,"ledger_entry_change":1,"ledger_key":"AAAAAQAAAADrc2isKWVGMYFFCMs/IEU0Voj/g0yWWjeI/K6XKuqTLgAAAAFDSFAAAAAAAO2xNVJ/QOmOGsCU0wvL90ROJHfaZdDXmvuD3hxF0nj6","liquidity_pool_id":"","selling_liabilities":0,"sponsor":null,"trust_line_limit":100000000000000000}
{"account_id":"GDVXG2FMFFSUMMMBIUEMWPZAIU2FNCH7QNGJMWRXRD6K5FZK5KJS4DDR","balance":399.9988,"buying_liabilities":0,"deleted":false,"flags":0,"home_domain":"buhrmi.de","inflation_destination":"","last_modified_ledger":140116,"ledger_entry_change":1,"master_weight":1,"num_subentries":3,"selling_liabilities":0,"sequence_number":85164906512396,"threshold_high":0,"threshold_low":0,"threshold_medium":0}
