{"closed_at":"2025-09-02T16:21:32Z","last_modified_ledger":327184,"ledger_entry_type":"LedgerEntryTypeContractData","ledger_key_hash":"AAAABgAAAAHnz9SFZUWDFkIynRmQlcxvoZ3stVuJiF702L4aIUPWQQAAABQAAAAB","ledger_sequence":327184}
{"closed_at":"2025-09-02T16:21:32Z","last_modified_ledger":327184,"ledger_entry_type":"LedgerEntryTypeTtl","ledger_key_hash":"AAAACQ3qRWtBe+5u7gzekWfoJx7WhSC8pnn1Rz0d5iL+x82H","ledger_sequence":327184}
