{"closed_at":"2025-09-03T19:38:29Z","last_modified_ledger":58764192,"ledger_entry_type":"LedgerEntryTypeContractData","ledger_key_hash":"AAAABgAAAAEltPzYWa7C+mNIQ4xImzw8EMmLbSG+T9PLMMtolT75dwAAABAAAAABAAAAAgAAAA8AAAAHQmFsYW5jZQAAAAASAAAAAa7XTb1IQgQ4Asjn/8+RGMeo8afOtLWZgmtI47kirEzyAAAAAQ==","ledger_sequence":58764192}
{"closed_at":"2025-09-03T19:38:29Z","last_modified_ledger":58764192,"ledger_entry_type":"LedgerEntryTypeTtl","ledger_key_hash":"AAAACZbtN5bzv9w+9EGWb9YQC/sf/HyTd8ev8OOe+tjtNMr2","ledger_sequence":58764192}
