{"account_id":"GDVXG2FMFFSUMMMBIUEMWPZAIU2FNCH7QNGJMWRXRD6K5FZK5KJS4DDR","balance":399.9988,"buying_liabilities":0,"deleted":false,"flags":0,"home_domain":"buhrmi.de","inflation_destination":"","last_modified_ledger":140116,"ledger_entry_change":1,"master_weight":1,"num_subentries":3,"selling_liabilities":0,"sequence_number":85164906512396,"threshold_high":0,"threshold_low":0,"threshold_medium":0}
{"amount":5,"buying_asset":11895178857805506348,"deleted":true,"flags":0,"last_modified_ledger":140112,"ledger_entry_change":2,"offer_id":3,"price":5,"priced":1,"pricen":5,"seller_id":"GDVXG2FMFFSUMMMBIUEMWPZAIU2FNCH7QNGJMWRXRD6K5FZK5KJS4DDR","selling_asset":7451830047032365029}
