{"account_id":"GDVXG2FMFFSUMMMBIUEMWPZAIU2FNCH7QNGJMWRXRD6K5FZK5KJS4DDR","balance":3999988000,"buying_liabilities":0,"selling_liabilities":0,"sequence_number":85164906512396,"num_subentries":3,"inflation_destination":"","flags":0,"home_domain":"buhrmi.de","master_weight":1,"threshold_low":0,"threshold_medium":0,"threshold_high":0,"last_modified_ledger":140116,"deleted":false}
{"seller_id":"GDVXG2FMFFSUMMMBIUEMWPZAIU2FNCH7QNGJMWRXRD6K5FZK5KJS4DDR","offer_id":3,"selling_asset":"AAAAAktBUk1BAAAAAAAAAAAAAADrc2isKWVGMYFFCMs/IEU0Voj/g0yWWjeI/K6XKuqTLg==","buying_asset":"AAAAAUNIUAAAAAAA7bE1Un9A6Y4awJTTC8v3RE4kd9pl0Nea+4PeHEXSePo=","amount":50000000,"pricen":5,"priced":1,"price":5,"flags":0,"last_modified_ledger":140112,"deleted":true}
